Component: ARM Compiler 5.06 update 6 (build 750) Tool: armlink [4d35ed]

==============================================================================

Section Cross References

    gpio.o(i.gpio_init) refers to memseta.o(.text) for __aeabi_memclr4
    gpio.o(i.gpio_init) refers to stm32f4xx_hal_gpio.o(i.HAL_GPIO_Init) for HAL_GPIO_Init
    gpio.o(i.led_init) refers to stm32f4xx_hal_gpio.o(i.HAL_GPIO_WritePin) for HAL_GPIO_WritePin
    gpio.o(i.led_init) refers to stm32f4xx_hal_gpio.o(i.HAL_GPIO_Init) for HAL_GPIO_Init
    gpio.o(i.led_task) refers to time.o(i.millis) for millis
    gpio.o(i.led_task) refers to stm32f4xx_hal_gpio.o(i.HAL_GPIO_TogglePin) for HAL_GPIO_TogglePin
    gpio.o(i.led_task) refers to gpio.o(.data) for tick
    gpio.o(i.usb_insert_task) refers to stm32f4xx_hal_gpio.o(i.HAL_GPIO_ReadPin) for HAL_GPIO_ReadPin
    gpio.o(i.usb_insert_task) refers to stm32f4xx_hal.o(i.HAL_Delay) for HAL_Delay
    gpio.o(i.usb_insert_task) refers to stm32f4xx_hal_cortex.o(i.HAL_NVIC_SystemReset) for HAL_NVIC_SystemReset
    main.o(i.bk_up_init) refers to stm32f4xx_hal_pwr.o(i.HAL_PWR_EnableBkUpAccess) for HAL_PWR_EnableBkUpAccess
    main.o(i.bk_up_init) refers to stm32f4xx_hal_pwr_ex.o(i.HAL_PWREx_EnableBkUpReg) for HAL_PWREx_EnableBkUpReg
    main.o(i.clk_conf) refers to memseta.o(.text) for __aeabi_memclr4
    main.o(i.clk_conf) refers to stm32f4xx_hal_rcc.o(i.HAL_RCC_OscConfig) for HAL_RCC_OscConfig
    main.o(i.clk_conf) refers to main.o(i.Error_Handler) for Error_Handler
    main.o(i.clk_conf) refers to stm32f4xx_hal_rcc.o(i.HAL_RCC_ClockConfig) for HAL_RCC_ClockConfig
    main.o(i.main) refers to main.o(i.sys_remap) for sys_remap
    main.o(i.main) refers to stm32f4xx_hal.o(i.HAL_Init) for HAL_Init
    main.o(i.main) refers to main.o(i.clk_conf) for clk_conf
    main.o(i.main) refers to time.o(i.time_init) for time_init
    main.o(i.main) refers to gpio.o(i.gpio_init) for gpio_init
    main.o(i.main) refers to dma.o(i.dma_init) for dma_init
    main.o(i.main) refers to usart.o(i.usart_init) for usart_init
    main.o(i.main) refers to gpio.o(i.led_init) for led_init
    main.o(i.main) refers to stm32f4xx_hal_gpio.o(i.HAL_GPIO_WritePin) for HAL_GPIO_WritePin
    main.o(i.main) refers to stm32f4xx_hal_gpio.o(i.HAL_GPIO_TogglePin) for HAL_GPIO_TogglePin
    main.o(i.main) refers to main.o(i.bk_up_init) for bk_up_init
    main.o(i.main) refers to gnss_fix2.o(i.g_init_fix2_struct) for g_init_fix2_struct
    main.o(i.main) refers to stm32f4xx_hal_gpio.o(i.HAL_GPIO_ReadPin) for HAL_GPIO_ReadPin
    main.o(i.main) refers to stm32f4xx_hal.o(i.HAL_Delay) for HAL_Delay
    main.o(i.main) refers to usb_device.o(i.usb_device_init) for usb_device_init
    main.o(i.main) refers to gpio.o(i.led_task) for led_task
    main.o(i.main) refers to printf6.o(i.__0printf$6) for __2printf
    main.o(i.main) refers to gnss.o(i.gnss_init) for gnss_init
    main.o(i.main) refers to uavcan.o(i.uavcan_init) for uavcan_init
    main.o(i.main) refers to main.o(i.params_init) for params_init
    main.o(i.main) refers to gnss.o(i.rtk_task) for rtk_task
    main.o(i.main) refers to gnss.o(i.ppk_task) for ppk_task
    main.o(i.main) refers to uavcan.o(i.uavcan_task) for uavcan_task
    main.o(i.main) refers to gpio.o(i.usb_insert_task) for usb_insert_task
    main.o(i.main) refers to usart.o(.bss) for huart3
    main.o(i.params_init) refers to param.o(.data) for sk3_select
    main.o(i.params_init) refers to main.o(.data) for SK3_STANDARD
    main.o(i.system_reboot) refers to stm32f4xx_hal_cortex.o(i.HAL_NVIC_SystemReset) for HAL_NVIC_SystemReset
    time.o(i.SysTick_Handler) refers to stm32f4xx_hal.o(i.HAL_IncTick) for HAL_IncTick
    time.o(i.SysTick_Handler) refers to stm32f4xx_hal_cortex.o(i.HAL_SYSTICK_IRQHandler) for HAL_SYSTICK_IRQHandler
    time.o(i.SysTick_Handler) refers to time.o(.data) for sys_tick_uptime
    time.o(i.delay_ms) refers to stm32f4xx_hal.o(i.HAL_Delay) for HAL_Delay
    time.o(i.delay_us) refers to time.o(i.micros) for micros
    time.o(i.micros) refers to time.o(i.micros_isr) for micros_isr
    time.o(i.micros) refers to uldiv.o(.text) for __aeabi_uldivmod
    time.o(i.micros) refers to time.o(.data) for sys_tick_uptime
    time.o(i.micros_isr) refers to uldiv.o(.text) for __aeabi_uldivmod
    time.o(i.micros_isr) refers to time.o(.data) for sys_tick_pending
    time.o(i.millis) refers to time.o(.data) for sys_tick_uptime
    time.o(i.sys_boot_time) refers to time.o(i.micros) for micros
    time.o(i.sys_boot_time) refers to uldiv.o(.text) for __aeabi_uldivmod
    time.o(i.sys_boot_time) refers to time.o(.data) for started_at_sec
    time.o(i.time_init) refers to stm32f4xx_hal_rcc.o(i.HAL_RCC_GetHCLKFreq) for HAL_RCC_GetHCLKFreq
    time.o(i.time_init) refers to stm32f4xx_hal_cortex.o(i.HAL_SYSTICK_Config) for HAL_SYSTICK_Config
    time.o(i.time_init) refers to stm32f4xx_hal_cortex.o(i.HAL_SYSTICK_CLKSourceConfig) for HAL_SYSTICK_CLKSourceConfig
[...]
    hdma_usart3_rx                           0x200082c8   Data          96  usart.o(.bss)
    hdma_usart3_tx                           0x20008328   Data          96  usart.o(.bss)
    hdma_usart6_rx                           0x20008388   Data          96  usart.o(.bss)
    hdma_usart6_tx                           0x200083e8   Data          96  usart.o(.bss)
    disk                                     0x20008468   Data          12  ff_gen_drv.o(.bss)
    SDFatFS                                  0x20008474   Data         564  fatfs.o(.bss)
    SDFile                                   0x200086a8   Data         560  fatfs.o(.bss)
    hsd                                      0x200088d8   Data         132  sdio.o(.bss)
    hdma_sdio_rx                             0x2000895c   Data          96  sdio.o(.bss)
    hdma_sdio_tx                             0x200089bc   Data          96  sdio.o(.bss)
    hcan1                                    0x20008a1c   Data          40  can_bus.o(.bss)
    hcan2                                    0x20008a44   Data          40  can_bus.o(.bss)
    g_canard1                                0x20008a6c   Data          36  uavcan.o(.bss)
    can_frame_ins                            0x2000b290   Data       20488  uavcan.o(.bss)
    auxiliary                                0x2001036c   Data          32  gnss_auxiliary.o(.bss)
    fix2                                     0x2001038c   Data          80  gnss_fix2.o(.bss)
    covariance_data                          0x200103dc   Data          12  gnss_fix2.o(.bss)
    gnss_ECEFPositionVelocity                0x200103e8   Data          44  gnss_fix2.o(.bss)
    MagneticFieldStrength_Data               0x20010414   Data          16  ahrs_magneticfieldstrength.o(.bss)
    hUsbDeviceFS                             0x20010424   Data         720  usb_device.o(.bss)
    hpcd_USB_OTG_FS                          0x200106f4   Data        1032  usbd_conf.o(.bss)
    USBD_StrDesc                             0x20010afc   Data         512  usbd_desc.o(.bss)
    pFlash                                   0x20010cfc   Data          32  stm32f4xx_hal_flash.o(.bss)
    __heap_base                              0x20010d20   Data           0  startup_stm32f405xx.o(HEAP)
    __heap_limit                             0x20011d20   Data           0  startup_stm32f405xx.o(HEAP)
    __initial_sp                             0x20012d20   Data           0  startup_stm32f405xx.o(STACK)



==============================================================================

Memory Map of the image

  Image Entry point : 0x08010189

  Load Region LR_IROM1 (Base: 0x08010000, Size: 0x0003d4bc, Max: 0x000f0000, ABSOLUTE, COMPRESSED[0x0003d280])

    Execution Region ER_IROM1 (Exec base: 0x08010000, Load base: 0x08010000, Size: 0x0003d150, Max: 0x000f0000, ABSOLUTE)

    Exec Addr    Load Addr    Size         Type   Attr      Idx    E Section Name        Object

    0x08010000   0x08010000   0x00000188   Data   RO         1298    RESET               startup_stm32f405xx.o
    0x08010188   0x08010188   0x00000000   Code   RO         8026  * .ARM.Collect$$$$00000000  mc_w.l(entry.o)
    0x08010188   0x08010188   0x00000004   Code   RO         8376    .ARM.Collect$$$$00000001  mc_w.l(entry2.o)
    0x0801018c   0x0801018c   0x00000004   Code   RO         8379    .ARM.Collect$$$$00000004  mc_w.l(entry5.o)
    0x08010190   0x08010190   0x00000000   Code   RO         8381    .ARM.Collect$$$$00000008  mc_w.l(entry7b.o)
    0x08010190   0x08010190   0x00000000   Code   RO         8383    .ARM.Collect$$$$0000000A  mc_w.l(entry8b.o)
    0x08010190   0x08010190   0x00000008   Code   RO         8384    .ARM.Collect$$$$0000000B  mc_w.l(entry9a.o)
    0x08010198   0x08010198   0x00000000   Code   RO         8386    .ARM.Collect$$$$0000000D  mc_w.l(entry10a.o)
    0x08010198   0x08010198   0x00000000   Code   RO         8388    .ARM.Collect$$$$0000000F  mc_w.l(entry11a.o)
    0x08010198   0x08010198   0x00000004   Code   RO         8377    .ARM.Collect$$$$00002712  mc_w.l(entry2.o)
    0x0801019c   0x0801019c   0x00000024   Code   RO         1299    .text               startup_stm32f405xx.o
    0x080101c0   0x080101c0   0x00000062   Code   RO         8029    .text               mc_w.l(uldiv.o)
    0x08010222   0x08010222   0x0000001e   Code   RO         8031    .text               mc_w.l(llshl.o)
    0x08010240   0x08010240   0x00000020   Code   RO         8033    .text               mc_w.l(llushr.o)
    0x08010260   0x08010260   0x00000024   Code   RO         8035    .text               mc_w.l(memcpya.o)
    0x08010284   0x08010284   0x00000024   Code   RO         8037    .text               mc_w.l(memseta.o)
    0x080102a8   0x080102a8   0x0000000e   Code   RO         8039    .text               mc_w.l(strlen.o)
    0x080102b6   0x080102b6   0x0000001e   Code   RO         8041    .text               mc_w.l(strncmp.o)
    0x080102d4   0x080102d4   0x0000014e   Code   RO         8334    .text               mf_w.l(dadd.o)
    0x08010422   0x08010422   0x000000e4   Code   RO         8336    .text               mf_w.l(dmul.o)
    0x08010506   0x08010506   0x000000de   Code   RO         8338    .text               mf_w.l(ddiv.o)
    0x080105e4   0x080105e4   0x0000003e   Code   RO         8340    .text               mf_w.l(dfixi.o)
    0x08010622   0x08010622   0x0000004a   Code   RO         8342    .text               mf_w.l(dfixl.o)
    0x0801066c   0x0801066c   0x00000026   Code   RO         8344    .text               mf_w.l(f2d.o)
    0x08010692   0x08010692   0x00000038   Code   RO         8346    .text               mf_w.l(d2f.o)
    0x080106ca   0x080106ca   0x0000002c   Code   RO         8391    .text               mc_w.l(uidiv.o)
    0x080106f6   0x080106f6   0x00000024   Code   RO         8393    .text               mc_w.l(llsshr.o)
    0x0801071a   0x0801071a   0x00000000   Code   RO         8404    .text               mc_w.l(iusefp.o)
    0x0801071a   0x0801071a   0x0000006e   Code   RO         8405    .text               mf_w.l(fepilogue.o)
    0x08010788   0x08010788   0x000000ba   Code   RO         8407    .text               mf_w.l(depilogue.o)
    0x08010842   0x08010842   0x00000002   PAD
    0x08010844   0x08010844   0x00000024   Code   RO         8425    .text               mc_w.l(init.o)
    0x08010868   0x08010868   0x00000022   Code   RO         8427    .text               mf_w.l(dflti.o)
    0x0801088a   0x0801088a   0x0000001a   Code   RO         8429    .text               mf_w.l(dfltui.o)
    0x080108a4   0x080108a4   0x00000056   Code   RO         8439    .text               mc_w.l(__dczerorl2.o)
    0x080108fa   0x080108fa   0x00000002   Code   RO         1973    i.BSP_SD_AbortCallback  bsp_driver_sd.o
    0x080108fc   0x080108fc   0x00000014   Code   RO         1976    i.BSP_SD_GetCardInfo  bsp_driver_sd.o
    0x08010910   0x08010910   0x00000018   Code   RO         1977    i.BSP_SD_GetCardState  bsp_driver_sd.o
    0x08010928   0x08010928   0x00000030   Code   RO         1979    i.BSP_SD_Init       bsp_driver_sd.o
    0x08010958   0x08010958   0x0000000c   Code   RO         1980    i.BSP_SD_IsDetected  bsp_driver_sd.o
    0x08010964   0x08010964   0x00000028   Code   RO         1982    i.BSP_SD_ReadBlocks_DMA  bsp_driver_sd.o
    0x0801098c   0x0801098c   0x0000000c   Code   RO         2120    i.BSP_SD_ReadCpltCallback  sd_diskio.o
    0x08010998   0x08010998   0x00000028   Code   RO         1985    i.BSP_SD_WriteBlocks_DMA  bsp_driver_sd.o
    0x080109c0   0x080109c0   0x0000000c   Code   RO         2121    i.BSP_SD_WriteCpltCallback  sd_diskio.o
    0x080109cc   0x080109cc   0x00000004   Code   RO         1093    i.BusFault_Handler  stm32f4xx_it.o
    0x080109d0   0x080109d0   0x0000000e   Code   RO         1094    i.CAN1_RX1_IRQHandler  stm32f4xx_it.o
    0x080109de   0x080109de   0x00000002   PAD
    0x080109e0   0x080109e0   0x00000024   Code   RO          553    i.CRC32Value        gnss.o
    0x08010a04   0x08010a04   0x0000002e   Code   RO          554    i.CalculateBlockCRC32  gnss.o
    0x08010a32   0x08010a32   0x00000002   PAD
    0x08010a34   0x08010a34   0x00000010   Code   RO         1095    i.DMA1_Stream1_IRQHandler  stm32f4xx_it.o
    0x08010a44   0x08010a44   0x00000010   Code   RO         1096    i.DMA1_Stream3_IRQHandler  stm32f4xx_it.o
    0x08010a54   0x08010a54   0x00000010   Code   RO         1097    i.DMA1_Stream5_IRQHandler  stm32f4xx_it.o
    0x08010a64   0x08010a64   0x00000010   Code   RO         1098    i.DMA1_Stream6_IRQHandler  stm32f4xx_it.o
    0x08010a74   0x08010a74   0x00000010   Code   RO         1099    i.DMA2_Stream1_IRQHandler  stm32f4xx_it.o
    0x08010a84   0x08010a84   0x00000010   Code   RO         1100    i.DMA2_Stream2_IRQHandler  stm32f4xx_it.o
    0x08010a94   0x08010a94   0x00000010   Code   RO         1101    i.DMA2_Stream3_IRQHandler  stm32f4xx_it.o
    0x08010aa4   0x08010aa4   0x00000010   Code   RO         1102    i.DMA2_Stream6_IRQHandler  stm32f4xx_it.o
    0x08010ab4   0x08010ab4   0x00000010   Code   RO         1103    i.DMA2_Stream7_IRQHandler  stm32f4xx_it.o
    0x08010ac4   0x08010ac4   0x00000034   Code   RO         5563    i.DMA_CalcBaseAndBitshift  stm32f4xx_hal_dma.o
    0x08010af8   0x08010af8   0x000000aa   Code   RO         5564    i.DMA_CheckFifoParam  stm32f4xx_hal_dma.o
    0x08010ba2   0x08010ba2   0x0000002c   Code   RO         5565    i.DMA_SetConfig     stm32f4xx_hal_dma.o
    0x08010bce   0x08010bce   0x00000002   Code   RO         1104    i.DebugMon_Handler  stm32f4xx_it.o
    0x08010bd0   0x08010bd0   0x00000002   Code   RO          173    i.Error_Handler     main.o
    0x08010bd2   0x08010bd2   0x00000012   Code   RO         1746    i.FATFS_LinkDriver  ff_gen_drv.o
    0x08010be4   0x08010be4   0x00000054   Code   RO         1747    i.FATFS_LinkDriverEx  ff_gen_drv.o
    0x08010c38   0x08010c38   0x0000005c   Code   RO         5333    i.FLASH_Erase_Sector  stm32f4xx_hal_flash_ex.o
    0x08010c94   0x08010c94   0x00000024   Code   RO         5215    i.FLASH_Program_Byte  stm32f4xx_hal_flash.o
    0x08010cb8   0x08010cb8   0x0000003c   Code   RO         5216    i.FLASH_Program_DoubleWord  stm32f4xx_hal_flash.o
    0x08010cf4   0x08010cf4   0x00000028   Code   RO         5217    i.FLASH_Program_HalfWord  stm32f4xx_hal_flash.o
    0x08010d1c   0x08010d1c   0x00000028   Code   RO         5218    i.FLASH_Program_Word  stm32f4xx_hal_flash.o
    0x08010d44   0x08010d44   0x00000098   Code   RO         5219    i.FLASH_SetErrorCode  stm32f4xx_hal_flash.o
    0x08010ddc   0x08010ddc   0x00000064   Code   RO         5220    i.FLASH_WaitForLastOperation  stm32f4xx_hal_flash.o
    0x08010e40   0x08010e40   0x00000034   Code   RO         4348    i.Get_SerialNum     usbd_desc.o
    0x08010e74   0x08010e74   0x0000002a   Code   RO         7772    i.HAL_CAN_ActivateNotification  stm32f4xx_hal_can.o
    0x08010e9e   0x08010e9e   0x00000156   Code   RO         7773    i.HAL_CAN_AddTxMessage  stm32f4xx_hal_can.o
    0x08010ff4   0x08010ff4   0x00000124   Code   RO         7774    i.HAL_CAN_ConfigFilter  stm32f4xx_hal_can.o
    0x08011118   0x08011118   0x00000002   Code   RO         7777    i.HAL_CAN_ErrorCallback  stm32f4xx_hal_can.o
    0x0801111a   0x0801111a   0x0000017a   Code   RO         7780    i.HAL_CAN_GetRxMessage  stm32f4xx_hal_can.o
    0x08011294   0x08011294   0x00000036   Code   RO         7782    i.HAL_CAN_GetTxMailboxesFreeLevel  stm32f4xx_hal_can.o
    0x080112ca   0x080112ca   0x0000024e   Code   RO         7784    i.HAL_CAN_IRQHandler  stm32f4xx_hal_can.o
    0x08011518   0x08011518   0x00000174   Code   RO         7785    i.HAL_CAN_Init      stm32f4xx_hal_can.o
    0x0801168c   0x0801168c   0x00000002   Code   RO         7789    i.HAL_CAN_MspInit   stm32f4xx_hal_can.o
    0x0801168e   0x0801168e   0x00000002   Code   RO         7792    i.HAL_CAN_RxFifo0FullCallback  stm32f4xx_hal_can.o
    0x08011690   0x08011690   0x00000002   Code   RO         7793    i.HAL_CAN_RxFifo0MsgPendingCallback  stm32f4xx_hal_can.o
    0x08011692   0x08011692   0x00000002   Code   RO         7794    i.HAL_CAN_RxFifo1FullCallback  stm32f4xx_hal_can.o
    0x08011694   0x08011694   0x00000060   Code   RO         2528    i.HAL_CAN_RxFifo1MsgPendingCallback  uavcan.o
    0x080116f4   0x080116f4   0x00000002   Code   RO         7796    i.HAL_CAN_SleepCallback  stm32f4xx_hal_can.o
    0x080116f6   0x080116f6   0x0000005e   Code   RO         7797    i.HAL_CAN_Start     stm32f4xx_hal_can.o
    0x08011754   0x08011754   0x00000002   Code   RO         7799    i.HAL_CAN_TxMailbox0AbortCallback  stm32f4xx_hal_can.o
    0x08011756   0x08011756   0x00000002   Code   RO         7800    i.HAL_CAN_TxMailbox0CompleteCallback  stm32f4xx_hal_can.o
    0x08011758   0x08011758   0x00000002   Code   RO         7801    i.HAL_CAN_TxMailbox1AbortCallback  stm32f4xx_hal_can.o
    0x0801175a   0x0801175a   0x00000002   Code   RO         7802    i.HAL_CAN_TxMailbox1CompleteCallback  stm32f4xx_hal_can.o
    0x0801175c   0x0801175c   0x00000002   Code   RO         7803    i.HAL_CAN_TxMailbox2AbortCallback  stm32f4xx_hal_can.o
    0x0801175e   0x0801175e   0x00000002   Code   RO         7804    i.HAL_CAN_TxMailbox2CompleteCallback  stm32f4xx_hal_can.o
    0x08011760   0x08011760   0x00000002   Code   RO         7806    i.HAL_CAN_WakeUpFromRxMsgCallback  stm32f4xx_hal_can.o
    0x08011762   0x08011762   0x00000028   Code   RO         5567    i.HAL_DMA_Abort_IT  stm32f4xx_hal_dma.o
    0x0801178a   0x0801178a   0x00000006   Code   RO         5569    i.HAL_DMA_GetError  stm32f4xx_hal_dma.o
    0x08011790   0x08011790   0x00000240   Code   RO         5571    i.HAL_DMA_IRQHandler  stm32f4xx_hal_dma.o
    0x080119d0   0x080119d0   0x000000ec   Code   RO         5572    i.HAL_DMA_Init      stm32f4xx_hal_dma.o
    0x08011abc   0x08011abc   0x00000092   Code   RO         5576    i.HAL_DMA_Start_IT  stm32f4xx_hal_dma.o
    0x08011b4e   0x08011b4e   0x00000002   PAD
    0x08011b50   0x08011b50   0x00000028   Code   RO         5990    i.HAL_Delay         stm32f4xx_hal.o
    0x08011b78   0x08011b78   0x00000014   Code   RO         5224    i.HAL_FLASH_Lock    stm32f4xx_hal_flash.o
    0x08011b8c   0x08011b8c   0x00000098   Code   RO         5229    i.HAL_FLASH_Program  stm32f4xx_hal_flash.o
    0x08011c24   0x08011c24   0x00000034   Code   RO         5231    i.HAL_FLASH_Unlock  stm32f4xx_hal_flash.o
    0x08011c58   0x08011c58   0x00000200   Code   RO         5459    i.HAL_GPIO_Init     stm32f4xx_hal_gpio.o
    0x08011e58   0x08011e58   0x00000010   Code   RO         5461    i.HAL_GPIO_ReadPin  stm32f4xx_hal_gpio.o
    0x08011e68   0x08011e68   0x00000012   Code   RO         5462    i.HAL_GPIO_TogglePin  stm32f4xx_hal_gpio.o
    0x08011e7a   0x08011e7a   0x0000000c   Code   RO         5463    i.HAL_GPIO_WritePin  stm32f4xx_hal_gpio.o
    0x08011e86   0x08011e86   0x00000002   PAD
    0x08011e88   0x08011e88   0x0000000c   Code   RO         5996    i.HAL_GetTick       stm32f4xx_hal.o
    0x08011e94   0x08011e94   0x0000000c   Code   RO         5999    i.HAL_GetUIDw0      stm32f4xx_hal.o
    0x08011ea0   0x08011ea0   0x0000000c   Code   RO         6000    i.HAL_GetUIDw1      stm32f4xx_hal.o
    0x08011eac   0x08011eac   0x0000000c   Code   RO         6001    i.HAL_GetUIDw2      stm32f4xx_hal.o
    0x08011eb8   0x08011eb8   0x00000018   Code   RO         6002    i.HAL_IncTick       stm32f4xx_hal.o
    0x08011ed0   0x08011ed0   0x0000003c   Code   RO         6003    i.HAL_Init          stm32f4xx_hal.o
    0x08011f0c   0x08011f0c   0x0000004c   Code   RO         6004    i.HAL_InitTick      stm32f4xx_hal.o
    0x08011f58   0x08011f58   0x00000048   Code   RO         1069    i.HAL_MspInit       stm32f4xx_hal_msp.o
    0x08011fa0   0x08011fa0   0x00000020   Code   RO         5848    i.HAL_NVIC_EnableIRQ  stm32f4xx_hal_cortex.o
    0x08011fc0   0x08011fc0   0x0000007c   Code   RO         5854    i.HAL_NVIC_SetPriority  stm32f4xx_hal_cortex.o
    0x0801203c   0x0801203c   0x00000028   Code   RO         5855    i.HAL_NVIC_SetPriorityGrouping  stm32f4xx_hal_cortex.o
    0x08012064   0x08012064   0x00000044   Code   RO         5856    i.HAL_NVIC_SystemReset  stm32f4xx_hal_cortex.o
    0x080120a8   0x080120a8   0x00000002   Code   RO         4712    i.HAL_PCDEx_LPM_Callback  stm32f4xx_hal_pcd_ex.o
    0x080120aa   0x080120aa   0x0000000a   Code   RO         4713    i.HAL_PCDEx_SetRxFiFo  stm32f4xx_hal_pcd_ex.o
    0x080120b4   0x080120b4   0x0000004e   Code   RO         4714    i.HAL_PCDEx_SetTxFiFo  stm32f4xx_hal_pcd_ex.o
    0x08012102   0x08012102   0x0000000e   Code   RO         4153    i.HAL_PCD_ConnectCallback  usbd_conf.o
    0x08012110   0x08012110   0x00000020   Code   RO         4154    i.HAL_PCD_DataInStageCallback  usbd_conf.o
    0x08012130   0x08012130   0x00000020   Code   RO         4155    i.HAL_PCD_DataOutStageCallback  usbd_conf.o
    0x08012150   0x08012150   0x0000000e   Code   RO         4156    i.HAL_PCD_DisconnectCallback  usbd_conf.o
    0x0801215e   0x0801215e   0x0000006a   Code   RO         4495    i.HAL_PCD_EP_Close  stm32f4xx_hal_pcd.o
    0x080121c8   0x080121c8   0x0000007c   Code   RO         4496    i.HAL_PCD_EP_ClrStall  stm32f4xx_hal_pcd.o
    0x08012244   0x08012244   0x00000044   Code   RO         4497    i.HAL_PCD_EP_Flush  stm32f4xx_hal_pcd.o
    0x08012288   0x08012288   0x00000016   Code   RO         4498    i.HAL_PCD_EP_GetRxCount  stm32f4xx_hal_pcd.o
    0x0801229e   0x0801229e   0x0000008c   Code   RO         4499    i.HAL_PCD_EP_Open   stm32f4xx_hal_pcd.o
    0x0801232a   0x0801232a   0x00000058   Code   RO         4500    i.HAL_PCD_EP_Receive  stm32f4xx_hal_pcd.o
    0x08012382   0x08012382   0x0000008a   Code   RO         4501    i.HAL_PCD_EP_SetStall  stm32f4xx_hal_pcd.o
    0x0801240c   0x0801240c   0x0000005a   Code   RO         4502    i.HAL_PCD_EP_Transmit  stm32f4xx_hal_pcd.o
    0x08012466   0x08012466   0x0000055c   Code   RO         4504    i.HAL_PCD_IRQHandler  stm32f4xx_hal_pcd.o
    0x080129c2   0x080129c2   0x00000012   Code   RO         4157    i.HAL_PCD_ISOINIncompleteCallback  usbd_conf.o
    0x080129d4   0x080129d4   0x00000012   Code   RO         4158    i.HAL_PCD_ISOOUTIncompleteCallback  usbd_conf.o
    0x080129e6   0x080129e6   0x00000166   Code   RO         4507    i.HAL_PCD_Init      stm32f4xx_hal_pcd.o
    0x08012b4c   0x08012b4c   0x000000a8   Code   RO         4160    i.HAL_PCD_MspInit   usbd_conf.o
    0x08012bf4   0x08012bf4   0x00000030   Code   RO         4161    i.HAL_PCD_ResetCallback  usbd_conf.o
    0x08012c24   0x08012c24   0x0000000e   Code   RO         4162    i.HAL_PCD_ResumeCallback  usbd_conf.o
    0x08012c32   0x08012c32   0x0000000e   Code   RO         4163    i.HAL_PCD_SOFCallback  usbd_conf.o
    0x08012c40   0x08012c40   0x00000036   Code   RO         4513    i.HAL_PCD_SetAddress  stm32f4xx_hal_pcd.o
    0x08012c76   0x08012c76   0x00000012   Code   RO         4164    i.HAL_PCD_SetupStageCallback  usbd_conf.o
    0x08012c88   0x08012c88   0x0000004a   Code   RO         4515    i.HAL_PCD_Start     stm32f4xx_hal_pcd.o
    0x08012cd2   0x08012cd2   0x00000002   PAD
    0x08012cd4   0x08012cd4   0x00000034   Code   RO         4165    i.HAL_PCD_SuspendCallback  usbd_conf.o
    0x08012d08   0x08012d08   0x0000003c   Code   RO         5792    i.HAL_PWREx_EnableBkUpReg  stm32f4xx_hal_pwr_ex.o
    0x08012d44   0x08012d44   0x0000000c   Code   RO         5676    i.HAL_PWR_EnableBkUpAccess  stm32f4xx_hal_pwr.o
    0x08012d50   0x08012d50   0x00000184   Code   RO         5060    i.HAL_RCC_ClockConfig  stm32f4xx_hal_rcc.o
    0x08012ed4   0x08012ed4   0x0000000c   Code   RO         5065    i.HAL_RCC_GetHCLKFreq  stm32f4xx_hal_rcc.o
    0x08012ee0   0x08012ee0   0x00000020   Code   RO         5067    i.HAL_RCC_GetPCLK1Freq  stm32f4xx_hal_rcc.o
    0x08012f00   0x08012f00   0x00000020   Code   RO         5068    i.HAL_RCC_GetPCLK2Freq  stm32f4xx_hal_rcc.o
    0x08012f20   0x08012f20   0x000000b0   Code   RO         5069    i.HAL_RCC_GetSysClockFreq  stm32f4xx_hal_rcc.o
    0x08012fd0   0x08012fd0   0x00000488   Code   RO         5072    i.HAL_RCC_OscConfig  stm32f4xx_hal_rcc.o
    0x08013458   0x08013458   0x00000012   Code   RO         6947    i.HAL_RTCEx_BKUPRead  stm32f4xx_hal_rtc_ex.o
    0x0801346a   0x0801346a   0x00000012   Code   RO         6948    i.HAL_RTCEx_BKUPWrite  stm32f4xx_hal_rtc_ex.o
    0x0801347c   0x0801347c   0x0000000a   Code   RO         1987    i.HAL_SD_AbortCallback  bsp_driver_sd.o
    0x08013486   0x08013486   0x00000002   PAD
    0x08013488   0x08013488   0x000000a8   Code   RO         6520    i.HAL_SD_ConfigWideBusOperation  stm32f4xx_hal_sd.o
    0x08013530   0x08013530   0x00000002   Code   RO         6523    i.HAL_SD_ErrorCallback  stm32f4xx_hal_sd.o
    0x08013532   0x08013532   0x00000002   PAD
    0x08013534   0x08013534   0x000001c8   Code   RO         6525    i.HAL_SD_GetCardCSD  stm32f4xx_hal_sd.o
    0x080136fc   0x080136fc   0x00000026   Code   RO         6526    i.HAL_SD_GetCardInfo  stm32f4xx_hal_sd.o
    0x08013722   0x08013722   0x00000024   Code   RO         6527    i.HAL_SD_GetCardState  stm32f4xx_hal_sd.o
    0x08013746   0x08013746   0x00000002   PAD
    0x08013748   0x08013748   0x0000021c   Code   RO         6531    i.HAL_SD_IRQHandler  stm32f4xx_hal_sd.o
    0x08013964   0x08013964   0x0000003c   Code   RO         6532    i.HAL_SD_Init       stm32f4xx_hal_sd.o
    0x080139a0   0x080139a0   0x00000084   Code   RO         6533    i.HAL_SD_InitCard   stm32f4xx_hal_sd.o
    0x08013a24   0x08013a24   0x0000018c   Code   RO         2198    i.HAL_SD_MspInit    sdio.o
    0x08013bb0   0x08013bb0   0x00000154   Code   RO         6537    i.HAL_SD_ReadBlocks_DMA  stm32f4xx_hal_sd.o
    0x08013d04   0x08013d04   0x00000014   Code   RO         1988    i.HAL_SD_RxCpltCallback  bsp_driver_sd.o
    0x08013d18   0x08013d18   0x00000014   Code   RO         1989    i.HAL_SD_TxCpltCallback  bsp_driver_sd.o
    0x08013d2c   0x08013d2c   0x00000158   Code   RO         6542    i.HAL_SD_WriteBlocks_DMA  stm32f4xx_hal_sd.o
    0x08013e84   0x08013e84   0x00000028   Code   RO         5857    i.HAL_SYSTICK_CLKSourceConfig  stm32f4xx_hal_cortex.o
    0x08013eac   0x08013eac   0x00000002   Code   RO         5858    i.HAL_SYSTICK_Callback  stm32f4xx_hal_cortex.o
    0x08013eae   0x08013eae   0x00000034   Code   RO         5859    i.HAL_SYSTICK_Config  stm32f4xx_hal_cortex.o
    0x08013ee2   0x08013ee2   0x00000008   Code   RO         5860    i.HAL_SYSTICK_IRQHandler  stm32f4xx_hal_cortex.o
    0x08013eea   0x08013eea   0x00000002   Code   RO         7195    i.HAL_UART_ErrorCallback  stm32f4xx_hal_uart.o
    0x08013eec   0x08013eec   0x00000154   Code   RO         7198    i.HAL_UART_IRQHandler  stm32f4xx_hal_uart.o
    0x08014040   0x08014040   0x00000072   Code   RO         7199    i.HAL_UART_Init     stm32f4xx_hal_uart.o
    0x080140b2   0x080140b2   0x00000002   PAD
    0x080140b4   0x080140b4   0x000003e0   Code   RO          901    i.HAL_UART_MspInit  usart.o
    0x08014494   0x08014494   0x000000c4   Code   RO         7203    i.HAL_UART_Receive_DMA  stm32f4xx_hal_uart.o
    0x08014558   0x08014558   0x00000002   Code   RO         7205    i.HAL_UART_RxCpltCallback  stm32f4xx_hal_uart.o
    0x0801455a   0x0801455a   0x00000002   Code   RO         7206    i.HAL_UART_RxHalfCpltCallback  stm32f4xx_hal_uart.o
    0x0801455c   0x0801455c   0x0000009c   Code   RO         7208    i.HAL_UART_Transmit_DMA  stm32f4xx_hal_uart.o
    0x080145f8   0x080145f8   0x00000002   Code   RO         7210    i.HAL_UART_TxCpltCallback  stm32f4xx_hal_uart.o
    0x080145fa   0x080145fa   0x00000002   Code   RO         7211    i.HAL_UART_TxHalfCpltCallback  stm32f4xx_hal_uart.o
    0x080145fc   0x080145fc   0x00000004   Code   RO         1105    i.HardFault_Handler  stm32f4xx_it.o
    0x08014600   0x08014600   0x0000003e   Code   RO         4349    i.IntToUnicode      usbd_desc.o
    0x0801463e   0x0801463e   0x00000044   Code   RO         3886    i.MSC_BOT_Abort     usbd_msc_bot.o
    0x08014682   0x08014682   0x00000002   PAD
    0x08014684   0x08014684   0x000000e0   Code   RO         3887    i.MSC_BOT_CBW_Decode  usbd_msc_bot.o
    0x08014764   0x08014764   0x00000040   Code   RO         3888    i.MSC_BOT_CplClrFeature  usbd_msc_bot.o
    0x080147a4   0x080147a4   0x0000004a   Code   RO         3889    i.MSC_BOT_DataIn    usbd_msc_bot.o
    0x080147ee   0x080147ee   0x00000040   Code   RO         3890    i.MSC_BOT_DataOut   usbd_msc_bot.o
    0x0801482e   0x0801482e   0x0000000a   Code   RO         3891    i.MSC_BOT_DeInit    usbd_msc_bot.o
    0x08014838   0x08014838   0x00000044   Code   RO         3892    i.MSC_BOT_Init      usbd_msc_bot.o
    0x0801487c   0x0801487c   0x00000030   Code   RO         3893    i.MSC_BOT_Reset     usbd_msc_bot.o
    0x080148ac   0x080148ac   0x0000003c   Code   RO         3894    i.MSC_BOT_SendCSW   usbd_msc_bot.o
    0x080148e8   0x080148e8   0x0000004c   Code   RO         3895    i.MSC_BOT_SendData  usbd_msc_bot.o
    0x08014934   0x08014934   0x0000006c   Code   RO         1853    i.MX_FATFS_Init     fatfs.o
    0x080149a0   0x080149a0   0x00000024   Code   RO         2199    i.MX_SDIO_SD_Init   sdio.o
    0x080149c4   0x080149c4   0x00000048   Code   RO          902    i.MX_USART1_UART_Init  usart.o
    0x08014a0c   0x08014a0c   0x00000048   Code   RO          903    i.MX_USART2_UART_Init  usart.o
    0x08014a54   0x08014a54   0x00000048   Code   RO          904    i.MX_USART3_UART_Init  usart.o
    0x08014a9c   0x08014a9c   0x00000004   Code   RO         1106    i.MemManage_Handler  stm32f4xx_it.o
    0x08014aa0   0x08014aa0   0x00000002   Code   RO         1107    i.NMI_Handler       stm32f4xx_it.o
    0x08014aa2   0x08014aa2   0x00000002   PAD
    0x08014aa4   0x08014aa4   0x00000010   Code   RO         1108    i.OTG_FS_IRQHandler  stm32f4xx_it.o
    0x08014ab4   0x08014ab4   0x00000064   Code   RO         4518    i.PCD_EP_OutSetupPacket_int  stm32f4xx_hal_pcd.o
    0x08014b18   0x08014b18   0x0000017c   Code   RO         4519    i.PCD_EP_OutXfrComplete_int  stm32f4xx_hal_pcd.o
    0x08014c94   0x08014c94   0x000000b6   Code   RO         4520    i.PCD_WriteEmptyTxFifo  stm32f4xx_hal_pcd.o
    0x08014d4a   0x08014d4a   0x00000002   Code   RO         1109    i.PendSV_Handler    stm32f4xx_it.o
    0x08014d4c   0x08014d4c   0x00000022   Code   RO         3989    i.SCSI_AllowPreventRemovable  usbd_msc_scsi.o
    0x08014d6e   0x08014d6e   0x00000032   Code   RO         3990    i.SCSI_CheckAddressRange  usbd_msc_scsi.o
    0x08014da0   0x08014da0   0x000000a4   Code   RO         3991    i.SCSI_Inquiry      usbd_msc_scsi.o
    0x08014e44   0x08014e44   0x0000002c   Code   RO         3992    i.SCSI_ModeSense10  usbd_msc_scsi.o
    0x08014e70   0x08014e70   0x0000002c   Code   RO         3993    i.SCSI_ModeSense6   usbd_msc_scsi.o
    0x08014e9c   0x08014e9c   0x0000014a   Code   RO         3994    i.SCSI_ProcessCmd   usbd_msc_scsi.o
    0x08014fe6   0x08014fe6   0x000000ac   Code   RO         3995    i.SCSI_ProcessRead  usbd_msc_scsi.o
    0x08015092   0x08015092   0x000000d4   Code   RO         3996    i.SCSI_ProcessWrite  usbd_msc_scsi.o
    0x08015166   0x08015166   0x000000ec   Code   RO         3997    i.SCSI_Read10       usbd_msc_scsi.o
    0x08015252   0x08015252   0x000000f8   Code   RO         3998    i.SCSI_Read12       usbd_msc_scsi.o
    0x0801534a   0x0801534a   0x0000008a   Code   RO         3999    i.SCSI_ReadCapacity10  usbd_msc_scsi.o
    0x080153d4   0x080153d4   0x000000cc   Code   RO         4000    i.SCSI_ReadCapacity16  usbd_msc_scsi.o
    0x080154a0   0x080154a0   0x00000098   Code   RO         4001    i.SCSI_ReadFormatCapacity  usbd_msc_scsi.o
    0x08015538   0x08015538   0x000000aa   Code   RO         4002    i.SCSI_RequestSense  usbd_msc_scsi.o
    0x080155e2   0x080155e2   0x00000048   Code   RO         4003    i.SCSI_SenseCode    usbd_msc_scsi.o
    0x0801562a   0x0801562a   0x0000006a   Code   RO         4004    i.SCSI_StartStopUnit  usbd_msc_scsi.o
    0x08015694   0x08015694   0x00000072   Code   RO         4005    i.SCSI_TestUnitReady  usbd_msc_scsi.o
    0x08015706   0x08015706   0x00000020   Code   RO         4006    i.SCSI_UpdateBotData  usbd_msc_scsi.o
    0x08015726   0x08015726   0x0000004c   Code   RO         4007    i.SCSI_Verify10     usbd_msc_scsi.o
    0x08015772   0x08015772   0x00000130   Code   RO         4008    i.SCSI_Write10      usbd_msc_scsi.o
    0x080158a2   0x080158a2   0x00000140   Code   RO         4009    i.SCSI_Write12      usbd_msc_scsi.o
    0x080159e2   0x080159e2   0x0000002c   Code   RO         6241    i.SDIO_ConfigData   stm32f4xx_ll_sdmmc.o
    0x08015a0e   0x08015a0e   0x00000008   Code   RO         6242    i.SDIO_GetCommandResponse  stm32f4xx_ll_sdmmc.o
    0x08015a16   0x08015a16   0x0000000a   Code   RO         6245    i.SDIO_GetPowerState  stm32f4xx_ll_sdmmc.o
    0x08015a20   0x08015a20   0x0000000c   Code   RO         6246    i.SDIO_GetResponse  stm32f4xx_ll_sdmmc.o
    0x08015a2c   0x08015a2c   0x00000010   Code   RO         1110    i.SDIO_IRQHandler   stm32f4xx_it.o
    0x08015a3c   0x08015a3c   0x00000034   Code   RO         6247    i.SDIO_Init         stm32f4xx_ll_sdmmc.o
    0x08015a70   0x08015a70   0x00000012   Code   RO         6249    i.SDIO_PowerState_ON  stm32f4xx_ll_sdmmc.o
    0x08015a82   0x08015a82   0x00000008   Code   RO         6250    i.SDIO_ReadFIFO     stm32f4xx_ll_sdmmc.o
    0x08015a8a   0x08015a8a   0x00000028   Code   RO         6251    i.SDIO_SendCommand  stm32f4xx_ll_sdmmc.o
    0x08015ab2   0x08015ab2   0x0000000c   Code   RO         6253    i.SDIO_WriteFIFO    stm32f4xx_ll_sdmmc.o
    0x08015abe   0x08015abe   0x00000038   Code   RO         6254    i.SDMMC_CmdAppCommand  stm32f4xx_ll_sdmmc.o
    0x08015af6   0x08015af6   0x00000002   PAD
    0x08015af8   0x08015af8   0x0000003c   Code   RO         6255    i.SDMMC_CmdAppOperCommand  stm32f4xx_ll_sdmmc.o
    0x08015b34   0x08015b34   0x00000038   Code   RO         6256    i.SDMMC_CmdBlockLength  stm32f4xx_ll_sdmmc.o
    0x08015b6c   0x08015b6c   0x00000038   Code   RO         6257    i.SDMMC_CmdBusWidth  stm32f4xx_ll_sdmmc.o
    0x08015ba4   0x08015ba4   0x0000002c   Code   RO         6261    i.SDMMC_CmdGoIdleState  stm32f4xx_ll_sdmmc.o
    0x08015bd0   0x08015bd0   0x00000034   Code   RO         6263    i.SDMMC_CmdOperCond  stm32f4xx_ll_sdmmc.o
    0x08015c04   0x08015c04   0x00000038   Code   RO         6264    i.SDMMC_CmdReadMultiBlock  stm32f4xx_ll_sdmmc.o
    0x08015c3c   0x08015c3c   0x00000038   Code   RO         6265    i.SDMMC_CmdReadSingleBlock  stm32f4xx_ll_sdmmc.o
    0x08015c74   0x08015c74   0x0000003a   Code   RO         6268    i.SDMMC_CmdSelDesel  stm32f4xx_ll_sdmmc.o
    0x08015cae   0x08015cae   0x00000032   Code   RO         6269    i.SDMMC_CmdSendCID  stm32f4xx_ll_sdmmc.o
    0x08015ce0   0x08015ce0   0x00000032   Code   RO         6270    i.SDMMC_CmdSendCSD  stm32f4xx_ll_sdmmc.o
    0x08015d12   0x08015d12   0x00000038   Code   RO         6271    i.SDMMC_CmdSendSCR  stm32f4xx_ll_sdmmc.o
    0x08015d4a   0x08015d4a   0x00000038   Code   RO         6272    i.SDMMC_CmdSendStatus  stm32f4xx_ll_sdmmc.o
    0x08015d82   0x08015d82   0x00000038   Code   RO         6273    i.SDMMC_CmdSetRelAdd  stm32f4xx_ll_sdmmc.o
    0x08015dba   0x08015dba   0x00000002   PAD
    0x08015dbc   0x08015dbc   0x0000003c   Code   RO         6275    i.SDMMC_CmdStopTransfer  stm32f4xx_ll_sdmmc.o
    0x08015df8   0x08015df8   0x00000038   Code   RO         6277    i.SDMMC_CmdWriteMultiBlock  stm32f4xx_ll_sdmmc.o
    0x08015e30   0x08015e30   0x00000038   Code   RO         6278    i.SDMMC_CmdWriteSingleBlock  stm32f4xx_ll_sdmmc.o
    0x08015e68   0x08015e68   0x00000040   Code   RO         6279    i.SDMMC_GetCmdError  stm32f4xx_ll_sdmmc.o
    0x08015ea8   0x08015ea8   0x000001ac   Code   RO         6280    i.SDMMC_GetCmdResp1  stm32f4xx_ll_sdmmc.o
    0x08016054   0x08016054   0x00000064   Code   RO         6281    i.SDMMC_GetCmdResp2  stm32f4xx_ll_sdmmc.o
    0x080160b8   0x080160b8   0x00000058   Code   RO         6282    i.SDMMC_GetCmdResp3  stm32f4xx_ll_sdmmc.o
    0x08016110   0x08016110   0x000000b8   Code   RO         6283    i.SDMMC_GetCmdResp6  stm32f4xx_ll_sdmmc.o
    0x080161c8   0x080161c8   0x0000006c   Code   RO         6284    i.SDMMC_GetCmdResp7  stm32f4xx_ll_sdmmc.o
    0x08016234   0x08016234   0x00000028   Code   RO         2122    i.SD_CheckStatus    sd_diskio.o
    0x0801625c   0x0801625c   0x00000026   Code   RO         2123    i.SD_CheckStatusWithTimeout  sd_diskio.o
    0x08016282   0x08016282   0x00000002   PAD
    0x08016284   0x08016284   0x00000074   Code   RO         6544    i.SD_DMAError       stm32f4xx_hal_sd.o
    0x080162f8   0x080162f8   0x00000048   Code   RO         6545    i.SD_DMAReceiveCplt  stm32f4xx_hal_sd.o
    0x08016340   0x08016340   0x00000048   Code   RO         6546    i.SD_DMARxAbort     stm32f4xx_hal_sd.o
    0x08016388   0x08016388   0x00000012   Code   RO         6547    i.SD_DMATransmitCplt  stm32f4xx_hal_sd.o
    0x0801639a   0x0801639a   0x00000048   Code   RO         6548    i.SD_DMATxAbort     stm32f4xx_hal_sd.o
    0x080163e2   0x080163e2   0x00000134   Code   RO         6549    i.SD_FindSCR        stm32f4xx_hal_sd.o
    0x08016516   0x08016516   0x00000102   Code   RO         6550    i.SD_InitCard       stm32f4xx_hal_sd.o
    0x08016618   0x08016618   0x000000cc   Code   RO         6552    i.SD_PowerON        stm32f4xx_hal_sd.o
    0x080166e4   0x080166e4   0x0000004a   Code   RO         6553    i.SD_Read_IT        stm32f4xx_hal_sd.o
    0x0801672e   0x0801672e   0x00000030   Code   RO         6555    i.SD_SendStatus     stm32f4xx_hal_sd.o
    0x0801675e   0x0801675e   0x00000068   Code   RO         6556    i.SD_WideBus_Disable  stm32f4xx_hal_sd.o
    0x080167c6   0x080167c6   0x00000068   Code   RO         6557    i.SD_WideBus_Enable  stm32f4xx_hal_sd.o
    0x0801682e   0x0801682e   0x00000054   Code   RO         6558    i.SD_Write_IT       stm32f4xx_hal_sd.o
    0x08016882   0x08016882   0x00000002   PAD
    0x08016884   0x08016884   0x00000020   Code   RO         2124    i.SD_initialize     sd_diskio.o
    0x080168a4   0x080168a4   0x0000006c   Code   RO         2125    i.SD_ioctl          sd_diskio.o
    0x08016910   0x08016910   0x00000090   Code   RO         2126    i.SD_read           sd_diskio.o
    0x080169a0   0x080169a0   0x0000000c   Code   RO         2127    i.SD_status         sd_diskio.o
    0x080169ac   0x080169ac   0x00000090   Code   RO         2128    i.SD_write          sd_diskio.o
    0x08016a3c   0x08016a3c   0x0000002c   Code   RO         4425    i.STORAGE_GetCapacity_FS  usbd_storage_if.o
    0x08016a68   0x08016a68   0x00000004   Code   RO         4426    i.STORAGE_GetMaxLun_FS  usbd_storage_if.o
    0x08016a6c   0x08016a6c   0x00000010   Code   RO         4427    i.STORAGE_Init_FS   usbd_storage_if.o
    0x08016a7c   0x08016a7c   0x00000044   Code   RO         4428    i.STORAGE_IsReady_FS  usbd_storage_if.o
    0x08016ac0   0x08016ac0   0x00000006   Code   RO         4429    i.STORAGE_IsWriteProtected_FS  usbd_storage_if.o
    0x08016ac6   0x08016ac6   0x00000042   Code   RO         4430    i.STORAGE_Read_FS   usbd_storage_if.o
    0x08016b08   0x08016b08   0x00000042   Code   RO         4431    i.STORAGE_Write_FS  usbd_storage_if.o
    0x08016b4a   0x08016b4a   0x00000002   Code   RO         1111    i.SVC_Handler       stm32f4xx_it.o
    0x08016b4c   0x08016b4c   0x00000012   Code   RO         3633    i.SWAPBYTE          usbd_ctlreq.o
    0x08016b5e   0x08016b5e   0x00000002   PAD
    0x08016b60   0x08016b60   0x00000054   Code   RO          342    i.SysTick_Handler   time.o
    0x08016bb4   0x08016bb4   0x0000001c   Code   RO         1263    i.SystemInit        system_stm32f4xx.o
    0x08016bd0   0x08016bd0   0x00000014   Code   RO         7212    i.UART_DMAAbortOnError  stm32f4xx_hal_uart.o
    0x08016be4   0x08016be4   0x00000050   Code   RO         7213    i.UART_DMAError     stm32f4xx_hal_uart.o
    0x08016c34   0x08016c34   0x00000046   Code   RO         7214    i.UART_DMAReceiveCplt  stm32f4xx_hal_uart.o
    0x08016c7a   0x08016c7a   0x0000000e   Code   RO         7216    i.UART_DMARxHalfCplt  stm32f4xx_hal_uart.o
    0x08016c88   0x08016c88   0x00000036   Code   RO         7218    i.UART_DMATransmitCplt  stm32f4xx_hal_uart.o
    0x08016cbe   0x08016cbe   0x0000000e   Code   RO         7220    i.UART_DMATxHalfCplt  stm32f4xx_hal_uart.o
    0x08016ccc   0x08016ccc   0x00000020   Code   RO         7222    i.UART_EndRxTransfer  stm32f4xx_hal_uart.o
    0x08016cec   0x08016cec   0x00000020   Code   RO         7223    i.UART_EndTransmit_IT  stm32f4xx_hal_uart.o
    0x08016d0c   0x08016d0c   0x00000014   Code   RO         7224    i.UART_EndTxTransfer  stm32f4xx_hal_uart.o
    0x08016d20   0x08016d20   0x000000a6   Code   RO         7225    i.UART_Receive_IT   stm32f4xx_hal_uart.o
    0x08016dc6   0x08016dc6   0x00000002   PAD
    0x08016dc8   0x08016dc8   0x000003e8   Code   RO         7226    i.UART_SetConfig    stm32f4xx_hal_uart.o
    0x080171b0   0x080171b0   0x00000068   Code   RO         7227    i.UART_Transmit_IT  stm32f4xx_hal_uart.o
    0x08017218   0x08017218   0x00000010   Code   RO         1112    i.USART1_IRQHandler  stm32f4xx_it.o
    0x08017228   0x08017228   0x00000010   Code   RO         1113    i.USART2_IRQHandler  stm32f4xx_it.o
    0x08017238   0x08017238   0x00000010   Code   RO         1114    i.USART3_IRQHandler  stm32f4xx_it.o
    0x08017248   0x08017248   0x00000010   Code   RO         1115    i.USART6_IRQHandler  stm32f4xx_it.o
    0x08017258   0x08017258   0x00000032   Code   RO         1024    i.USART_IrqHandler  usart_dma2ringbuf.o
    0x0801728a   0x0801728a   0x0000001c   Code   RO         3483    i.USBD_ClrClassConfig  usbd_core.o
    0x080172a6   0x080172a6   0x0000003e   Code   RO         3634    i.USBD_ClrFeature   usbd_ctlreq.o
    0x080172e4   0x080172e4   0x00000018   Code   RO         3736    i.USBD_CtlContinueRx  usbd_ioreq.o
    0x080172fc   0x080172fc   0x00000018   Code   RO         3737    i.USBD_CtlContinueSendData  usbd_ioreq.o
    0x08017314   0x08017314   0x00000018   Code   RO         3635    i.USBD_CtlError     usbd_ctlreq.o
    0x0801732c   0x0801732c   0x0000001a   Code   RO         3739    i.USBD_CtlReceiveStatus  usbd_ioreq.o
    0x08017346   0x08017346   0x00000022   Code   RO         3740    i.USBD_CtlSendData  usbd_ioreq.o
    0x08017368   0x08017368   0x0000001a   Code   RO         3741    i.USBD_CtlSendStatus  usbd_ioreq.o
    0x08017382   0x08017382   0x00000002   PAD
    0x08017384   0x08017384   0x00000034   Code   RO         4350    i.USBD_FS_ConfigStrDescriptor  usbd_desc.o
    0x080173b8   0x080173b8   0x00000010   Code   RO         4351    i.USBD_FS_DeviceDescriptor  usbd_desc.o
    0x080173c8   0x080173c8   0x00000038   Code   RO         4352    i.USBD_FS_InterfaceStrDescriptor  usbd_desc.o
    0x08017400   0x08017400   0x00000010   Code   RO         4353    i.USBD_FS_LangIDStrDescriptor  usbd_desc.o
    0x08017410   0x08017410   0x0000002c   Code   RO         4354    i.USBD_FS_ManufacturerStrDescriptor  usbd_desc.o
    0x0801743c   0x0801743c   0x0000003c   Code   RO         4355    i.USBD_FS_ProductStrDescriptor  usbd_desc.o
    0x08017478   0x08017478   0x00000018   Code   RO         4356    i.USBD_FS_SerialStrDescriptor  usbd_desc.o
    0x08017490   0x08017490   0x00000056   Code   RO         3636    i.USBD_GetConfig    usbd_ctlreq.o
    0x080174e6   0x080174e6   0x000001fc   Code   RO         3637    i.USBD_GetDescriptor  usbd_ctlreq.o
    0x080176e2   0x080176e2   0x00000016   Code   RO         3638    i.USBD_GetLen       usbd_ctlreq.o
    0x080176f8   0x080176f8   0x0000005a   Code   RO         3639    i.USBD_GetStatus    usbd_ctlreq.o
    0x08017752   0x08017752   0x00000054   Code   RO         3640    i.USBD_GetString    usbd_ctlreq.o
    0x080177a6   0x080177a6   0x0000002c   Code   RO         4166    i.USBD_Get_USB_Status  usbd_conf.o
    0x080177d2   0x080177d2   0x00000044   Code   RO         3485    i.USBD_Init         usbd_core.o
    0x08017816   0x08017816   0x00000026   Code   RO         4167    i.USBD_LL_ClearStallEP  usbd_conf.o
    0x0801783c   0x0801783c   0x00000026   Code   RO         4168    i.USBD_LL_CloseEP   usbd_conf.o
    0x08017862   0x08017862   0x000000e6   Code   RO         3486    i.USBD_LL_DataInStage  usbd_core.o
    0x08017948   0x08017948   0x00000092   Code   RO         3487    i.USBD_LL_DataOutStage  usbd_core.o
    0x080179da   0x080179da   0x00000006   Code   RO         3488    i.USBD_LL_DevConnected  usbd_core.o
    0x080179e0   0x080179e0   0x00000020   Code   RO         3489    i.USBD_LL_DevDisconnected  usbd_core.o
    0x08017a00   0x08017a00   0x00000026   Code   RO         4171    i.USBD_LL_FlushEP   usbd_conf.o
    0x08017a26   0x08017a26   0x00000012   Code   RO         4172    i.USBD_LL_GetRxDataSize  usbd_conf.o
    0x08017a38   0x08017a38   0x00000068   Code   RO         4173    i.USBD_LL_Init      usbd_conf.o
    0x08017aa0   0x08017aa0   0x00000038   Code   RO         4174    i.USBD_LL_IsStallEP  usbd_conf.o
    0x08017ad8   0x08017ad8   0x00000006   Code   RO         3490    i.USBD_LL_IsoINIncomplete  usbd_core.o
    0x08017ade   0x08017ade   0x00000006   Code   RO         3491    i.USBD_LL_IsoOUTIncomplete  usbd_core.o
    0x08017ae4   0x08017ae4   0x00000030   Code   RO         4175    i.USBD_LL_OpenEP    usbd_conf.o
    0x08017b14   0x08017b14   0x00000030   Code   RO         4176    i.USBD_LL_PrepareReceive  usbd_conf.o
    0x08017b44   0x08017b44   0x0000005a   Code   RO         3492    i.USBD_LL_Reset     usbd_core.o
    0x08017b9e   0x08017b9e   0x00000016   Code   RO         3493    i.USBD_LL_Resume    usbd_core.o
    0x08017bb4   0x08017bb4   0x00000022   Code   RO         3494    i.USBD_LL_SOF       usbd_core.o
    0x08017bd6   0x08017bd6   0x00000008   Code   RO         3495    i.USBD_LL_SetSpeed  usbd_core.o
    0x08017bde   0x08017bde   0x00000026   Code   RO         4177    i.USBD_LL_SetUSBAddress  usbd_conf.o
    0x08017c04   0x08017c04   0x00000076   Code   RO         3496    i.USBD_LL_SetupStage  usbd_core.o
    0x08017c7a   0x08017c7a   0x00000026   Code   RO         4178    i.USBD_LL_StallEP   usbd_conf.o
    0x08017ca0   0x08017ca0   0x0000001e   Code   RO         4179    i.USBD_LL_Start     usbd_conf.o
    0x08017cbe   0x08017cbe   0x00000014   Code   RO         3497    i.USBD_LL_Suspend   usbd_core.o
    0x08017cd2   0x08017cd2   0x00000030   Code   RO         4181    i.USBD_LL_Transmit  usbd_conf.o
    0x08017d02   0x08017d02   0x00000012   Code   RO         3796    i.USBD_MSC_DataIn   usbd_msc.o
    0x08017d14   0x08017d14   0x00000012   Code   RO         3797    i.USBD_MSC_DataOut  usbd_msc.o
    0x08017d26   0x08017d26   0x0000003e   Code   RO         3798    i.USBD_MSC_DeInit   usbd_msc.o
    0x08017d64   0x08017d64   0x00000010   Code   RO         3799    i.USBD_MSC_GetDeviceQualifierDescriptor  usbd_msc.o
    0x08017d74   0x08017d74   0x00000010   Code   RO         3800    i.USBD_MSC_GetFSCfgDesc  usbd_msc.o
    0x08017d84   0x08017d84   0x00000010   Code   RO         3801    i.USBD_MSC_GetHSCfgDesc  usbd_msc.o
    0x08017d94   0x08017d94   0x00000010   Code   RO         3802    i.USBD_MSC_GetOtherSpeedCfgDesc  usbd_msc.o
    0x08017da4   0x08017da4   0x00000076   Code   RO         3803    i.USBD_MSC_Init     usbd_msc.o
    0x08017e1a   0x08017e1a   0x00000010   Code   RO         3804    i.USBD_MSC_RegisterStorage  usbd_msc.o
    0x08017e2a   0x08017e2a   0x00000144   Code   RO         3805    i.USBD_MSC_Setup    usbd_msc.o
    0x08017f6e   0x08017f6e   0x00000036   Code   RO         3641    i.USBD_ParseSetupRequest  usbd_ctlreq.o
    0x08017fa4   0x08017fa4   0x00000026   Code   RO         3498    i.USBD_RegisterClass  usbd_core.o
    0x08017fca   0x08017fca   0x00000006   Code   RO         3499    i.USBD_RunTestMode  usbd_core.o
    0x08017fd0   0x08017fd0   0x0000005a   Code   RO         3642    i.USBD_SetAddress   usbd_ctlreq.o
    0x0801802a   0x0801802a   0x00000020   Code   RO         3500    i.USBD_SetClassConfig  usbd_core.o
    0x0801804a   0x0801804a   0x00000002   PAD
    0x0801804c   0x0801804c   0x000000fc   Code   RO         3643    i.USBD_SetConfig    usbd_ctlreq.o
    0x08018148   0x08018148   0x00000018   Code   RO         3644    i.USBD_SetFeature   usbd_ctlreq.o
    0x08018160   0x08018160   0x0000000c   Code   RO         3501    i.USBD_Start        usbd_core.o
    0x0801816c   0x0801816c   0x000000a6   Code   RO         3645    i.USBD_StdDevReq    usbd_ctlreq.o
    0x08018212   0x08018212   0x0000022a   Code   RO         3646    i.USBD_StdEPReq     usbd_ctlreq.o
    0x0801843c   0x0801843c   0x0000007e   Code   RO         3647    i.USBD_StdItfReq    usbd_ctlreq.o
    0x080184ba   0x080184ba   0x00000002   PAD
    0x080184bc   0x080184bc   0x000000d0   Code   RO         4754    i.USB_ActivateEndpoint  stm32f4xx_ll_usb.o
    0x0801858c   0x0801858c   0x00000028   Code   RO         4756    i.USB_ActivateSetup  stm32f4xx_ll_usb.o
    0x080185b4   0x080185b4   0x00000084   Code   RO         4758    i.USB_CoreInit      stm32f4xx_ll_usb.o
    0x08018638   0x08018638   0x0000004c   Code   RO         4759    i.USB_CoreReset     stm32f4xx_ll_usb.o
    0x08018684   0x08018684   0x0000014c   Code   RO         4762    i.USB_DeactivateEndpoint  stm32f4xx_ll_usb.o
    0x080187d0   0x080187d0   0x00000020   Code   RO         4763    i.USB_DevConnect    stm32f4xx_ll_usb.o
    0x080187f0   0x080187f0   0x00000020   Code   RO         4764    i.USB_DevDisconnect  stm32f4xx_ll_usb.o
    0x08018810   0x08018810   0x000001e0   Code   RO         4765    i.USB_DevInit       stm32f4xx_ll_usb.o
    0x080189f0   0x080189f0   0x0000000e   Code   RO         4766    i.USB_DisableGlobalInt  stm32f4xx_ll_usb.o
    0x080189fe   0x080189fe   0x00000002   PAD
    0x08018a00   0x08018a00   0x000001d8   Code   RO         4769    i.USB_EP0StartXfer  stm32f4xx_ll_usb.o
    0x08018bd8   0x08018bd8   0x00000070   Code   RO         4770    i.USB_EP0_OutStart  stm32f4xx_ll_usb.o
    0x08018c48   0x08018c48   0x0000008e   Code   RO         4771    i.USB_EPClearStall  stm32f4xx_ll_usb.o
    0x08018cd6   0x08018cd6   0x0000009a   Code   RO         4772    i.USB_EPSetStall    stm32f4xx_ll_usb.o
    0x08018d70   0x08018d70   0x00000344   Code   RO         4773    i.USB_EPStartXfer   stm32f4xx_ll_usb.o
    0x080190b4   0x080190b4   0x0000000e   Code   RO         4774    i.USB_EnableGlobalInt  stm32f4xx_ll_usb.o
    0x080190c2   0x080190c2   0x00000002   PAD
    0x080190c4   0x080190c4   0x0000002c   Code   RO         4775    i.USB_FlushRxFifo   stm32f4xx_ll_usb.o
    0x080190f0   0x080190f0   0x00000030   Code   RO         4776    i.USB_FlushTxFifo   stm32f4xx_ll_usb.o
    0x08019120   0x08019120   0x00000026   Code   RO         4778    i.USB_GetDevSpeed   stm32f4xx_ll_usb.o
    0x08019146   0x08019146   0x0000000a   Code   RO         4780    i.USB_GetMode       stm32f4xx_ll_usb.o
    0x08019150   0x08019150   0x00000014   Code   RO         4787    i.USB_ReadDevAllInEpInterrupt  stm32f4xx_ll_usb.o
    0x08019164   0x08019164   0x00000014   Code   RO         4788    i.USB_ReadDevAllOutEpInterrupt  stm32f4xx_ll_usb.o
    0x08019178   0x08019178   0x00000032   Code   RO         4789    i.USB_ReadDevInEPInterrupt  stm32f4xx_ll_usb.o
    0x080191aa   0x080191aa   0x0000001a   Code   RO         4790    i.USB_ReadDevOutEPInterrupt  stm32f4xx_ll_usb.o
    0x080191c4   0x080191c4   0x0000000a   Code   RO         4791    i.USB_ReadInterrupts  stm32f4xx_ll_usb.o
    0x080191ce   0x080191ce   0x00000022   Code   RO         4792    i.USB_ReadPacket    stm32f4xx_ll_usb.o
    0x080191f0   0x080191f0   0x00000036   Code   RO         4794    i.USB_SetCurrentMode  stm32f4xx_ll_usb.o
    0x08019226   0x08019226   0x0000002a   Code   RO         4795    i.USB_SetDevAddress  stm32f4xx_ll_usb.o
    0x08019250   0x08019250   0x00000012   Code   RO         4796    i.USB_SetDevSpeed   stm32f4xx_ll_usb.o
    0x08019262   0x08019262   0x00000002   PAD
    0x08019264   0x08019264   0x000000e8   Code   RO         4797    i.USB_SetTurnaroundTime  stm32f4xx_ll_usb.o
    0x0801934c   0x0801934c   0x0000003c   Code   RO         4800    i.USB_WritePacket   stm32f4xx_ll_usb.o
    0x08019388   0x08019388   0x00000004   Code   RO         1116    i.UsageFault_Handler  stm32f4xx_it.o
    0x0801938c   0x0801938c   0x00000020   Code   RO         8200    i.__0printf$6       mc_w.l(printf6.o)
    0x080193ac   0x080193ac   0x00000030   Code   RO         8201    i.__0snprintf$6     mc_w.l(printf6.o)
    0x080193dc   0x080193dc   0x00000030   Code   RO         8421    i.__ARM_fpclassify  m_wm.l(fpclassify.o)
    0x0801940c   0x0801940c   0x00000010   Code   RO         5861    i.__NVIC_GetPriorityGrouping  stm32f4xx_hal_cortex.o
    0x0801941c   0x0801941c   0x00000028   Code   RO         5862    i.__NVIC_SetPriority  stm32f4xx_hal_cortex.o
    0x08019444   0x08019444   0x00000004   PAD
    0x08019448   0x08019448   0x000000c8   Code   RO         8002    i.__hardfp_cos      m_wm.l(cos.o)
    0x08019510   0x08019510   0x000000c8   Code   RO         8014    i.__hardfp_sin      m_wm.l(sin.o)
    0x080195d8   0x080195d8   0x00000438   Code   RO         8365    i.__ieee754_rem_pio2  m_wm.l(rred.o)
    0x08019a10   0x08019a10   0x00000170   Code   RO         8348    i.__kernel_cos      m_wm.l(cos_i.o)
    0x08019b80   0x08019b80   0x000000f8   Code   RO         8423    i.__kernel_poly     m_wm.l(poly.o)
    0x08019c78   0x08019c78   0x00000130   Code   RO         8370    i.__kernel_sin      m_wm.l(sin_i.o)
    0x08019da8   0x08019da8   0x00000014   Code   RO         8352    i.__mathlib_dbl_infnan  m_wm.l(dunder.o)
    0x08019dbc   0x08019dbc   0x00000004   PAD
    0x08019dc0   0x08019dc0   0x00000020   Code   RO         8354    i.__mathlib_dbl_invalid  m_wm.l(dunder.o)
    0x08019de0   0x08019de0   0x00000020   Code   RO         8357    i.__mathlib_dbl_underflow  m_wm.l(dunder.o)
    0x08019e00   0x08019e00   0x0000000e   Code   RO         8433    i.__scatterload_copy  mc_w.l(handlers.o)
    0x08019e0e   0x08019e0e   0x00000002   Code   RO         8434    i.__scatterload_null  mc_w.l(handlers.o)
    0x08019e10   0x08019e10   0x0000000e   Code   RO         8435    i.__scatterload_zeroinit  mc_w.l(handlers.o)
    0x08019e1e   0x08019e1e   0x00000002   PAD
    0x08019e20   0x08019e20   0x0000000c   Code   RO         8399    i.__set_errno       mc_w.l(errno.o)
    0x08019e2c   0x08019e2c   0x000002f0   Code   RO         8207    i._printf_core      mc_w.l(printf6.o)
    0x0801a11c   0x0801a11c   0x00000024   Code   RO         8208    i._printf_post_padding  mc_w.l(printf6.o)
    0x0801a140   0x0801a140   0x0000002e   Code   RO         8209    i._printf_pre_padding  mc_w.l(printf6.o)
    0x0801a16e   0x0801a16e   0x00000016   Code   RO         8210    i._snputc           mc_w.l(printf6.o)
    0x0801a184   0x0801a184   0x00000028   Code   RO         2286    i.allocateBlock     canard.o
    0x0801a1ac   0x0801a1ac   0x00000030   Code   RO          174    i.bk_up_init        main.o
    0x0801a1dc   0x0801a1dc   0x00000122   Code   RO         2287    i.bufferBlockPushBytes  canard.o
    0x0801a2fe   0x0801a2fe   0x00000002   PAD
    0x0801a300   0x0801a300   0x00000010   Code   RO         2529    i.can_buffer_init   uavcan.o
    0x0801a310   0x0801a310   0x00000098   Code   RO         2239    i.can_config        can_bus.o
    0x0801a3a8   0x0801a3a8   0x00000098   Code   RO         2240    i.can_gpio_init     can_bus.o
    0x0801a440   0x0801a440   0x000000d0   Code   RO         2288    i.canardBroadcast   canard.o
    0x0801a510   0x0801a510   0x00000074   Code   RO         2289    i.canardCleanupStaleTransfers  canard.o
    0x0801a584   0x0801a584   0x0000008c   Code   RO         2291    i.canardConvertNativeFloatToFloat16  canard.o
    0x0801a610   0x0801a610   0x00000222   Code   RO         2292    i.canardDecodeScalar  canard.o
    0x0801a832   0x0801a832   0x000000c0   Code   RO         2293    i.canardEncodeScalar  canard.o
    0x0801a8f2   0x0801a8f2   0x00000006   Code   RO         2294    i.canardGetLocalNodeID  canard.o
    0x0801a8f8   0x0801a8f8   0x000003d8   Code   RO         2297    i.canardHandleRxFrame  canard.o
    0x0801acd0   0x0801acd0   0x00000046   Code   RO         2298    i.canardInit        canard.o
    0x0801ad16   0x0801ad16   0x00000010   Code   RO         2299    i.canardPeekTxQueue  canard.o
    0x0801ad26   0x0801ad26   0x00000016   Code   RO         2300    i.canardPopTxQueue  canard.o
    0x0801ad3c   0x0801ad3c   0x0000002a   Code   RO         2301    i.canardReleaseRxTransferPayload  canard.o
    0x0801ad66   0x0801ad66   0x000000a2   Code   RO         2302    i.canardRequestOrRespond  canard.o
    0x0801ae08   0x0801ae08   0x00000014   Code   RO         2303    i.canardSetLocalNodeID  canard.o
    0x0801ae1c   0x0801ae1c   0x0000004c   Code   RO         2530    i.canard_handle_clean  uavcan.o
    0x0801ae68   0x0801ae68   0x00000064   Code   RO         2531    i.canard_handle_tx  uavcan.o
    0x0801aecc   0x0801aecc   0x0000007c   Code   RO         1364    i.check_fs          ff.o
    0x0801af48   0x0801af48   0x00000014   Code   RO         1365    i.chk_chr           ff.o
    0x0801af5c   0x0801af5c   0x0000007c   Code   RO         1366    i.chk_lock          ff.o
    0x0801afd8   0x0801afd8   0x00000028   Code   RO         1367    i.clear_lock        ff.o
    0x0801b000   0x0801b000   0x000000b4   Code   RO          175    i.clk_conf          main.o
    0x0801b0b4   0x0801b0b4   0x00000032   Code   RO         1368    i.clmt_clust        ff.o
    0x0801b0e6   0x0801b0e6   0x0000001a   Code   RO         1369    i.clust2sect        ff.o
    0x0801b100   0x0801b100   0x00000098   Code   RO         1370    i.cmp_lfn           ff.o
    0x0801b198   0x0801b198   0x00000010   Code   RO         2304    i.computeTransferIDForwardDistance  canard.o
    0x0801b1a8   0x0801b1a8   0x0000011c   Code   RO         2241    i.compute_can_timings  can_bus.o
    0x0801b2c4   0x0801b2c4   0x00000098   Code   RO         2305    i.copyBitArray      canard.o
    0x0801b35c   0x0801b35c   0x00000022   Code   RO         2306    i.crcAdd            canard.o
    0x0801b37e   0x0801b37e   0x00000034   Code   RO         2307    i.crcAddByte        canard.o
    0x0801b3b2   0x0801b3b2   0x0000003a   Code   RO         2308    i.crcAddSignature   canard.o
    0x0801b3ec   0x0801b3ec   0x0000001a   Code   RO         2309    i.createBufferBlock  canard.o
    0x0801b406   0x0801b406   0x00000030   Code   RO         2310    i.createRxState     canard.o
    0x0801b436   0x0801b436   0x0000001e   Code   RO         2311    i.createTxItem      canard.o
    0x0801b454   0x0801b454   0x000000de   Code   RO         1371    i.create_chain      ff.o
    0x0801b532   0x0801b532   0x00000002   PAD
    0x0801b534   0x0801b534   0x0000005c   Code   RO         1855    i.create_file       fatfs.o
    0x0801b590   0x0801b590   0x00000058   Code   RO         1856    i.create_folder     fatfs.o
    0x0801b5e8   0x0801b5e8   0x0000026c   Code   RO         1372    i.create_name       ff.o
    0x0801b854   0x0801b854   0x00000064   Code   RO          555    i.create_ppk_log    gnss.o
    0x0801b8b8   0x0801b8b8   0x0000013e   Code   RO         2312    i.descatterTransferPayload  canard.o
    0x0801b9f6   0x0801b9f6   0x00000060   Code   RO         1374    i.dir_alloc         ff.o
    0x0801ba56   0x0801ba56   0x000000fc   Code   RO         1375    i.dir_find          ff.o
    0x0801bb52   0x0801bb52   0x0000010c   Code   RO         1376    i.dir_next          ff.o
    0x0801bc5e   0x0801bc5e   0x00000142   Code   RO         1378    i.dir_register      ff.o
    0x0801bda0   0x0801bda0   0x0000009a   Code   RO         1380    i.dir_sdi           ff.o
    0x0801be3a   0x0801be3a   0x0000000e   Code   RO          906    i.disable_uart      usart.o
    0x0801be48   0x0801be48   0x0000002c   Code   RO         1306    i.disk_initialize   diskio.o
    0x0801be74   0x0801be74   0x00000028   Code   RO         1307    i.disk_ioctl        diskio.o
    0x0801be9c   0x0801be9c   0x00000030   Code   RO         1308    i.disk_read         diskio.o
    0x0801becc   0x0801becc   0x0000001c   Code   RO         1309    i.disk_status       diskio.o
    0x0801bee8   0x0801bee8   0x00000030   Code   RO         1310    i.disk_write        diskio.o
    0x0801bf18   0x0801bf18   0x000000d8   Code   RO          529    i.dma_init          dma.o
    0x0801bff0   0x0801bff0   0x0000000e   Code   RO          907    i.enable_uart       usart.o
    0x0801bffe   0x0801bffe   0x00000002   PAD
    0x0801c000   0x0801c000   0x00000028   Code   RO         1381    i.enq_lock          ff.o
    0x0801c028   0x0801c028   0x00000128   Code   RO         2313    i.enqueueTxFrames   canard.o
    0x0801c150   0x0801c150   0x00000024   Code   RO         2314    i.extractDataType   canard.o
    0x0801c174   0x0801c174   0x0000001a   Code   RO         2315    i.extractTransferType  canard.o
    0x0801c18e   0x0801c18e   0x00000168   Code   RO         1387    i.f_mkdir           ff.o
    0x0801c2f6   0x0801c2f6   0x00000002   PAD
    0x0801c2f8   0x0801c2f8   0x00000684   Code   RO         1388    i.f_mkfs            ff.o
    0x0801c97c   0x0801c97c   0x00000060   Code   RO         1389    i.f_mount           ff.o
    0x0801c9dc   0x0801c9dc   0x0000023a   Code   RO         1390    i.f_open            ff.o
    0x0801cc16   0x0801cc16   0x000000a0   Code   RO         1399    i.f_sync            ff.o
    0x0801ccb6   0x0801ccb6   0x000001ee   Code   RO         1402    i.f_write           ff.o
    0x0801cea4   0x0801cea4   0x00000018   Code   RO         8417    i.fabs              m_wm.l(fabs.o)
    0x0801cebc   0x0801cebc   0x00000134   Code   RO         1857    i.fatfs_log_message  fatfs.o
    0x0801cff0   0x0801cff0   0x0000007c   Code   RO         1820    i.ff_convert        cc936.o
    0x0801d06c   0x0801d06c   0x000000a4   Code   RO         1821    i.ff_wtoupper       cc936.o
    0x0801d110   0x0801d110   0x00000018   Code   RO         2316    i.findRxState       canard.o
    0x0801d128   0x0801d128   0x00000038   Code   RO          410    i.find_empty_addr   param.o
    0x0801d160   0x0801d160   0x00000038   Code   RO          411    i.find_last_param_addr  param.o
    0x0801d198   0x0801d198   0x00000300   Code   RO         1403    i.find_volume       ff.o
    0x0801d498   0x0801d498   0x000000a2   Code   RO         1404    i.follow_path       ff.o
    0x0801d53a   0x0801d53a   0x00000002   PAD
    0x0801d53c   0x0801d53c   0x0000001c   Code   RO          908    i.fputc             usart.o
    0x0801d558   0x0801d558   0x00000050   Code   RO         8306    i.free              mc_w.l(malloc.o)
    0x0801d5a8   0x0801d5a8   0x00000012   Code   RO         2317    i.freeBlock         canard.o
    0x0801d5ba   0x0801d5ba   0x00000002   PAD
    0x0801d5bc   0x0801d5bc   0x00000058   Code   RO          412    i.g_erase_param_flash  param.o
    0x0801d614   0x0801d614   0x00000094   Code   RO          413    i.g_handle_param_execute  param.o
    0x0801d6a8   0x0801d6a8   0x0000016c   Code   RO          414    i.g_handle_param_get_set  param.o
    0x0801d814   0x0801d814   0x00000010   Code   RO         3107    i.g_init_fix2_struct  gnss_fix2.o
    0x0801d824   0x0801d824   0x000000a8   Code   RO          415    i.g_load_flash_param  param.o
    0x0801d8cc   0x0801d8cc   0x0000023c   Code   RO          416    i.g_save_param_to_flash  param.o
    0x0801db08   0x0801db08   0x000000cc   Code   RO         1405    i.gen_numname       ff.o
    0x0801dbd4   0x0801dbd4   0x00000008   Code   RO         2242    i.get_can1_handle   can_bus.o
    0x0801dbdc   0x0801dbdc   0x00000034   Code   RO          859    i.get_crc24         parse_rtcm.o
    0x0801dc10   0x0801dc10   0x000000e0   Code   RO         1406    i.get_fat           ff.o
    0x0801dcf0   0x0801dcf0   0x00000004   Code   RO         1858    i.get_fattime       fatfs.o
    0x0801dcf4   0x0801dcf4   0x00000124   Code   RO         1859    i.get_file_name     fatfs.o
    0x0801de18   0x0801de18   0x00000008   Code   RO         2689    i.get_gnss_ecef     mmc_gnssecef.o
    0x0801de20   0x0801de20   0x00000048   Code   RO         1408    i.get_ldnumber      ff.o
    0x0801de68   0x0801de68   0x00000058   Code   RO          910    i.get_uart_rx_buffer  usart.o
    0x0801dec0   0x0801dec0   0x0000001e   Code   RO         2792    i.get_unique_id     uavcan_get_node_info.o
    0x0801dede   0x0801dede   0x00000002   PAD
    0x0801dee0   0x0801dee0   0x00000058   Code   RO          911    i.get_usart_dma2ringbuf  usart.o
    0x0801df38   0x0801df38   0x00000008   Code   RO          566    i.get_utc_time      gnss.o
    0x0801df40   0x0801df40   0x00000068   Code   RO          567    i.gnss_init         gnss.o
    0x0801dfa8   0x0801dfa8   0x000000dc   Code   RO            4    i.gpio_init         gpio.o
    0x0801e084   0x0801e084   0x00000064   Code   RO         2991    i.handle_file_beginfirmwareupdate_request  uavcan_update_firmware.o
    0x0801e0e8   0x0801e0e8   0x00000054   Code   RO         2640    i.handle_rtcm       gnss_rtcmstream.o
    0x0801e13c   0x0801e13c   0x000000bc   Code   RO         1409    i.inc_lock          ff.o
    0x0801e1f8   0x0801e1f8   0x00000012   Code   RO         2318    i.incrementTransferID  canard.o
    0x0801e20a   0x0801e20a   0x00000026   Code   RO         2319    i.initPoolAllocator  canard.o
    0x0801e230   0x0801e230   0x00000274   Code   RO          568    i.init_baudrate     gnss.o
    0x0801e4a4   0x0801e4a4   0x0000005c   Code   RO          417    i.init_param        param.o
    0x0801e500   0x0801e500   0x00000120   Code   RO          569    i.init_work_cmd     gnss.o
    0x0801e620   0x0801e620   0x00000014   Code   RO         2320    i.isBigEndian       canard.o
    0x0801e634   0x0801e634   0x00000060   Code   RO         2321    i.isPriorityHigher  canard.o
    0x0801e694   0x0801e694   0x0000000c   Code   RO         1990    i.is_sd_read_complete  bsp_driver_sd.o
    0x0801e6a0   0x0801e6a0   0x0000000c   Code   RO         1991    i.is_sd_write_complete  bsp_driver_sd.o
    0x0801e6ac   0x0801e6ac   0x0000000c   Code   RO          571    i.is_time_valid     gnss.o
    0x0801e6b8   0x0801e6b8   0x0000000c   Code   RO          572    i.is_update_MagneticFieldStrength  gnss.o
    0x0801e6c4   0x0801e6c4   0x0000000c   Code   RO          573    i.is_update_auxiliary  gnss.o
    0x0801e6d0   0x0801e6d0   0x0000000c   Code   RO          574    i.is_update_fix2    gnss.o
    0x0801e6dc   0x0801e6dc   0x00000026   Code   RO         1410    i.ld_clust          ff.o
    0x0801e702   0x0801e702   0x00000018   Code   RO         1411    i.ld_dword          ff.o
    0x0801e71a   0x0801e71a   0x0000000c   Code   RO         1412    i.ld_word           ff.o
    0x0801e726   0x0801e726   0x00000002   PAD
    0x0801e728   0x0801e728   0x00000098   Code   RO            5    i.led_init          gpio.o
    0x0801e7c0   0x0801e7c0   0x0000002c   Code   RO            6    i.led_task          gpio.o
    0x0801e7ec   0x0801e7ec   0x00000040   Code   RO          575    i.log_ppk_data      gnss.o
    0x0801e82c   0x0801e82c   0x000000cc   Code   RO          176    i.main              main.o
    0x0801e8f8   0x0801e8f8   0x0000006c   Code   RO         8307    i.malloc            mc_w.l(malloc.o)
    0x0801e964   0x0801e964   0x00000024   Code   RO         1413    i.mem_cmp           ff.o
    0x0801e988   0x0801e988   0x0000001a   Code   RO         1414    i.mem_cpy           ff.o
    0x0801e9a2   0x0801e9a2   0x00000012   Code   RO         1415    i.mem_set           ff.o
    0x0801e9b4   0x0801e9b4   0x00000078   Code   RO          345    i.micros            time.o
    0x0801ea2c   0x0801ea2c   0x0000006c   Code   RO          346    i.micros_isr        time.o
    0x0801ea98   0x0801ea98   0x0000000c   Code   RO          347    i.millis            time.o
    0x0801eaa4   0x0801eaa4   0x00000034   Code   RO         1416    i.move_window       ff.o
    0x0801ead8   0x0801ead8   0x0000000a   Code   RO         1862    i.num2char          fatfs.o
    0x0801eae2   0x0801eae2   0x00000002   PAD
    0x0801eae4   0x0801eae4   0x00000088   Code   RO         2533    i.onTransferReceived  uavcan.o
    0x0801eb6c   0x0801eb6c   0x00000024   Code   RO          177    i.params_init       main.o
    0x0801eb90   0x0801eb90   0x00000274   Code   RO          576    i.parse             gnss.o
    0x0801ee04   0x0801ee04   0x00000274   Code   RO          577    i.parse1            gnss.o
    0x0801f078   0x0801f078   0x00000038   Code   RO          578    i.parse_ok_cmd      gnss.o
    0x0801f0b0   0x0801f0b0   0x0000001a   Code   RO          860    i.parse_rtcm_data   parse_rtcm.o
    0x0801f0ca   0x0801f0ca   0x00000002   PAD
    0x0801f0cc   0x0801f0cc   0x0000002c   Code   RO          579    i.ppk_task          gnss.o
    0x0801f0f8   0x0801f0f8   0x00000022   Code   RO         2322    i.prepareForNextTransfer  canard.o
    0x0801f11a   0x0801f11a   0x00000022   Code   RO         2323    i.prependRxState    canard.o
    0x0801f13c   0x0801f13c   0x00000410   Code   RO          580    i.process_message   gnss.o
    0x0801f54c   0x0801f54c   0x00000358   Code   RO          581    i.process_message1  gnss.o
    0x0801f8a4   0x0801f8a4   0x00000048   Code   RO         2324    i.pushTxQueue       canard.o
    0x0801f8ec   0x0801f8ec   0x00000138   Code   RO         1418    i.put_fat           ff.o
    0x0801fa24   0x0801fa24   0x00000080   Code   RO         1419    i.put_lfn           ff.o
    0x0801faa4   0x0801faa4   0x00000030   Code   RO         2325    i.releaseStatePayload  canard.o
    0x0801fad4   0x0801fad4   0x0000009a   Code   RO         1423    i.remove_chain      ff.o
    0x0801fb6e   0x0801fb6e   0x00000002   PAD
    0x0801fb70   0x0801fb70   0x00000208   Code   RO          861    i.rtcm_parse        parse_rtcm.o
    0x0801fd78   0x0801fd78   0x00000040   Code   RO          584    i.rtk_task          gnss.o
    0x0801fdb8   0x0801fdb8   0x00000054   Code   RO         3226    i.send_MagneticFieldStrength  ahrs_magneticfieldstrength.o
    0x0801fe0c   0x0801fe0c   0x00000054   Code   RO         3015    i.send_auxiliary    gnss_auxiliary.o
    0x0801fe60   0x0801fe60   0x00000054   Code   RO         3108    i.send_fix2         gnss_fix2.o
    0x0801feb4   0x0801feb4   0x0000000c   Code   RO          586    i.set_MagneticFieldStrength_status  gnss.o
    0x0801fec0   0x0801fec0   0x0000000c   Code   RO          587    i.set_auxiliary_status  gnss.o
    0x0801fecc   0x0801fecc   0x0000000c   Code   RO         1863    i.set_file_valid_or_not  fatfs.o
    0x0801fed8   0x0801fed8   0x0000000c   Code   RO         1992    i.set_sd_read_complete  bsp_driver_sd.o
    0x0801fee4   0x0801fee4   0x0000000c   Code   RO         1993    i.set_sd_write_complete  bsp_driver_sd.o
    0x0801fef0   0x0801fef0   0x0000000c   Code   RO          589    i.set_status_fix2   gnss.o
    0x0801fefc   0x0801fefc   0x000000e4   Code   RO         2534    i.shouldAcceptTransfer  uavcan.o
    0x0801ffe0   0x0801ffe0   0x00000024   Code   RO         1424    i.st_clust          ff.o
    0x08020004   0x08020004   0x00000018   Code   RO         1425    i.st_dword          ff.o
    0x0802001c   0x0802001c   0x0000000c   Code   RO         1426    i.st_word           ff.o
    0x08020028   0x08020028   0x0000005a   Code   RO          912    i.start_usart_ringbuf  usart.o
    0x08020082   0x08020082   0x00000020   Code   RO         1427    i.sum_sfn           ff.o
    0x080200a2   0x080200a2   0x00000022   Code   RO         2326    i.swapByteOrder     canard.o
    0x080200c4   0x080200c4   0x00000090   Code   RO         1428    i.sync_fs           ff.o
    0x08020154   0x08020154   0x00000052   Code   RO         1429    i.sync_window       ff.o
    0x080201a6   0x080201a6   0x00000002   PAD
    0x080201a8   0x080201a8   0x00000038   Code   RO          348    i.sys_boot_time     time.o
    0x080201e0   0x080201e0   0x00000024   Code   RO          178    i.sys_remap         main.o
    0x08020204   0x08020204   0x00000044   Code   RO          349    i.time_init         time.o
    0x08020248   0x08020248   0x0000003c   Code   RO         2327    i.traverseRxStates  canard.o
    0x08020284   0x08020284   0x0000007a   Code   RO         1025    i.uart_read_data    usart_dma2ringbuf.o
    0x080202fe   0x080202fe   0x000000e0   Code   RO         1026    i.uart_read_data_unit  usart_dma2ringbuf.o
    0x080203de   0x080203de   0x0000001c   Code   RO          913    i.uart_set_baud     usart.o
    0x080203fa   0x080203fa   0x00000020   Code   RO         2961    i.uavcan_Timestamp_encode_internal  uavcan_timestamp.o
    0x0802041a   0x0802041a   0x0000001c   Code   RO         3229    i.uavcan_equipment_ahrs_MagneticFieldStrength_encode  ahrs_magneticfieldstrength.o
    0x08020436   0x08020436   0x00000062   Code   RO         3230    i.uavcan_equipment_ahrs_MagneticFieldStrength_encode_internal  ahrs_magneticfieldstrength.o
    0x08020498   0x08020498   0x0000001c   Code   RO         3018    i.uavcan_equipment_gnss_Auxiliary_encode  gnss_auxiliary.o
    0x080204b4   0x080204b4   0x0000012e   Code   RO         3019    i.uavcan_equipment_gnss_Auxiliary_encode_internal  gnss_auxiliary.o
    0x080205e2   0x080205e2   0x00000084   Code   RO         3074    i.uavcan_equipment_gnss_ECEFPositionVelocity_encode_internal  gnss_ecefpositionvelocity.o
    0x08020666   0x08020666   0x0000001c   Code   RO         3111    i.uavcan_equipment_gnss_Fix2_encode  gnss_fix2.o
    0x08020682   0x08020682   0x00000002   PAD
    0x08020684   0x08020684   0x000002f0   Code   RO         3112    i.uavcan_equipment_gnss_Fix2_encode_internal  gnss_fix2.o
    0x08020974   0x08020974   0x00000060   Code   RO         2535    i.uavcan_framne_pop  uavcan.o
    0x080209d4   0x080209d4   0x00000078   Code   RO         2536    i.uavcan_framne_push  uavcan.o
    0x08020a4c   0x08020a4c   0x00000060   Code   RO         2793    i.uavcan_get_node_info_respond  uavcan_get_node_info.o
    0x08020aac   0x08020aac   0x00000008   Code   RO         2862    i.uavcan_get_node_status  uavcan_node_status.o
    0x08020ab4   0x08020ab4   0x00000048   Code   RO         2927    i.uavcan_handle_node_restart  uavcan_reboot.o
    0x08020afc   0x08020afc   0x00000034   Code   RO         2537    i.uavcan_handle_rx  uavcan.o
    0x08020b30   0x08020b30   0x0000004c   Code   RO         2538    i.uavcan_init       uavcan.o
    0x08020b7c   0x08020b7c   0x00000002   Code   RO          499    i.uavcan_log        log.o
    0x08020b7e   0x08020b7e   0x00000002   PAD
    0x08020b80   0x08020b80   0x00000094   Code   RO         2794    i.uavcan_node_info_init  uavcan_get_node_info.o
    0x08020c14   0x08020c14   0x0000001c   Code   RO         2863    i.uavcan_node_status_init  uavcan_node_status.o
    0x08020c30   0x08020c30   0x0000005c   Code   RO         2796    i.uavcan_protocol_GetNodeInfoResponse_encode  uavcan_get_node_info.o
    0x08020c8c   0x08020c8c   0x0000008a   Code   RO         2798    i.uavcan_protocol_HardwareVersion_encode  uavcan_get_node_info.o
    0x08020d16   0x08020d16   0x00000062   Code   RO         2865    i.uavcan_protocol_NodeStatus_encode  uavcan_node_status.o
    0x08020d78   0x08020d78   0x00000068   Code   RO         2800    i.uavcan_protocol_SoftwareVersion_encode  uavcan_get_node_info.o
    0x08020de0   0x08020de0   0x0000000c   Code   RO         3283    i.uavcan_protocol_param_Empty_decode_internal  param_empty.o
    0x08020dec   0x08020dec   0x00000008   Code   RO         3285    i.uavcan_protocol_param_Empty_encode_internal  param_empty.o
    0x08020df4   0x08020df4   0x00000050   Code   RO         3312    i.uavcan_protocol_param_ExecuteOpcodeRequest_decode  param_executeopcode.o
    0x08020e44   0x08020e44   0x0000005a   Code   RO         3313    i.uavcan_protocol_param_ExecuteOpcodeRequest_decode_internal  param_executeopcode.o
    0x08020e9e   0x08020e9e   0x0000001c   Code   RO         3318    i.uavcan_protocol_param_ExecuteOpcodeResponse_encode  param_executeopcode.o
    0x08020eba   0x08020eba   0x00000002   PAD
    0x08020ebc   0x08020ebc   0x00000088   Code   RO         3319    i.uavcan_protocol_param_ExecuteOpcodeResponse_encode_internal  param_executeopcode.o
    0x08020f44   0x08020f44   0x00000050   Code   RO         3366    i.uavcan_protocol_param_GetSetRequest_decode  param_getset.o
    0x08020f94   0x08020f94   0x000000ce   Code   RO         3367    i.uavcan_protocol_param_GetSetRequest_decode_internal  param_getset.o
    0x08021062   0x08021062   0x0000001c   Code   RO         3372    i.uavcan_protocol_param_GetSetResponse_encode  param_getset.o
    0x0802107e   0x0802107e   0x0000008e   Code   RO         3373    i.uavcan_protocol_param_GetSetResponse_encode_internal  param_getset.o
    0x0802110c   0x0802110c   0x00000064   Code   RO         3423    i.uavcan_protocol_param_NumericValue_encode_internal  param_numericvalue.o
    0x08021170   0x08021170   0x00000144   Code   RO         3451    i.uavcan_protocol_param_Value_decode_internal  param_value.o
    0x080212b4   0x080212b4   0x000000b8   Code   RO         3453    i.uavcan_protocol_param_Value_encode_internal  param_value.o
    0x0802136c   0x0802136c   0x00000032   Code   RO         2928    i.uavcan_reboot_request  uavcan_reboot.o
    0x0802139e   0x0802139e   0x00000002   PAD
    0x080213a0   0x080213a0   0x00000050   Code   RO         2929    i.uavcan_reboot_respond  uavcan_reboot.o
    0x080213f0   0x080213f0   0x00000088   Code   RO         2866    i.uavcan_send_heartbeat  uavcan_node_status.o
    0x08021478   0x08021478   0x00000026   Code   RO         2539    i.uavcan_task       uavcan.o
    0x0802149e   0x0802149e   0x00000002   PAD
    0x080214a0   0x080214a0   0x000000dc   Code   RO         3231    i.update_MagneticFieldStrength_data  ahrs_magneticfieldstrength.o
    0x0802157c   0x0802157c   0x00000034   Code   RO         3020    i.update_auxiliary  gnss_auxiliary.o
    0x080215b0   0x080215b0   0x00000128   Code   RO         2697    i.update_bestxyz    mmc_gnssecef.o
    0x080216d8   0x080216d8   0x00000054   Code   RO         3113    i.update_fix2_bestvel  gnss_fix2.o
    0x0802172c   0x0802172c   0x00000158   Code   RO         3114    i.update_fix2_bestxyz  gnss_fix2.o
    0x08021884   0x08021884   0x00000158   Code   RO         3115    i.update_fix2_data  gnss_fix2.o
    0x080219dc   0x080219dc   0x00000014   Code   RO         3116    i.update_fix2_psrdop  gnss_fix2.o
    0x080219f0   0x080219f0   0x00000028   Code   RO         2698    i.update_heading    mmc_gnssecef.o
    0x08021a18   0x08021a18   0x00000002   Code   RO         2699    i.update_psrdop2    mmc_gnssecef.o
    0x08021a1a   0x08021a1a   0x00000002   PAD
    0x08021a1c   0x08021a1c   0x00000130   Code   RO         2700    i.update_timestamp  mmc_gnssecef.o
    0x08021b4c   0x08021b4c   0x00000010   Code   RO          914    i.usart_init        usart.o
    0x08021b5c   0x08021b5c   0x00000090   Code   RO         1027    i.usart_update_ringbuf  usart_dma2ringbuf.o
    0x08021bec   0x08021bec   0x0000004c   Code   RO         4118    i.usb_device_init   usb_device.o
    0x08021c38   0x08021c38   0x0000002c   Code   RO            7    i.usb_insert_task   gpio.o
    0x08021c64   0x08021c64   0x0000003c   Code   RO         1430    i.validate          ff.o
    0x08021ca0   0x08021ca0   0x0000001c   Data   RO          592    .constdata          gnss.o
    0x08021cbc   0x08021cbc   0x00000400   Data   RO          863    .constdata          parse_rtcm.o
    0x080220bc   0x080220bc   0x00000018   Data   RO         1264    .constdata          system_stm32f4xx.o
    0x080220d4   0x080220d4   0x0000002a   Data   RO         1432    .constdata          ff.o
    0x080220fe   0x080220fe   0x0002abb6   Data   RO         1822    .constdata          cc936.o
    0x0804ccb4   0x0804ccb4   0x00000014   Data   RO         2129    .constdata          sd_diskio.o
    0x0804ccc8   0x0804ccc8   0x00000014   Data   RO         2328    .constdata          canard.o
    0x0804ccdc   0x0804ccdc   0x0000000c   Data   RO         2702    .constdata          mmc_gnssecef.o
    0x0804cce8   0x0804cce8   0x00000024   Data   RO         4432    .constdata          usbd_storage_if.o
    0x0804cd0c   0x0804cd0c   0x00000008   Data   RO         5578    .constdata          stm32f4xx_hal_dma.o
    0x0804cd14   0x0804cd14   0x00000004   PAD
    0x0804cd18   0x0804cd18   0x00000030   Data   RO         8349    .constdata          m_wm.l(cos_i.o)
    0x0804cd48   0x0804cd48   0x000000c8   Data   RO         8367    .constdata          m_wm.l(rred.o)
    0x0804ce10   0x0804ce10   0x00000028   Data   RO         8371    .constdata          m_wm.l(sin_i.o)
    0x0804ce38   0x0804ce38   0x000002f5   Data   RO          593    .conststring        gnss.o
    0x0804d12d   0x0804d12d   0x00000003   PAD
    0x0804d130   0x0804d130   0x00000020   Data   RO         8431    Region$$Table       anon$$obj.o


    Execution Region RW_IRAM1 (Exec base: 0x20000000, Load base: 0x0804d150, Size: 0x00012d20, Max: 0x00030000, ABSOLUTE, COMPRESSED[0x00000130])

    Exec Addr    Load Addr    Size         Type   Attr      Idx    E Section Name        Object

    0x20000000   COMPRESSED   0x00000004   Data   RW            8    .data               gpio.o
    0x20000004   COMPRESSED   0x00000001   Data   RW          180    .data               main.o
    0x20000005   COMPRESSED   0x00000003   PAD
    0x20000008   COMPRESSED   0x00000018   Data   RW          351    .data               time.o
    0x20000020   COMPRESSED   0x00000001   Data   RW          419    .data               param.o
    0x20000021   COMPRESSED   0x00000003   PAD
    0x20000024   COMPRESSED   0x000000c9   Data   RW          594    .data               gnss.o
    0x200000ed   COMPRESSED   0x00000001   PAD
    0x200000ee   COMPRESSED   0x0000000c   Data   RW          864    .data               parse_rtcm.o
    0x200000fa   COMPRESSED   0x00000002   PAD
    0x200000fc   COMPRESSED   0x00000040   Data   RW          916    .data               usart.o
    0x2000013c   COMPRESSED   0x00000004   Data   RW         1265    .data               system_stm32f4xx.o
    0x20000140   COMPRESSED   0x00000006   Data   RW         1433    .data               ff.o
    0x20000146   COMPRESSED   0x00000002   PAD
    0x20000148   COMPRESSED   0x00000010   Data   RW         1865    .data               fatfs.o
    0x20000158   COMPRESSED   0x00000002   Data   RW         1994    .data               bsp_driver_sd.o
    0x2000015a   COMPRESSED   0x00000002   PAD
    0x2000015c   COMPRESSED   0x0000000c   Data   RW         2130    .data               sd_diskio.o
    0x20000168   COMPRESSED   0x00000010   Data   RW         2541    .data               uavcan.o
    0x20000178   COMPRESSED   0x0000006d   Data   RW         2703    .data               mmc_gnssecef.o
    0x200001e5   COMPRESSED   0x00000003   PAD
    0x200001e8   COMPRESSED   0x00000009   Data   RW         2870    .data               uavcan_node_status.o
    0x200001f1   COMPRESSED   0x00000001   Data   RW         3022    .data               gnss_auxiliary.o
    0x200001f2   COMPRESSED   0x00000001   Data   RW         3118    .data               gnss_fix2.o
    0x200001f3   COMPRESSED   0x00000001   Data   RW         3233    .data               ahrs_magneticfieldstrength.o
    0x200001f4   COMPRESSED   0x00000001   Data   RW         3648    .data               usbd_ctlreq.o
    0x200001f5   COMPRESSED   0x00000003   PAD
    0x200001f8   COMPRESSED   0x000000a2   Data   RW         3806    .data               usbd_msc.o
    0x2000029a   COMPRESSED   0x00000040   Data   RW         3965    .data               usbd_msc_data.o
    0x200002da   COMPRESSED   0x00000002   PAD
    0x200002dc   COMPRESSED   0x0000004e   Data   RW         4358    .data               usbd_desc.o
    0x2000032a   COMPRESSED   0x00000002   PAD
    0x2000032c   COMPRESSED   0x00000021   Data   RW         4433    .data               usbd_storage_if.o
    0x2000034d   COMPRESSED   0x00000003   PAD
    0x20000350   COMPRESSED   0x00000009   Data   RW         6010    .data               stm32f4xx_hal.o
    0x20000359   COMPRESSED   0x00000003   PAD
    0x2000035c   COMPRESSED   0x00000004   Data   RW         8390    .data               mc_w.l(stdout.o)
    0x20000360   COMPRESSED   0x00000004   Data   RW         8395    .data               mc_w.l(mvars.o)
    0x20000364   COMPRESSED   0x00000004   Data   RW         8396    .data               mc_w.l(mvars.o)
    0x20000368   COMPRESSED   0x00000004   Data   RW         8400    .data               mc_w.l(errno.o)
    0x2000036c   COMPRESSED   0x00000004   PAD
    0x20000370        -       0x00000170   Zero   RW          418    .bss                param.o
    0x200004e0        -       0x000034e8   Zero   RW          591    .bss                gnss.o
    0x200039c8        -       0x00000400   Zero   RW          862    .bss                parse_rtcm.o
    0x20003dc8        -       0x00004680   Zero   RW          915    .bss                usart.o
    0x20008448        -       0x00000020   Zero   RW         1431    .bss                ff.o
    0x20008468        -       0x0000000c   Zero   RW         1750    .bss                ff_gen_drv.o
    0x20008474        -       0x00000464   Zero   RW         1864    .bss                fatfs.o
    0x200088d8        -       0x00000144   Zero   RW         2200    .bss                sdio.o
    0x20008a1c        -       0x00000050   Zero   RW         2244    .bss                can_bus.o
    0x20008a6c        -       0x0000782c   Zero   RW         2540    .bss                uavcan.o
    0x20010298        -       0x00000080   Zero   RW         2645    .bss                gnss_rtcmstream.o
    0x20010318        -       0x00000048   Zero   RW         2801    .bss                uavcan_get_node_info.o
    0x20010360        -       0x0000000c   Zero   RW         2869    .bss                uavcan_node_status.o
    0x2001036c        -       0x00000020   Zero   RW         3021    .bss                gnss_auxiliary.o
    0x2001038c        -       0x00000088   Zero   RW         3117    .bss                gnss_fix2.o
    0x20010414        -       0x00000010   Zero   RW         3232    .bss                ahrs_magneticfieldstrength.o
    0x20010424        -       0x000002d0   Zero   RW         4119    .bss                usb_device.o
    0x200106f4        -       0x00000408   Zero   RW         4182    .bss                usbd_conf.o
    0x20010afc        -       0x00000200   Zero   RW         4357    .bss                usbd_desc.o
    0x20010cfc        -       0x00000020   Zero   RW         5232    .bss                stm32f4xx_hal_flash.o
    0x20010d1c   COMPRESSED   0x00000004   PAD
    0x20010d20        -       0x00001000   Zero   RW         1297    HEAP                startup_stm32f405xx.o
    0x20011d20        -       0x00001000   Zero   RW         1296    STACK               startup_stm32f405xx.o


==============================================================================

Image component sizes


      Code (inc. data)   RO Data    RW Data    ZI Data      Debug   Object Name

       430         48          0          1         16       4725   ahrs_magneticfieldstrength.o
       284         58          0          2          0      10446   bsp_driver_sd.o
       596         28          0          0         80       4393   can_bus.o
      4442         18         20          0          0      40664   canard.o
       288         26     175030          0          0       2671   cc936.o
       208         24          0          0          0       6705   diskio.o
       216          6          0          0          0       1015   dma.o
       914        146          0         16       1124       7033   fatfs.o
      8666        176         42          6         32      45621   ff.o
       102          6          0          0         12       1887   ff_gen_drv.o
      4674        556        785        201      13544      23842   gnss.o
       466         28          0          1         32       4319   gnss_auxiliary.o
       132          0          0          0          0       2805   gnss_ecefpositionvelocity.o
      1672         84          0          1        136       9635   gnss_fix2.o
        84          6          0          0        128        790   gnss_rtcmstream.o
       460         30          0          4          0     679840   gpio.o
         2          0          0          0          0        633   log.o
       506         60          0          1          0      26909   main.o
       650         20         12        109          0       5627   mmc_gnssecef.o
      1544        290          0          1        368      16464   param.o
        20          0          0          0          0       2336   param_empty.o
       334          4          0          0          0       4680   param_executeopcode.o
       456          0          0          0          0       4696   param_getset.o
       100          0          0          0          0       1573   param_numericvalue.o
       508          0          0          0          0       2860   param_value.o
       598        124       1024         12       1024       3359   parse_rtcm.o
       542         38         20         12          0       7925   sd_diskio.o
       432         40          0          0        324       2403   sdio.o
        36          8        392          0       8192        880   startup_stm32f405xx.o
       248         54          0          9          0      11790   stm32f4xx_hal.o
      2190          6          0          0          0      17131   stm32f4xx_hal_can.o
       422         30          0          0          0      37580   stm32f4xx_hal_cortex.o
      1270         16          8          0          0       7429   stm32f4xx_hal_dma.o
       652         64          0          0         32       6686   stm32f4xx_hal_flash.o
        92          6          0          0          0        789   stm32f4xx_hal_flash_ex.o
       558         46          0          0          0       3956   stm32f4xx_hal_gpio.o
        72          4          0          0          0        994   stm32f4xx_hal_msp.o
      3296         14          0          0          0      14732   stm32f4xx_hal_pcd.o
        90          0          0          0          0       2713   stm32f4xx_hal_pcd_ex.o
        12          4          0          0          0        615   stm32f4xx_hal_pwr.o
        60         10          0          0          0        758   stm32f4xx_hal_pwr_ex.o
      1800         84          0          0          0       6104   stm32f4xx_hal_rcc.o
        36          0          0          0          0       1983   stm32f4xx_hal_rtc_ex.o
      3650         68          0          0          0      20731   stm32f4xx_hal_sd.o
      2422         40          0          0          0      16014   stm32f4xx_hal_uart.o
       278         90          0          0          0      13410   stm32f4xx_it.o
      2110         46          0          0          0      26687   stm32f4xx_ll_sdmmc.o
      3782        102          0          0          0      24842   stm32f4xx_ll_usb.o
         0          0          0          0          0        612   syscall.o
        28          4         24          4          0       1355   system_stm32f4xx.o
       448         70          0         24          0       4392   time.o
      1034        128          0         16      30764      11785   uavcan.o
       608         52          0          0         72       7073   uavcan_get_node_info.o
       270         32          0          9         12       3895   uavcan_node_status.o
       202         16          0          0          0       2833   uavcan_reboot.o
        32          0          0          0          0       1487   uavcan_timestamp.o
       100          6          0          0          0        802   uavcan_update_firmware.o
      1574        170          0         64      18048      11092   usart.o
       540          0          0          0          0       4281   usart_dma2ringbuf.o
        76         16          0          0        720       1001   usb_device.o
      1028         18          0          0       1032      20418   usbd_conf.o
       902          0          0          0          0      14577   usbd_core.o
      2160         28          0          1          0      18116   usbd_ctlreq.o
       382        118          0         78        512       8321   usbd_desc.o
       134          0          0          0          0       4384   usbd_ioreq.o
       620         24          0        162          0      13826   usbd_msc.o
       756         10          0          0          0       9948   usbd_msc_bot.o
         0          0          0         64          0       1073   usbd_msc_data.o
      3222         18          0          0          0      20351   usbd_msc_scsi.o
       270          4         36         33          0       6475   usbd_storage_if.o

    ----------------------------------------------------------------------
     66874       3226     177432        860      76208    1309777   Object Totals
         0          0         32          0          0          0   (incl. Generated)
        86          4          7         29          4          0   (incl. Padding)

    ----------------------------------------------------------------------

      Code (inc. data)   RO Data    RW Data    ZI Data      Debug   Library Member Name

       200         20          0          0          0        164   cos.o
       368         46         48          0          0        200   cos_i.o
        84         16          0          0          0        372   dunder.o
        24          0          0          0          0        124   fabs.o
        48          0          0          0          0        124   fpclassify.o
       248          0          0          0          0        152   poly.o
      1080        142        200          0          0        188   rred.o
       200         20          0          0          0        164   sin.o
       304         24         40          0          0        208   sin_i.o
        86          0          0          0          0          0   __dczerorl2.o
         0          0          0          0          0          0   entry.o
         0          0          0          0          0          0   entry10a.o
         0          0          0          0          0          0   entry11a.o
         8          4          0          0          0          0   entry2.o
         4          0          0          0          0          0   entry5.o
         0          0          0          0          0          0   entry7b.o
         0          0          0          0          0          0   entry8b.o
         8          4          0          0          0          0   entry9a.o
        12          6          0          4          0         68   errno.o
        30          0          0          0          0          0   handlers.o
        36          8          0          0          0         68   init.o
         0          0          0          0          0          0   iusefp.o
        30          0          0          0          0         68   llshl.o
        36          0          0          0          0         68   llsshr.o
        32          0          0          0          0         68   llushr.o
       188         20          0          0          0        160   malloc.o
        36          0          0          0          0         68   memcpya.o
        36          0          0          0          0        108   memseta.o
         0          0          0          8          0          0   mvars.o
       936         18          0          0          0        504   printf6.o
         0          0          0          4          0          0   stdout.o
        14          0          0          0          0         68   strlen.o
        30          0          0          0          0         80   strncmp.o
        44          0          0          0          0         80   uidiv.o
        98          0          0          0          0         92   uldiv.o
        56          0          0          0          0         88   d2f.o
       334          0          0          0          0        148   dadd.o
       222          0          0          0          0        100   ddiv.o
       186          0          0          0          0        176   depilogue.o
        62          0          0          0          0         80   dfixi.o
        74          0          0          0          0         80   dfixl.o
        34          0          0          0          0         76   dflti.o
        26          0          0          0          0         76   dfltui.o
       228          0          0          0          0         96   dmul.o
        38          0          0          0          0         68   f2d.o
       110          0          0          0          0        168   fepilogue.o

    ----------------------------------------------------------------------
      5598        328        288         16          4       4352   Library Totals
         8          0          0          0          4          0   (incl. Padding)

    ----------------------------------------------------------------------

      Code (inc. data)   RO Data    RW Data    ZI Data      Debug   Library Name

      2556        268        288          0          0       1696   m_wm.l
      1664         60          0         16          0       1500   mc_w.l
      1370          0          0          0          0       1156   mf_w.l

    ----------------------------------------------------------------------
      5598        328        288         16          4       4352   Library Totals

    ----------------------------------------------------------------------

==============================================================================


      Code (inc. data)   RO Data    RW Data    ZI Data      Debug   

     72472       3554     177720        876      76212    1252909   Grand Totals
     72472       3554     177720        304      76212    1252909   ELF Image Totals (compressed)
     72472       3554     177720        304          0          0   ROM Totals

==============================================================================

    Total RO  Size (Code + RO Data)               250192 ( 244.33kB)
    Total RW  Size (RW Data + ZI Data)             77088 (  75.28kB)
    Total ROM Size (Code + RO Data + RW Data)     250496 ( 244.63kB)

==============================================================================

