Component: ARM Compiler 5.06 update 6 (build 750) Tool: armlink [4d35ed]

==============================================================================

Section Cross References

    stm32f4xx_it.o(i.CAN1_RX0_IRQHandler) refers to can_bus.o(i.get_can1_handle) for get_can1_handle
    stm32f4xx_it.o(i.CAN1_RX0_IRQHandler) refers to stm32f4xx_hal_can.o(i.HAL_CAN_IRQHandler) for HAL_CAN_IRQHandler
    stm32f4xx_it.o(i.CAN2_RX0_IRQHandler) refers to can_bus.o(i.get_can2_handle) for get_can2_handle
    stm32f4xx_it.o(i.CAN2_RX0_IRQHandler) refers to stm32f4xx_hal_can.o(i.HAL_CAN_IRQHandler) for HAL_CAN_IRQHandler
    main.o(i.main) refers to system.o(i.sys_init) for sys_init
    main.o(i.main) refers to boot.o(i.boot) for boot
    main.o(i.main) refers to light.o(i.indicator) for indicator
    main.o(i.main) refers to stm32f4xx_hal_gpio.o(i.HAL_GPIO_WritePin) for HAL_GPIO_WritePin
    main.o(i.main) refers to uavcan.o(i.uavcan_init) for uavcan_init
    main.o(i.main) refers to boot.o(i.bl_timeout) for bl_timeout
    main.o(i.main) refers to system.o(i.jump_to_app) for jump_to_app
    main.o(i.main) refers to light.o(i.indicator_task) for indicator_task
    main.o(i.main) refers to uavcan.o(i.uavcan_task) for uavcan_task
    info.o(i.get_can_baudrate) refers to info.o(.data) for .data
    info.o(i.get_can_node_id) refers to info.o(.data) for .data
    info.o(i.set_can_baudrate) refers to info.o(.data) for .data
    info.o(i.set_can_node_id) refers to info.o(.data) for .data
    boot.o(i.bl_timeout) refers to time.o(i.millis) for millis
    boot.o(i.bl_timeout) refers to boot.o(.data) for .data
    boot.o(i.bl_timeout_reset) refers to time.o(i.millis) for millis
    boot.o(i.bl_timeout_reset) refers to boot.o(.data) for .data
    boot.o(i.boot) refers to watchdog.o(i.was_watchdag_reset) for was_watchdag_reset
    boot.o(i.boot) refers to boot.o(i.boot_option) for boot_option
    boot.o(i.boot) refers to stm32f4xx_hal_rtc_ex.o(i.HAL_RTCEx_BKUPWrite) for HAL_RTCEx_BKUPWrite
    boot.o(i.boot) refers to system.o(i.bl_check_app_exist) for bl_check_app_exist
    boot.o(i.boot) refers to system.o(i.jump_to_app) for jump_to_app
    boot.o(i.boot) refers to boot.o(.data) for .data
    boot.o(i.boot) refers to boot.o(.bss) for .bss
    boot.o(i.boot_option) refers to stm32f4xx_hal_rtc_ex.o(i.HAL_RTCEx_BKUPRead) for HAL_RTCEx_BKUPRead
    boot.o(i.boot_option) refers to boot.o(i.check_update) for check_update
    boot.o(i.boot_option) refers to boot.o(.data) for .data
    boot.o(i.check_update) refers to stm32f4xx_hal_rtc_ex.o(i.HAL_RTCEx_BKUPRead) for HAL_RTCEx_BKUPRead
    boot.o(i.check_update) refers to info.o(i.set_can_node_id) for set_can_node_id
    boot.o(i.check_update) refers to info.o(i.set_can_baudrate) for set_can_baudrate
    light.o(i.indicator) refers to led.o(i.led_init) for led_init
    light.o(i.indicator_task) refers to time.o(i.millis) for millis
    light.o(i.indicator_task) refers to stm32f4xx_hal_gpio.o(i.HAL_GPIO_TogglePin) for HAL_GPIO_TogglePin
    light.o(i.indicator_task) refers to light.o(.data) for .data
    uavcan.o(i.HAL_CAN_RxFifo0MsgPendingCallback) refers to stm32f4xx_hal_can.o(i.HAL_CAN_GetRxMessage) for HAL_CAN_GetRxMessage
    uavcan.o(i.HAL_CAN_RxFifo0MsgPendingCallback) refers to uavcan.o(i.uavcan_frame_push) for uavcan_frame_push
    uavcan.o(i.canard_handle_clean) refers to time.o(i.millis) for millis
    uavcan.o(i.canard_handle_clean) refers to canard.o(i.canardCleanupStaleTransfers) for canardCleanupStaleTransfers
    uavcan.o(i.canard_handle_clean) refers to uavcan.o(.bss) for .bss
    uavcan.o(i.canard_handle_clean) refers to uavcan.o(.data) for .data
    uavcan.o(i.canard_handle_tx) refers to can_bus.o(i.get_can1_handle) for get_can1_handle
    uavcan.o(i.canard_handle_tx) refers to can_bus.o(i.get_can2_handle) for get_can2_handle
    uavcan.o(i.canard_handle_tx) refers to canard.o(i.canardPeekTxQueue) for canardPeekTxQueue
    uavcan.o(i.canard_handle_tx) refers to stm32f4xx_hal_can.o(i.HAL_CAN_AddTxMessage) for HAL_CAN_AddTxMessage
    uavcan.o(i.canard_handle_tx) refers to canard.o(i.canardPopTxQueue) for canardPopTxQueue
    uavcan.o(i.canard_handle_tx) refers to stm32f4xx_hal.o(i.HAL_Delay) for HAL_Delay
    uavcan.o(i.canard_handle_tx) refers to uavcan.o(.bss) for .bss
    uavcan.o(i.canard_handle_tx) refers to uavcan.o(.data) for .data
    uavcan.o(i.get_can_stat) refers to uavcan.o(.data) for .data
    uavcan.o(i.onTransferReceived) refers to uavcan_reboot.o(i.uavcan_handle_node_restart) for uavcan_handle_node_restart
    uavcan.o(i.onTransferReceived) refers to uavcan_file_read.o(i.handle_begin_firmware_update) for handle_begin_firmware_update
    uavcan.o(i.onTransferReceived) refers to uavcan_get_node_info.o(i.uavcan_get_node_info_respond) for uavcan_get_node_info_respond
    uavcan.o(i.onTransferReceived) refers to uavcan_allocatee_id.o(i.handle_allocation_data_broadcast) for handle_allocation_data_broadcast
[...]
    i.allocation_start_request_timer         0x08001ce0   Section        0  uavcan_allocatee_id.o(i.allocation_start_request_timer)
    allocation_start_request_timer           0x08001ce1   Thumb Code    46  uavcan_allocatee_id.o(i.allocation_start_request_timer)
    i.allocation_update                      0x08001d18   Section        0  uavcan_allocatee_id.o(i.allocation_update)
    i.bl_check_app_exist                     0x08001d9c   Section        0  system.o(i.bl_check_app_exist)
    i.bl_timeout                             0x08001db8   Section        0  boot.o(i.bl_timeout)
    i.bl_timeout_reset                       0x08001de8   Section        0  boot.o(i.bl_timeout_reset)
    i.boot                                   0x08001df8   Section        0  boot.o(i.boot)
    i.boot_option                            0x08001e68   Section        0  boot.o(i.boot_option)
    boot_option                              0x08001e69   Thumb Code    78  boot.o(i.boot_option)
    i.bufferBlockPushBytes                   0x08001ebc   Section        0  canard.o(i.bufferBlockPushBytes)
    bufferBlockPushBytes                     0x08001ebd   Thumb Code   230  canard.o(i.bufferBlockPushBytes)
    i.can_config                             0x08001fa4   Section        0  can_bus.o(i.can_config)
    i.can_gpio_init                          0x080020a4   Section        0  can_bus.o(i.can_gpio_init)
    i.canardBroadcast                        0x08002130   Section        0  canard.o(i.canardBroadcast)
    i.canardCleanupStaleTransfers            0x080021c8   Section        0  canard.o(i.canardCleanupStaleTransfers)
    i.canardDecodeScalar                     0x08002234   Section        0  canard.o(i.canardDecodeScalar)
    i.canardEncodeScalar                     0x0800237e   Section        0  canard.o(i.canardEncodeScalar)
    i.canardGetLocalNodeID                   0x08002416   Section        0  canard.o(i.canardGetLocalNodeID)
    i.canardHandleRxFrame                    0x0800241c   Section        0  canard.o(i.canardHandleRxFrame)
    i.canardInit                             0x08002764   Section        0  canard.o(i.canardInit)
    i.canardPeekTxQueue                      0x080027ba   Section        0  canard.o(i.canardPeekTxQueue)
    i.canardPopTxQueue                       0x080027c4   Section        0  canard.o(i.canardPopTxQueue)
    i.canardReleaseRxTransferPayload         0x080027d2   Section        0  canard.o(i.canardReleaseRxTransferPayload)
    i.canardRequestOrRespond                 0x080027f6   Section        0  canard.o(i.canardRequestOrRespond)
    i.canardSetLocalNodeID                   0x0800286e   Section        0  canard.o(i.canardSetLocalNodeID)
    i.canard_handle_clean                    0x08002880   Section        0  uavcan.o(i.canard_handle_clean)
    canard_handle_clean                      0x08002881   Thumb Code    68  uavcan.o(i.canard_handle_clean)
    i.canard_handle_tx                       0x080028d0   Section        0  uavcan.o(i.canard_handle_tx)
    canard_handle_tx                         0x080028d1   Thumb Code   176  uavcan.o(i.canard_handle_tx)
    i.check_update                           0x0800298c   Section        0  boot.o(i.check_update)
    i.clk_conf                               0x080029c0   Section        0  system.o(i.clk_conf)
    clk_conf                                 0x080029c1   Thumb Code   170  system.o(i.clk_conf)
    i.compute_can_timings                    0x08002a74   Section        0  can_bus.o(i.compute_can_timings)
    compute_can_timings                      0x08002a75   Thumb Code   222  can_bus.o(i.compute_can_timings)
    i.copyBitArray                           0x08002b58   Section        0  canard.o(i.copyBitArray)
    copyBitArray                             0x08002b59   Thumb Code   112  canard.o(i.copyBitArray)
    i.crcAdd                                 0x08002bc8   Section        0  canard.o(i.crcAdd)
    crcAdd                                   0x08002bc9   Thumb Code    22  canard.o(i.crcAdd)
    i.crcAddByte                             0x08002bde   Section        0  canard.o(i.crcAddByte)
    crcAddByte                               0x08002bdf   Thumb Code    36  canard.o(i.crcAddByte)
    i.crcAddSignature                        0x08002c02   Section        0  canard.o(i.crcAddSignature)
    crcAddSignature                          0x08002c03   Thumb Code    44  canard.o(i.crcAddSignature)
    i.createBufferBlock                      0x08002c2e   Section        0  canard.o(i.createBufferBlock)
    createBufferBlock                        0x08002c2f   Thumb Code    16  canard.o(i.createBufferBlock)
    i.createRxState                          0x08002c3e   Section        0  canard.o(i.createRxState)
    createRxState                            0x08002c3f   Thumb Code    46  canard.o(i.createRxState)
    i.createTxItem                           0x08002c6c   Section        0  canard.o(i.createTxItem)
    createTxItem                             0x08002c6d   Thumb Code    24  canard.o(i.createTxItem)
    i.descatterTransferPayload               0x08002c84   Section        0  canard.o(i.descatterTransferPayload)
    descatterTransferPayload                 0x08002c85   Thumb Code   246  canard.o(i.descatterTransferPayload)
    i.enqueueTxFrames                        0x08002d7c   Section        0  canard.o(i.enqueueTxFrames)
    enqueueTxFrames                          0x08002d7d   Thumb Code   238  canard.o(i.enqueueTxFrames)
    i.extractTransferType                    0x08002e6a   Section        0  canard.o(i.extractTransferType)
    extractTransferType                      0x08002e6b   Thumb Code    22  canard.o(i.extractTransferType)
    i.file_write_to_flash                    0x08002e80   Section        0  read_write.o(i.file_write_to_flash)
    i.findRxState                            0x08002f78   Section        0  canard.o(i.findRxState)
    findRxState                              0x08002f79   Thumb Code    16  canard.o(i.findRxState)
    i.flash_erase_page                       0x08002f88   Section        0  flash.o(i.flash_erase_page)
    i.flash_write                            0x08002fbe   Section        0  flash.o(i.flash_write)
    i.freeBlock                              0x08002ff8   Section        0  canard.o(i.freeBlock)
    freeBlock                                0x08002ff9   Thumb Code    14  canard.o(i.freeBlock)
    i.g_erase_param_flash                    0x08003008   Section        0  param.o(i.g_erase_param_flash)
    i.g_handle_param_execute                 0x0800305c   Section        0  param.o(i.g_handle_param_execute)
    i.g_handle_param_get_set                 0x080030e4   Section        0  param.o(i.g_handle_param_get_set)
    i.g_load_flash_param                     0x0800320c   Section        0  param.o(i.g_load_flash_param)
    i.g_save_param_to_flash                  0x080032bc   Section        0  param.o(i.g_save_param_to_flash)
    i.get_can1_handle                        0x08003490   Section        0  can_bus.o(i.get_can1_handle)
    i.get_can2_handle                        0x08003498   Section        0  can_bus.o(i.get_can2_handle)
    i.get_can_node_id                        0x080034a0   Section        0  info.o(i.get_can_node_id)
    i.get_random_float                       0x080034ac   Section        0  uavcan_allocatee_id.o(i.get_random_float)
    get_random_float                         0x080034ad   Thumb Code    54  uavcan_allocatee_id.o(i.get_random_float)
    i.get_sector                             0x080034f0   Section        0  flash.o(i.get_sector)
    i.get_unique_id                          0x080035b8   Section        0  system.o(i.get_unique_id)
    i.handle_allocation_data_broadcast       0x080035d0   Section        0  uavcan_allocatee_id.o(i.handle_allocation_data_broadcast)
    i.handle_begin_firmware_update           0x08003690   Section        0  uavcan_file_read.o(i.handle_begin_firmware_update)
    i.handle_file_read_response              0x08003748   Section        0  uavcan_file_read.o(i.handle_file_read_response)
    i.incrementTransferID                    0x080037c4   Section        0  canard.o(i.incrementTransferID)
    incrementTransferID                      0x080037c5   Thumb Code    18  canard.o(i.incrementTransferID)
    i.indicator                              0x080037d6   Section        0  light.o(i.indicator)
    i.indicator_task                         0x080037dc   Section        0  light.o(i.indicator_task)
    i.init_param                             0x08003818   Section        0  param.o(i.init_param)
    init_param                               0x08003819   Thumb Code   122  param.o(i.init_param)
    i.isBigEndian                            0x080038c0   Section        0  canard.o(i.isBigEndian)
    isBigEndian                              0x080038c1   Thumb Code    10  canard.o(i.isBigEndian)
    i.jump_to_app                            0x080038cc   Section        0  system.o(i.jump_to_app)
    i.led_init                               0x080038fc   Section        0  led.o(i.led_init)
    i.main                                   0x0800397c   Section        0  main.o(i.main)
    i.micros                                 0x080039e8   Section        0  time.o(i.micros)
    i.micros_isr                             0x08003a48   Section        0  time.o(i.micros_isr)
    micros_isr                               0x08003a49   Thumb Code    74  time.o(i.micros_isr)
    i.millis                                 0x08003a98   Section        0  time.o(i.millis)
    i.onTransferReceived                     0x08003aa4   Section        0  uavcan.o(i.onTransferReceived)
    onTransferReceived                       0x08003aa5   Thumb Code    86  uavcan.o(i.onTransferReceived)
    i.prepareForNextTransfer                 0x08003afc   Section        0  canard.o(i.prepareForNextTransfer)
    prepareForNextTransfer                   0x08003afd   Thumb Code    24  canard.o(i.prepareForNextTransfer)
    i.pushTxQueue                            0x08003b18   Section        0  canard.o(i.pushTxQueue)
    pushTxQueue                              0x08003b19   Thumb Code   130  canard.o(i.pushTxQueue)
    i.releaseStatePayload                    0x08003b9c   Section        0  canard.o(i.releaseStatePayload)
    releaseStatePayload                      0x08003b9d   Thumb Code    40  canard.o(i.releaseStatePayload)
    i.set_can_baudrate                       0x08003bc8   Section        0  info.o(i.set_can_baudrate)
    i.set_can_node_id                        0x08003bd4   Section        0  info.o(i.set_can_node_id)
    i.set_flash_state                        0x08003be4   Section        0  uavcan_file_read.o(i.set_flash_state)
    i.shouldAcceptTransfer                   0x08003c34   Section        0  uavcan.o(i.shouldAcceptTransfer)
    shouldAcceptTransfer                     0x08003c35   Thumb Code   122  uavcan.o(i.shouldAcceptTransfer)
    i.sw_crc32_calculate                     0x08003cec   Section        0  sw_crc.o(i.sw_crc32_calculate)
    i.swapByteOrder                          0x08003d18   Section        0  canard.o(i.swapByteOrder)
    swapByteOrder                            0x08003d19   Thumb Code    26  canard.o(i.swapByteOrder)
    i.sys_boot_time                          0x08003d34   Section        0  time.o(i.sys_boot_time)
    i.sys_init                               0x08003d68   Section        0  system.o(i.sys_init)
    i.system_reboot                          0x08003d98   Section        0  system.o(i.system_reboot)
    i.time_init                              0x08003d9c   Section        0  time.o(i.time_init)
    i.uavcan_frame_push                      0x08003dc0   Section        0  uavcan.o(i.uavcan_frame_push)
    uavcan_frame_push                        0x08003dc1   Thumb Code    92  uavcan.o(i.uavcan_frame_push)
    i.uavcan_framne_pop                      0x08003e20   Section        0  uavcan.o(i.uavcan_framne_pop)
    uavcan_framne_pop                        0x08003e21   Thumb Code    72  uavcan.o(i.uavcan_framne_pop)
    i.uavcan_get_node_info_respond           0x08003e6c   Section        0  uavcan_get_node_info.o(i.uavcan_get_node_info_respond)
    i.uavcan_get_node_status                 0x08003ec0   Section        0  uavcan_node_status.o(i.uavcan_get_node_status)
    i.uavcan_handle_node_restart             0x08003ec8   Section        0  uavcan_reboot.o(i.uavcan_handle_node_restart)
    i.uavcan_handle_rx                       0x08003f1c   Section        0  uavcan.o(i.uavcan_handle_rx)
    i.uavcan_init                            0x08003f54   Section        0  uavcan.o(i.uavcan_init)
    i.uavcan_log                             0x08003ff0   Section        0  log.o(i.uavcan_log)
    i.uavcan_node_info_init                  0x08003ff4   Section        0  uavcan_get_node_info.o(i.uavcan_node_info_init)
    i.uavcan_node_status_init                0x08004070   Section        0  uavcan_node_status.o(i.uavcan_node_status_init)
    i.uavcan_protocol_GetNodeInfoResponse_encode 0x0800408c   Section        0  uavcan_get_node_info.o(i.uavcan_protocol_GetNodeInfoResponse_encode)
    uavcan_protocol_GetNodeInfoResponse_encode 0x0800408d   Thumb Code   154  uavcan_get_node_info.o(i.uavcan_protocol_GetNodeInfoResponse_encode)
    i.uavcan_protocol_HardwareVersion_encode 0x08004126   Section        0  uavcan_get_node_info.o(i.uavcan_protocol_HardwareVersion_encode)
    uavcan_protocol_HardwareVersion_encode   0x08004127   Thumb Code   126  uavcan_get_node_info.o(i.uavcan_protocol_HardwareVersion_encode)
    i.uavcan_protocol_NodeStatus_encode      0x080041a4   Section        0  uavcan_node_status.o(i.uavcan_protocol_NodeStatus_encode)
    i.uavcan_protocol_param_Empty_decode_internal 0x08004200   Section        0  param_empty.o(i.uavcan_protocol_param_Empty_decode_internal)
    i.uavcan_protocol_param_Empty_encode_internal 0x08004204   Section        0  param_empty.o(i.uavcan_protocol_param_Empty_encode_internal)
    i.uavcan_protocol_param_ExecuteOpcodeRequest_decode 0x08004208   Section        0  param_executeopcode.o(i.uavcan_protocol_param_ExecuteOpcodeRequest_decode)
    i.uavcan_protocol_param_ExecuteOpcodeRequest_decode_internal 0x08004242   Section        0  param_executeopcode.o(i.uavcan_protocol_param_ExecuteOpcodeRequest_decode_internal)
    i.uavcan_protocol_param_ExecuteOpcodeResponse_encode 0x08004280   Section        0  param_executeopcode.o(i.uavcan_protocol_param_ExecuteOpcodeResponse_encode)
    i.uavcan_protocol_param_ExecuteOpcodeResponse_encode_internal 0x08004290   Section        0  param_executeopcode.o(i.uavcan_protocol_param_ExecuteOpcodeResponse_encode_internal)
    i.uavcan_protocol_param_GetSetRequest_decode 0x08004300   Section        0  param_getset.o(i.uavcan_protocol_param_GetSetRequest_decode)
    i.uavcan_protocol_param_GetSetRequest_decode_internal 0x0800433a   Section        0  param_getset.o(i.uavcan_protocol_param_GetSetRequest_decode_internal)
    i.uavcan_protocol_param_GetSetResponse_encode 0x080043ea   Section        0  param_getset.o(i.uavcan_protocol_param_GetSetResponse_encode)
    i.uavcan_protocol_param_GetSetResponse_encode_internal 0x080043fa   Section        0  param_getset.o(i.uavcan_protocol_param_GetSetResponse_encode_internal)
    i.uavcan_protocol_param_NumericValue_encode_internal 0x0800446e   Section        0  param_numericvalue.o(i.uavcan_protocol_param_NumericValue_encode_internal)
    i.uavcan_protocol_param_Value_decode_internal 0x080044c6   Section        0  param_value.o(i.uavcan_protocol_param_Value_decode_internal)
    i.uavcan_protocol_param_Value_encode_internal 0x080045ca   Section        0  param_value.o(i.uavcan_protocol_param_Value_encode_internal)
    i.uavcan_reboot_respond                  0x08004670   Section        0  uavcan_reboot.o(i.uavcan_reboot_respond)
    uavcan_reboot_respond                    0x08004671   Thumb Code    62  uavcan_reboot.o(i.uavcan_reboot_respond)
    i.uavcan_send_heartbeat                  0x080046b8   Section        0  uavcan_node_status.o(i.uavcan_send_heartbeat)
    i.uavcan_task                            0x08004738   Section        0  uavcan.o(i.uavcan_task)
    i.upgrade_read_request                   0x08004770   Section        0  uavcan_file_read.o(i.upgrade_read_request)
    i.was_watchdag_reset                     0x08004828   Section        0  watchdog.o(i.was_watchdag_reset)
    .constdata                               0x0800482c   Section       16  system_stm32f4xx.o(.constdata)
    .constdata                               0x0800483c   Section        8  system_stm32f4xx.o(.constdata)
    .data                                    0x20000000   Section        8  info.o(.data)
    can_node_id                              0x20000000   Data           1  info.o(.data)
    can_baudrate                             0x20000004   Data           4  info.o(.data)
    .data                                    0x20000008   Section        8  boot.o(.data)
    try_boot                                 0x20000008   Data           1  boot.o(.data)
    timeout                                  0x2000000a   Data           2  boot.o(.data)
    timeout_tick                             0x2000000c   Data           4  boot.o(.data)
    .data                                    0x20000010   Section        4  light.o(.data)
    tick                                     0x20000010   Data           4  light.o(.data)
    .data                                    0x20000018   Section       16  uavcan.o(.data)
    err_count                                0x2000001a   Data           2  uavcan.o(.data)
    update                                   0x20000020   Data           8  uavcan.o(.data)
    .data                                    0x20000028   Section       12  uavcan_node_status.o(.data)
    transfer_id                              0x20000028   Data           1  uavcan_node_status.o(.data)
    spin_time1                               0x2000002c   Data           4  uavcan_node_status.o(.data)
    spin_time2                               0x20000030   Data           4  uavcan_node_status.o(.data)
    .data                                    0x20000034   Section        2  uavcan_allocatee_id.o(.data)
    initialized                              0x20000034   Data           1  uavcan_allocatee_id.o(.data)
    transfer_id                              0x20000035   Data           1  uavcan_allocatee_id.o(.data)
    .data                                    0x20000036   Section        1  uavcan_file_read.o(.data)
    transfer_id                              0x20000036   Data           1  uavcan_file_read.o(.data)
    .data                                    0x20000038   Section       44  read_write.o(.data)
    count                                    0x20000038   Data           1  read_write.o(.data)
    .data                                    0x20000064   Section     1024  sw_crc.o(.data)
    crc32_table                              0x20000064   Data        1024  sw_crc.o(.data)
    .data                                    0x20000468   Section       24  time.o(.data)
    sys_tick_uptime                          0x20000468   Data           4  time.o(.data)
    sys_tick_val_stamp                       0x2000046c   Data           4  time.o(.data)
    sys_tick_pending                         0x20000470   Data           4  time.o(.data)
    started_at_sec                           0x20000474   Data           4  time.o(.data)
    ticks_per_us                             0x20000478   Data           8  time.o(.data)
    .data                                    0x20000480   Section        4  system_stm32f4xx.o(.data)
    .data                                    0x20000484   Section       12  stm32f4xx_hal.o(.data)
    .data                                    0x20000490   Section        4  rand.o(.data)
    _rand_state                              0x20000490   Data           4  rand.o(.data)
    .bss                                     0x20000494   Section       40  boot.o(.bss)
    desc                                     0x20000494   Data          40  boot.o(.bss)
    .bss                                     0x200004bc   Section    10272  uavcan.o(.bss)
    memory_pool1                             0x200004e0   Data        4096  uavcan.o(.bss)
    memory_pool2                             0x20001504   Data        4096  uavcan.o(.bss)
    can_frame_ins                            0x20002504   Data        2008  uavcan.o(.bss)
    .bss                                     0x20002ce0   Section       72  uavcan_get_node_info.o(.bss)
    nodeInfo                                 0x20002ce0   Data          72  uavcan_get_node_info.o(.bss)
    .bss                                     0x20002d28   Section       12  uavcan_node_status.o(.bss)
    node_stat                                0x20002d28   Data          12  uavcan_node_status.o(.bss)
    .bss                                     0x20002d34   Section       28  uavcan_allocatee_id.o(.bss)
    node_unique_id                           0x20002d34   Data          16  uavcan_allocatee_id.o(.bss)
    allocation_state                         0x20002d44   Data          12  uavcan_allocatee_id.o(.bss)
    .bss                                     0x20002d50   Section      228  read_write.o(.bss)
    .bss                                     0x20002e34   Section       80  can_bus.o(.bss)
    hcan1                                    0x20002e34   Data          40  can_bus.o(.bss)
    hcan2                                    0x20002e5c   Data          40  can_bus.o(.bss)
    .bss                                     0x20002e88   Section      472  param.o(.bss)
    .bss                                     0x20003060   Section       32  stm32f4xx_hal_flash.o(.bss)
    STACK                                    0x20003080   Section    12288  startup_stm32f405xx.o(STACK)

    Global Symbols

    Symbol Name                              Value     Ov Type        Size  Object(Section)

    BuildAttributes$$THM_ISAv4$E$P$D$K$B$S$7EM$VFPi3$EXTD16$VFPS$VFMA$PE$A:L22UL41UL21$X:L11$S22US41US21$IEEE1$IW$USESV6$~STKCKD$USESV7$~SHL$OSPACE$ROPI$EBA8$MICROLIB$REQ8$PRES8$EABIv2 0x00000000   Number         0  anon$$obj.o ABSOLUTE
    __ARM_use_no_argv                        0x00000000   Number         0  main.o ABSOLUTE
    _printf_a                                0x00000000   Number         0  stubs.o ABSOLUTE
    _printf_c                                0x00000000   Number         0  stubs.o ABSOLUTE
    _printf_charcount                        0x00000000   Number         0  stubs.o ABSOLUTE
    _printf_d                                0x00000000   Number         0  stubs.o ABSOLUTE
    _printf_e                                0x00000000   Number         0  stubs.o ABSOLUTE
    _printf_f                                0x00000000   Number         0  stubs.o ABSOLUTE
    _printf_flags                            0x00000000   Number         0  stubs.o ABSOLUTE
    _printf_fp_dec                           0x00000000   Number         0  stubs.o ABSOLUTE
    _printf_fp_hex                           0x00000000   Number         0  stubs.o ABSOLUTE
    _printf_g                                0x00000000   Number         0  stubs.o ABSOLUTE
    _printf_i                                0x00000000   Number         0  stubs.o ABSOLUTE
    _printf_int_dec                          0x00000000   Number         0  stubs.o ABSOLUTE
    _printf_l                                0x00000000   Number         0  stubs.o ABSOLUTE
    _printf_lc                               0x00000000   Number         0  stubs.o ABSOLUTE
    _printf_ll                               0x00000000   Number         0  stubs.o ABSOLUTE
    _printf_lld                              0x00000000   Number         0  stubs.o ABSOLUTE
    _printf_lli                              0x00000000   Number         0  stubs.o ABSOLUTE
    _printf_llo                              0x00000000   Number         0  stubs.o ABSOLUTE
    _printf_llu                              0x00000000   Number         0  stubs.o ABSOLUTE
    _printf_llx                              0x00000000   Number         0  stubs.o ABSOLUTE
    _printf_longlong_dec                     0x00000000   Number         0  stubs.o ABSOLUTE
    _printf_longlong_hex                     0x00000000   Number         0  stubs.o ABSOLUTE
    _printf_longlong_oct                     0x00000000   Number         0  stubs.o ABSOLUTE
    _printf_ls                               0x00000000   Number         0  stubs.o ABSOLUTE
    _printf_mbtowc                           0x00000000   Number         0  stubs.o ABSOLUTE
    _printf_n                                0x00000000   Number         0  stubs.o ABSOLUTE
    _printf_o                                0x00000000   Number         0  stubs.o ABSOLUTE
    _printf_p                                0x00000000   Number         0  stubs.o ABSOLUTE
    _printf_percent                          0x00000000   Number         0  stubs.o ABSOLUTE
    _printf_pre_padding                      0x00000000   Number         0  stubs.o ABSOLUTE
    _printf_return_value                     0x00000000   Number         0  stubs.o ABSOLUTE
    _printf_s                                0x00000000   Number         0  stubs.o ABSOLUTE
    _printf_sizespec                         0x00000000   Number         0  stubs.o ABSOLUTE
    _printf_str                              0x00000000   Number         0  stubs.o ABSOLUTE
    _printf_truncate_signed                  0x00000000   Number         0  stubs.o ABSOLUTE
    _printf_truncate_unsigned                0x00000000   Number         0  stubs.o ABSOLUTE
    _printf_u                                0x00000000   Number         0  stubs.o ABSOLUTE
    _printf_wc                               0x00000000   Number         0  stubs.o ABSOLUTE
    _printf_wctomb                           0x00000000   Number         0  stubs.o ABSOLUTE
    _printf_widthprec                        0x00000000   Number         0  stubs.o ABSOLUTE
    _printf_x                                0x00000000   Number         0  stubs.o ABSOLUTE
    __cpp_initialize__aeabi_                  - Undefined Weak Reference
    __cxa_finalize                            - Undefined Weak Reference
    _clock_init                               - Undefined Weak Reference
    _microlib_exit                            - Undefined Weak Reference
    __Vectors_Size                           0x00000188   Number         0  startup_stm32f405xx.o ABSOLUTE
    __Vectors                                0x08000000   Data           4  startup_stm32f405xx.o(RESET)
    __Vectors_End                            0x08000188   Data           0  startup_stm32f405xx.o(RESET)
    __main                                   0x08000189   Thumb Code     0  entry.o(.ARM.Collect$$$$00000000)
    _main_stk                                0x08000189   Thumb Code     0  entry2.o(.ARM.Collect$$$$00000001)
    _main_scatterload                        0x0800018d   Thumb Code     0  entry5.o(.ARM.Collect$$$$00000004)
    __main_after_scatterload                 0x08000191   Thumb Code     0  entry5.o(.ARM.Collect$$$$00000004)
    _main_clock                              0x08000191   Thumb Code     0  entry7b.o(.ARM.Collect$$$$00000008)
    _main_cpp_init                           0x08000191   Thumb Code     0  entry8b.o(.ARM.Collect$$$$0000000A)
    _main_init                               0x08000191   Thumb Code     0  entry9a.o(.ARM.Collect$$$$0000000B)
    __rt_final_cpp                           0x08000199   Thumb Code     0  entry10a.o(.ARM.Collect$$$$0000000D)
    __rt_final_exit                          0x08000199   Thumb Code     0  entry11a.o(.ARM.Collect$$$$0000000F)
    Reset_Handler                            0x0800019d   Thumb Code     8  startup_stm32f405xx.o(.text)
    ADC_IRQHandler                           0x080001b7   Thumb Code     0  startup_stm32f405xx.o(.text)
    CAN1_RX1_IRQHandler                      0x080001b7   Thumb Code     0  startup_stm32f405xx.o(.text)
    CAN1_SCE_IRQHandler                      0x080001b7   Thumb Code     0  startup_stm32f405xx.o(.text)
    CAN1_TX_IRQHandler                       0x080001b7   Thumb Code     0  startup_stm32f405xx.o(.text)
    CAN2_RX1_IRQHandler                      0x080001b7   Thumb Code     0  startup_stm32f405xx.o(.text)
    CAN2_SCE_IRQHandler                      0x080001b7   Thumb Code     0  startup_stm32f405xx.o(.text)
    CAN2_TX_IRQHandler                       0x080001b7   Thumb Code     0  startup_stm32f405xx.o(.text)
    DMA1_Stream0_IRQHandler                  0x080001b7   Thumb Code     0  startup_stm32f405xx.o(.text)
    DMA1_Stream1_IRQHandler                  0x080001b7   Thumb Code     0  startup_stm32f405xx.o(.text)
    DMA1_Stream2_IRQHandler                  0x080001b7   Thumb Code     0  startup_stm32f405xx.o(.text)
    DMA1_Stream3_IRQHandler                  0x080001b7   Thumb Code     0  startup_stm32f405xx.o(.text)
    DMA1_Stream4_IRQHandler                  0x080001b7   Thumb Code     0  startup_stm32f405xx.o(.text)
    DMA1_Stream5_IRQHandler                  0x080001b7   Thumb Code     0  startup_stm32f405xx.o(.text)
    DMA1_Stream6_IRQHandler                  0x080001b7   Thumb Code     0  startup_stm32f405xx.o(.text)
    DMA1_Stream7_IRQHandler                  0x080001b7   Thumb Code     0  startup_stm32f405xx.o(.text)
    DMA2_Stream0_IRQHandler                  0x080001b7   Thumb Code     0  startup_stm32f405xx.o(.text)
    DMA2_Stream1_IRQHandler                  0x080001b7   Thumb Code     0  startup_stm32f405xx.o(.text)
    DMA2_Stream2_IRQHandler                  0x080001b7   Thumb Code     0  startup_stm32f405xx.o(.text)
    DMA2_Stream3_IRQHandler                  0x080001b7   Thumb Code     0  startup_stm32f405xx.o(.text)
    DMA2_Stream4_IRQHandler                  0x080001b7   Thumb Code     0  startup_stm32f405xx.o(.text)
    DMA2_Stream5_IRQHandler                  0x080001b7   Thumb Code     0  startup_stm32f405xx.o(.text)
    DMA2_Stream6_IRQHandler                  0x080001b7   Thumb Code     0  startup_stm32f405xx.o(.text)
    DMA2_Stream7_IRQHandler                  0x080001b7   Thumb Code     0  startup_stm32f405xx.o(.text)
    EXTI0_IRQHandler                         0x080001b7   Thumb Code     0  startup_stm32f405xx.o(.text)
    EXTI15_10_IRQHandler                     0x080001b7   Thumb Code     0  startup_stm32f405xx.o(.text)
    EXTI1_IRQHandler                         0x080001b7   Thumb Code     0  startup_stm32f405xx.o(.text)
    EXTI2_IRQHandler                         0x080001b7   Thumb Code     0  startup_stm32f405xx.o(.text)
    EXTI3_IRQHandler                         0x080001b7   Thumb Code     0  startup_stm32f405xx.o(.text)
    EXTI4_IRQHandler                         0x080001b7   Thumb Code     0  startup_stm32f405xx.o(.text)
    EXTI9_5_IRQHandler                       0x080001b7   Thumb Code     0  startup_stm32f405xx.o(.text)
    FLASH_IRQHandler                         0x080001b7   Thumb Code     0  startup_stm32f405xx.o(.text)
    FMC_IRQHandler                           0x080001b7   Thumb Code     0  startup_stm32f405xx.o(.text)
    FPU_IRQHandler                           0x080001b7   Thumb Code     0  startup_stm32f405xx.o(.text)
    HASH_RNG_IRQHandler                      0x080001b7   Thumb Code     0  startup_stm32f405xx.o(.text)
    I2C1_ER_IRQHandler                       0x080001b7   Thumb Code     0  startup_stm32f405xx.o(.text)
    I2C1_EV_IRQHandler                       0x080001b7   Thumb Code     0  startup_stm32f405xx.o(.text)
    I2C2_ER_IRQHandler                       0x080001b7   Thumb Code     0  startup_stm32f405xx.o(.text)
    I2C2_EV_IRQHandler                       0x080001b7   Thumb Code     0  startup_stm32f405xx.o(.text)
    I2C3_ER_IRQHandler                       0x080001b7   Thumb Code     0  startup_stm32f405xx.o(.text)
    I2C3_EV_IRQHandler                       0x080001b7   Thumb Code     0  startup_stm32f405xx.o(.text)
    OTG_FS_IRQHandler                        0x080001b7   Thumb Code     0  startup_stm32f405xx.o(.text)
    OTG_FS_WKUP_IRQHandler                   0x080001b7   Thumb Code     0  startup_stm32f405xx.o(.text)
    OTG_HS_EP1_IN_IRQHandler                 0x080001b7   Thumb Code     0  startup_stm32f405xx.o(.text)
    OTG_HS_EP1_OUT_IRQHandler                0x080001b7   Thumb Code     0  startup_stm32f405xx.o(.text)
    OTG_HS_IRQHandler                        0x080001b7   Thumb Code     0  startup_stm32f405xx.o(.text)
    OTG_HS_WKUP_IRQHandler                   0x080001b7   Thumb Code     0  startup_stm32f405xx.o(.text)
    PVD_IRQHandler                           0x080001b7   Thumb Code     0  startup_stm32f405xx.o(.text)
    RCC_IRQHandler                           0x080001b7   Thumb Code     0  startup_stm32f405xx.o(.text)
    RTC_Alarm_IRQHandler                     0x080001b7   Thumb Code     0  startup_stm32f405xx.o(.text)
    RTC_WKUP_IRQHandler                      0x080001b7   Thumb Code     0  startup_stm32f405xx.o(.text)
    SDIO_IRQHandler                          0x080001b7   Thumb Code     0  startup_stm32f405xx.o(.text)
    SPI1_IRQHandler                          0x080001b7   Thumb Code     0  startup_stm32f405xx.o(.text)
    SPI2_IRQHandler                          0x080001b7   Thumb Code     0  startup_stm32f405xx.o(.text)
    SPI3_IRQHandler                          0x080001b7   Thumb Code     0  startup_stm32f405xx.o(.text)
    TAMP_STAMP_IRQHandler                    0x080001b7   Thumb Code     0  startup_stm32f405xx.o(.text)
    TIM1_BRK_TIM9_IRQHandler                 0x080001b7   Thumb Code     0  startup_stm32f405xx.o(.text)
    TIM1_CC_IRQHandler                       0x080001b7   Thumb Code     0  startup_stm32f405xx.o(.text)
    TIM1_TRG_COM_TIM11_IRQHandler            0x080001b7   Thumb Code     0  startup_stm32f405xx.o(.text)
    TIM1_UP_TIM10_IRQHandler                 0x080001b7   Thumb Code     0  startup_stm32f405xx.o(.text)
    TIM2_IRQHandler                          0x080001b7   Thumb Code     0  startup_stm32f405xx.o(.text)
    TIM3_IRQHandler                          0x080001b7   Thumb Code     0  startup_stm32f405xx.o(.text)
    TIM4_IRQHandler                          0x080001b7   Thumb Code     0  startup_stm32f405xx.o(.text)
    TIM5_IRQHandler                          0x080001b7   Thumb Code     0  startup_stm32f405xx.o(.text)
    TIM6_DAC_IRQHandler                      0x080001b7   Thumb Code     0  startup_stm32f405xx.o(.text)
    TIM7_IRQHandler                          0x080001b7   Thumb Code     0  startup_stm32f405xx.o(.text)
    TIM8_BRK_TIM12_IRQHandler                0x080001b7   Thumb Code     0  startup_stm32f405xx.o(.text)
    TIM8_CC_IRQHandler                       0x080001b7   Thumb Code     0  startup_stm32f405xx.o(.text)
    TIM8_TRG_COM_TIM14_IRQHandler            0x080001b7   Thumb Code     0  startup_stm32f405xx.o(.text)
    TIM8_UP_TIM13_IRQHandler                 0x080001b7   Thumb Code     0  startup_stm32f405xx.o(.text)
    UART4_IRQHandler                         0x080001b7   Thumb Code     0  startup_stm32f405xx.o(.text)
    UART5_IRQHandler                         0x080001b7   Thumb Code     0  startup_stm32f405xx.o(.text)
    USART1_IRQHandler                        0x080001b7   Thumb Code     0  startup_stm32f405xx.o(.text)
    USART2_IRQHandler                        0x080001b7   Thumb Code     0  startup_stm32f405xx.o(.text)
    USART3_IRQHandler                        0x080001b7   Thumb Code     0  startup_stm32f405xx.o(.text)
    USART6_IRQHandler                        0x080001b7   Thumb Code     0  startup_stm32f405xx.o(.text)
    WWDG_IRQHandler                          0x080001b7   Thumb Code     0  startup_stm32f405xx.o(.text)
    __aeabi_uldivmod                         0x080001c1   Thumb Code    98  uldiv.o(.text)
    __aeabi_llsl                             0x08000223   Thumb Code    30  llshl.o(.text)
    _ll_shift_l                              0x08000223   Thumb Code     0  llshl.o(.text)
    __aeabi_llsr                             0x08000241   Thumb Code    32  llushr.o(.text)
    _ll_ushift_r                             0x08000241   Thumb Code     0  llushr.o(.text)
    rand                                     0x08000261   Thumb Code    20  rand.o(.text)
    srand                                    0x08000275   Thumb Code     6  rand.o(.text)
    __aeabi_memcpy                           0x08000285   Thumb Code    36  memcpya.o(.text)
    __aeabi_memcpy4                          0x08000285   Thumb Code     0  memcpya.o(.text)
    __aeabi_memcpy8                          0x08000285   Thumb Code     0  memcpya.o(.text)
    __aeabi_memset                           0x080002a9   Thumb Code    14  memseta.o(.text)
    __aeabi_memset4                          0x080002a9   Thumb Code     0  memseta.o(.text)
    __aeabi_memset8                          0x080002a9   Thumb Code     0  memseta.o(.text)
    __aeabi_memclr                           0x080002b7   Thumb Code     4  memseta.o(.text)
    __aeabi_memclr4                          0x080002b7   Thumb Code     0  memseta.o(.text)
    __aeabi_memclr8                          0x080002b7   Thumb Code     0  memseta.o(.text)
    _memset$wrapper                          0x080002bb   Thumb Code    18  memseta.o(.text)
    strlen                                   0x080002cd   Thumb Code    14  strlen.o(.text)
    memcmp                                   0x080002db   Thumb Code    26  memcmp.o(.text)
    strncmp                                  0x080002f5   Thumb Code    30  strncmp.o(.text)
    __aeabi_uidiv                            0x08000313   Thumb Code     0  uidiv.o(.text)
    __aeabi_uidivmod                         0x08000313   Thumb Code    44  uidiv.o(.text)
    __scatterload                            0x08000341   Thumb Code    28  init.o(.text)
    __scatterload_rt2                        0x08000341   Thumb Code     0  init.o(.text)
    __decompress                             0x08000365   Thumb Code     0  __dczerorl.o(.text)
    __decompress0                            0x08000365   Thumb Code    58  __dczerorl.o(.text)
    BusFault_Handler                         0x0800039f   Thumb Code     2  stm32f4xx_it.o(i.BusFault_Handler)
    CAN1_RX0_IRQHandler                      0x080003a1   Thumb Code    14  stm32f4xx_it.o(i.CAN1_RX0_IRQHandler)
    CAN2_RX0_IRQHandler                      0x080003af   Thumb Code    14  stm32f4xx_it.o(i.CAN2_RX0_IRQHandler)
    DebugMon_Handler                         0x080003bd   Thumb Code     2  stm32f4xx_it.o(i.DebugMon_Handler)
    Error_Handler                            0x080003bf   Thumb Code     2  stm32f4xx_it.o(i.Error_Handler)
    FLASH_Erase_Sector                       0x080003c1   Thumb Code    74  stm32f4xx_hal_flash_ex.o(i.FLASH_Erase_Sector)
    FLASH_FlushCaches                        0x08000411   Thumb Code    80  stm32f4xx_hal_flash_ex.o(i.FLASH_FlushCaches)
    FLASH_WaitForLastOperation               0x08000589   Thumb Code    72  stm32f4xx_hal_flash.o(i.FLASH_WaitForLastOperation)
    HAL_CAN_ActivateNotification             0x080005d9   Thumb Code    36  stm32f4xx_hal_can.o(i.HAL_CAN_ActivateNotification)
    HAL_CAN_AddTxMessage                     0x080005fd   Thumb Code   200  stm32f4xx_hal_can.o(i.HAL_CAN_AddTxMessage)
    HAL_CAN_ConfigFilter                     0x080006c5   Thumb Code   262  stm32f4xx_hal_can.o(i.HAL_CAN_ConfigFilter)
    HAL_CAN_ErrorCallback                    0x080007d1   Thumb Code     2  stm32f4xx_hal_can.o(i.HAL_CAN_ErrorCallback)
    HAL_CAN_GetRxMessage                     0x080007d3   Thumb Code   232  stm32f4xx_hal_can.o(i.HAL_CAN_GetRxMessage)
    HAL_CAN_IRQHandler                       0x080008bb   Thumb Code   508  stm32f4xx_hal_can.o(i.HAL_CAN_IRQHandler)
    HAL_CAN_Init                             0x08000ab7   Thumb Code   282  stm32f4xx_hal_can.o(i.HAL_CAN_Init)
    HAL_CAN_MspInit                          0x08000bd1   Thumb Code     2  stm32f4xx_hal_can.o(i.HAL_CAN_MspInit)
    HAL_CAN_RxFifo0FullCallback              0x08000bd3   Thumb Code     2  stm32f4xx_hal_can.o(i.HAL_CAN_RxFifo0FullCallback)
    HAL_CAN_RxFifo0MsgPendingCallback        0x08000bd5   Thumb Code    78  uavcan.o(i.HAL_CAN_RxFifo0MsgPendingCallback)
    HAL_CAN_RxFifo1FullCallback              0x08000c2d   Thumb Code     2  stm32f4xx_hal_can.o(i.HAL_CAN_RxFifo1FullCallback)
    HAL_CAN_RxFifo1MsgPendingCallback        0x08000c2f   Thumb Code     2  stm32f4xx_hal_can.o(i.HAL_CAN_RxFifo1MsgPendingCallback)
    HAL_CAN_SleepCallback                    0x08000c31   Thumb Code     2  stm32f4xx_hal_can.o(i.HAL_CAN_SleepCallback)
    HAL_CAN_Start                            0x08000c35   Thumb Code    88  stm32f4xx_hal_can.o(i.HAL_CAN_Start)
    HAL_CAN_TxMailbox0AbortCallback          0x08000c8d   Thumb Code     2  stm32f4xx_hal_can.o(i.HAL_CAN_TxMailbox0AbortCallback)
    HAL_CAN_TxMailbox0CompleteCallback       0x08000c8f   Thumb Code     2  stm32f4xx_hal_can.o(i.HAL_CAN_TxMailbox0CompleteCallback)
    HAL_CAN_TxMailbox1AbortCallback          0x08000c91   Thumb Code     2  stm32f4xx_hal_can.o(i.HAL_CAN_TxMailbox1AbortCallback)
    HAL_CAN_TxMailbox1CompleteCallback       0x08000c93   Thumb Code     2  stm32f4xx_hal_can.o(i.HAL_CAN_TxMailbox1CompleteCallback)
    HAL_CAN_TxMailbox2AbortCallback          0x08000c95   Thumb Code     2  stm32f4xx_hal_can.o(i.HAL_CAN_TxMailbox2AbortCallback)
    HAL_CAN_TxMailbox2CompleteCallback       0x08000c97   Thumb Code     2  stm32f4xx_hal_can.o(i.HAL_CAN_TxMailbox2CompleteCallback)
    HAL_CAN_WakeUpFromRxMsgCallback          0x08000c99   Thumb Code     2  stm32f4xx_hal_can.o(i.HAL_CAN_WakeUpFromRxMsgCallback)
    HAL_DeInit                               0x08000c9d   Thumb Code    48  stm32f4xx_hal.o(i.HAL_DeInit)
    HAL_Delay                                0x08000cd1   Thumb Code    32  stm32f4xx_hal.o(i.HAL_Delay)
    HAL_FLASHEx_Erase                        0x08000cf5   Thumb Code   144  stm32f4xx_hal_flash_ex.o(i.HAL_FLASHEx_Erase)
    HAL_FLASH_Lock                           0x08000d8d   Thumb Code    14  stm32f4xx_hal_flash.o(i.HAL_FLASH_Lock)
    HAL_FLASH_Program                        0x08000da1   Thumb Code   116  stm32f4xx_hal_flash.o(i.HAL_FLASH_Program)
    HAL_FLASH_Unlock                         0x08000e1d   Thumb Code    32  stm32f4xx_hal_flash.o(i.HAL_FLASH_Unlock)
    HAL_GPIO_Init                            0x08000e49   Thumb Code   394  stm32f4xx_hal_gpio.o(i.HAL_GPIO_Init)
    HAL_GPIO_TogglePin                       0x08001001   Thumb Code    14  stm32f4xx_hal_gpio.o(i.HAL_GPIO_TogglePin)
    HAL_GPIO_WritePin                        0x0800100f   Thumb Code    10  stm32f4xx_hal_gpio.o(i.HAL_GPIO_WritePin)
    HAL_GetTick                              0x08001019   Thumb Code     6  stm32f4xx_hal.o(i.HAL_GetTick)
    HAL_GetUIDw0                             0x08001025   Thumb Code     6  stm32f4xx_hal.o(i.HAL_GetUIDw0)
    HAL_GetUIDw1                             0x08001031   Thumb Code     6  stm32f4xx_hal.o(i.HAL_GetUIDw1)
    HAL_GetUIDw2                             0x0800103d   Thumb Code     6  stm32f4xx_hal.o(i.HAL_GetUIDw2)
    HAL_IncTick                              0x08001049   Thumb Code    12  stm32f4xx_hal.o(i.HAL_IncTick)
    HAL_Init                                 0x08001059   Thumb Code    48  stm32f4xx_hal.o(i.HAL_Init)
    HAL_InitTick                             0x0800108d   Thumb Code    54  stm32f4xx_hal.o(i.HAL_InitTick)
    HAL_MspDeInit                            0x080010cd   Thumb Code     2  stm32f4xx_hal.o(i.HAL_MspDeInit)
    HAL_MspInit                              0x080010cf   Thumb Code     2  stm32f4xx_hal.o(i.HAL_MspInit)
    HAL_NVIC_EnableIRQ                       0x080010d1   Thumb Code    26  stm32f4xx_hal_cortex.o(i.HAL_NVIC_EnableIRQ)
    HAL_NVIC_SetPriority                     0x080010ed   Thumb Code    60  stm32f4xx_hal_cortex.o(i.HAL_NVIC_SetPriority)
    HAL_NVIC_SetPriorityGrouping             0x0800112d   Thumb Code    26  stm32f4xx_hal_cortex.o(i.HAL_NVIC_SetPriorityGrouping)
    HAL_NVIC_SystemReset                     0x08001151   Thumb Code    26  stm32f4xx_hal_cortex.o(i.HAL_NVIC_SystemReset)
    HAL_PWREx_EnableBkUpReg                  0x08001175   Thumb Code    50  stm32f4xx_hal_pwr_ex.o(i.HAL_PWREx_EnableBkUpReg)
    HAL_PWR_EnableBkUpAccess                 0x080011b1   Thumb Code     8  stm32f4xx_hal_pwr.o(i.HAL_PWR_EnableBkUpAccess)
    HAL_RCC_ClockConfig                      0x080011bd   Thumb Code   288  stm32f4xx_hal_rcc.o(i.HAL_RCC_ClockConfig)
    HAL_RCC_DeInit                           0x080012f1   Thumb Code   284  stm32f4xx_hal_rcc_ex.o(i.HAL_RCC_DeInit)
    HAL_RCC_GetHCLKFreq                      0x08001425   Thumb Code     6  stm32f4xx_hal_rcc.o(i.HAL_RCC_GetHCLKFreq)
    HAL_RCC_GetPCLK1Freq                     0x08001431   Thumb Code    20  stm32f4xx_hal_rcc.o(i.HAL_RCC_GetPCLK1Freq)
    HAL_RCC_GetSysClockFreq                  0x08001451   Thumb Code    88  stm32f4xx_hal_rcc.o(i.HAL_RCC_GetSysClockFreq)
    HAL_RCC_OscConfig                        0x080014b1   Thumb Code   840  stm32f4xx_hal_rcc.o(i.HAL_RCC_OscConfig)
    HAL_RTCEx_BKUPRead                       0x0800180d   Thumb Code    10  stm32f4xx_hal_rtc_ex.o(i.HAL_RTCEx_BKUPRead)
    HAL_RTCEx_BKUPWrite                      0x08001817   Thumb Code    10  stm32f4xx_hal_rtc_ex.o(i.HAL_RTCEx_BKUPWrite)
    HAL_SYSTICK_CLKSourceConfig              0x08001821   Thumb Code    24  stm32f4xx_hal_cortex.o(i.HAL_SYSTICK_CLKSourceConfig)
    HAL_SYSTICK_Callback                     0x08001839   Thumb Code     2  stm32f4xx_hal_cortex.o(i.HAL_SYSTICK_Callback)
    HAL_SYSTICK_Config                       0x0800183b   Thumb Code    40  stm32f4xx_hal_cortex.o(i.HAL_SYSTICK_Config)
    HAL_SYSTICK_IRQHandler                   0x08001863   Thumb Code     8  stm32f4xx_hal_cortex.o(i.HAL_SYSTICK_IRQHandler)
    HardFault_Handler                        0x0800186b   Thumb Code     2  stm32f4xx_it.o(i.HardFault_Handler)
    MemManage_Handler                        0x0800186d   Thumb Code     2  stm32f4xx_it.o(i.MemManage_Handler)
    NMI_Handler                              0x0800186f   Thumb Code     2  stm32f4xx_it.o(i.NMI_Handler)
    PendSV_Handler                           0x08001871   Thumb Code     2  stm32f4xx_it.o(i.PendSV_Handler)
    SVC_Handler                              0x08001873   Thumb Code     2  stm32f4xx_it.o(i.SVC_Handler)
    SysTick_Handler                          0x08001875   Thumb Code    48  time.o(i.SysTick_Handler)
    SystemInit                               0x080018ad   Thumb Code    22  system_stm32f4xx.o(i.SystemInit)
    UsageFault_Handler                       0x080018c9   Thumb Code     2  stm32f4xx_it.o(i.UsageFault_Handler)
    __0snprintf$6                            0x080018cd   Thumb Code    44  printf6.o(i.__0snprintf$6)
    __1snprintf$6                            0x080018cd   Thumb Code     0  printf6.o(i.__0snprintf$6)
    __2snprintf                              0x080018cd   Thumb Code     0  printf6.o(i.__0snprintf$6)
    __scatterload_copy                       0x0800191d   Thumb Code    14  handlers.o(i.__scatterload_copy)
    __scatterload_null                       0x0800192b   Thumb Code     2  handlers.o(i.__scatterload_null)
    __scatterload_zeroinit                   0x0800192d   Thumb Code    14  handlers.o(i.__scatterload_zeroinit)
    allocation_init                          0x08001cb5   Thumb Code    20  uavcan_allocatee_id.o(i.allocation_init)
    allocation_is_running                    0x08001cc9   Thumb Code    18  uavcan_allocatee_id.o(i.allocation_is_running)
    allocation_update                        0x08001d19   Thumb Code   112  uavcan_allocatee_id.o(i.allocation_update)
    bl_check_app_exist                       0x08001d9d   Thumb Code    22  system.o(i.bl_check_app_exist)
    bl_timeout                               0x08001db9   Thumb Code    44  boot.o(i.bl_timeout)
    bl_timeout_reset                         0x08001de9   Thumb Code    12  boot.o(i.bl_timeout_reset)
    boot                                     0x08001df9   Thumb Code   104  boot.o(i.boot)
    can_config                               0x08001fa5   Thumb Code   240  can_bus.o(i.can_config)
    can_gpio_init                            0x080020a5   Thumb Code   130  can_bus.o(i.can_gpio_init)
    canardBroadcast                          0x08002131   Thumb Code   152  canard.o(i.canardBroadcast)
    canardCleanupStaleTransfers              0x080021c9   Thumb Code   104  canard.o(i.canardCleanupStaleTransfers)
    canardDecodeScalar                       0x08002235   Thumb Code   330  canard.o(i.canardDecodeScalar)
    canardEncodeScalar                       0x0800237f   Thumb Code   152  canard.o(i.canardEncodeScalar)
    canardGetLocalNodeID                     0x08002417   Thumb Code     4  canard.o(i.canardGetLocalNodeID)
    canardHandleRxFrame                      0x0800241d   Thumb Code   834  canard.o(i.canardHandleRxFrame)
    canardInit                               0x08002765   Thumb Code    86  canard.o(i.canardInit)
    canardPeekTxQueue                        0x080027bb   Thumb Code    10  canard.o(i.canardPeekTxQueue)
    canardPopTxQueue                         0x080027c5   Thumb Code    14  canard.o(i.canardPopTxQueue)
    canardReleaseRxTransferPayload           0x080027d3   Thumb Code    36  canard.o(i.canardReleaseRxTransferPayload)
    canardRequestOrRespond                   0x080027f7   Thumb Code   120  canard.o(i.canardRequestOrRespond)
    canardSetLocalNodeID                     0x0800286f   Thumb Code    18  canard.o(i.canardSetLocalNodeID)
    check_update                             0x0800298d   Thumb Code    50  boot.o(i.check_update)
    file_write_to_flash                      0x08002e81   Thumb Code   228  read_write.o(i.file_write_to_flash)
    flash_erase_page                         0x08002f89   Thumb Code    54  flash.o(i.flash_erase_page)
    flash_write                              0x08002fbf   Thumb Code    58  flash.o(i.flash_write)
    g_erase_param_flash                      0x08003009   Thumb Code    60  param.o(i.g_erase_param_flash)
    g_handle_param_execute                   0x0800305d   Thumb Code   122  param.o(i.g_handle_param_execute)
    g_handle_param_get_set                   0x080030e5   Thumb Code   274  param.o(i.g_handle_param_get_set)
    g_load_flash_param                       0x0800320d   Thumb Code   114  param.o(i.g_load_flash_param)
    g_save_param_to_flash                    0x080032bd   Thumb Code   336  param.o(i.g_save_param_to_flash)
    get_can1_handle                          0x08003491   Thumb Code     4  can_bus.o(i.get_can1_handle)
    get_can2_handle                          0x08003499   Thumb Code     4  can_bus.o(i.get_can2_handle)
    get_can_node_id                          0x080034a1   Thumb Code     6  info.o(i.get_can_node_id)
    get_sector                               0x080034f1   Thumb Code   154  flash.o(i.get_sector)
    get_unique_id                            0x080035b9   Thumb Code    24  system.o(i.get_unique_id)
    handle_allocation_data_broadcast         0x080035d1   Thumb Code   182  uavcan_allocatee_id.o(i.handle_allocation_data_broadcast)
    handle_begin_firmware_update             0x08003691   Thumb Code   158  uavcan_file_read.o(i.handle_begin_firmware_update)
    handle_file_read_response                0x08003749   Thumb Code   120  uavcan_file_read.o(i.handle_file_read_response)
    indicator                                0x080037d7   Thumb Code     4  light.o(i.indicator)
    indicator_task                           0x080037dd   Thumb Code    52  light.o(i.indicator_task)
    jump_to_app                              0x080038cd   Thumb Code    44  system.o(i.jump_to_app)
    led_init                                 0x080038fd   Thumb Code   118  led.o(i.led_init)
    main                                     0x0800397d   Thumb Code   104  main.o(i.main)
    micros                                   0x080039e9   Thumb Code    88  time.o(i.micros)
    millis                                   0x08003a99   Thumb Code     6  time.o(i.millis)
    set_can_baudrate                         0x08003bc9   Thumb Code     6  info.o(i.set_can_baudrate)
    set_can_node_id                          0x08003bd5   Thumb Code    10  info.o(i.set_can_node_id)
    set_flash_state                          0x08003be5   Thumb Code    70  uavcan_file_read.o(i.set_flash_state)
    sw_crc32_calculate                       0x08003ced   Thumb Code    38  sw_crc.o(i.sw_crc32_calculate)
    sys_boot_time                            0x08003d35   Thumb Code    42  time.o(i.sys_boot_time)
    sys_init                                 0x08003d69   Thumb Code    44  system.o(i.sys_init)
    system_reboot                            0x08003d99   Thumb Code     4  system.o(i.system_reboot)
    time_init                                0x08003d9d   Thumb Code    28  time.o(i.time_init)
    uavcan_get_node_info_respond             0x08003e6d   Thumb Code    72  uavcan_get_node_info.o(i.uavcan_get_node_info_respond)
    uavcan_get_node_status                   0x08003ec1   Thumb Code     4  uavcan_node_status.o(i.uavcan_get_node_status)
    uavcan_handle_node_restart               0x08003ec9   Thumb Code    78  uavcan_reboot.o(i.uavcan_handle_node_restart)
    uavcan_handle_rx                         0x08003f1d   Thumb Code    48  uavcan.o(i.uavcan_handle_rx)
    uavcan_init                              0x08003f55   Thumb Code   134  uavcan.o(i.uavcan_init)
    uavcan_log                               0x08003ff1   Thumb Code     2  log.o(i.uavcan_log)
    uavcan_node_info_init                    0x08003ff5   Thumb Code    78  uavcan_get_node_info.o(i.uavcan_node_info_init)
    uavcan_node_status_init                  0x08004071   Thumb Code    24  uavcan_node_status.o(i.uavcan_node_status_init)
    uavcan_protocol_NodeStatus_encode        0x080041a5   Thumb Code    92  uavcan_node_status.o(i.uavcan_protocol_NodeStatus_encode)
    uavcan_protocol_param_Empty_decode_internal 0x08004201   Thumb Code     4  param_empty.o(i.uavcan_protocol_param_Empty_decode_internal)
    uavcan_protocol_param_Empty_encode_internal 0x08004205   Thumb Code     4  param_empty.o(i.uavcan_protocol_param_Empty_encode_internal)
    uavcan_protocol_param_ExecuteOpcodeRequest_decode 0x08004209   Thumb Code    58  param_executeopcode.o(i.uavcan_protocol_param_ExecuteOpcodeRequest_decode)
    uavcan_protocol_param_ExecuteOpcodeRequest_decode_internal 0x08004243   Thumb Code    62  param_executeopcode.o(i.uavcan_protocol_param_ExecuteOpcodeRequest_decode_internal)
    uavcan_protocol_param_ExecuteOpcodeResponse_encode 0x08004281   Thumb Code    16  param_executeopcode.o(i.uavcan_protocol_param_ExecuteOpcodeResponse_encode)
    uavcan_protocol_param_ExecuteOpcodeResponse_encode_internal 0x08004291   Thumb Code   108  param_executeopcode.o(i.uavcan_protocol_param_ExecuteOpcodeResponse_encode_internal)
    uavcan_protocol_param_GetSetRequest_decode 0x08004301   Thumb Code    58  param_getset.o(i.uavcan_protocol_param_GetSetRequest_decode)
    uavcan_protocol_param_GetSetRequest_decode_internal 0x0800433b   Thumb Code   176  param_getset.o(i.uavcan_protocol_param_GetSetRequest_decode_internal)
    uavcan_protocol_param_GetSetResponse_encode 0x080043eb   Thumb Code    16  param_getset.o(i.uavcan_protocol_param_GetSetResponse_encode)
    uavcan_protocol_param_GetSetResponse_encode_internal 0x080043fb   Thumb Code   116  param_getset.o(i.uavcan_protocol_param_GetSetResponse_encode_internal)
    uavcan_protocol_param_NumericValue_encode_internal 0x0800446f   Thumb Code    88  param_numericvalue.o(i.uavcan_protocol_param_NumericValue_encode_internal)
    uavcan_protocol_param_Value_decode_internal 0x080044c7   Thumb Code   260  param_value.o(i.uavcan_protocol_param_Value_decode_internal)
    uavcan_protocol_param_Value_encode_internal 0x080045cb   Thumb Code   166  param_value.o(i.uavcan_protocol_param_Value_encode_internal)
    uavcan_send_heartbeat                    0x080046b9   Thumb Code   104  uavcan_node_status.o(i.uavcan_send_heartbeat)
    uavcan_task                              0x08004739   Thumb Code    54  uavcan.o(i.uavcan_task)
    upgrade_read_request                     0x08004771   Thumb Code   162  uavcan_file_read.o(i.upgrade_read_request)
    was_watchdag_reset                       0x08004829   Thumb Code     4  watchdog.o(i.was_watchdag_reset)
    AHBPrescTable                            0x0800482c   Data          16  system_stm32f4xx.o(.constdata)
    APBPrescTable                            0x0800483c   Data           8  system_stm32f4xx.o(.constdata)
    Region$$Table$$Base                      0x08004844   Number         0  anon$$obj.o(Region$$Table)
    Region$$Table$$Limit                     0x08004864   Number         0  anon$$obj.o(Region$$Table)
    gloal_stat1                              0x20000018   Data           1  uavcan.o(.data)
    gloal_stat2                              0x20000019   Data           1  uavcan.o(.data)
    app_desc                                 0x2000003c   Data          40  read_write.o(.data)
    SystemCoreClock                          0x20000480   Data           4  system_stm32f4xx.o(.data)
    uwTickFreq                               0x20000484   Data           1  stm32f4xx_hal.o(.data)
    uwTickPrio                               0x20000488   Data           4  stm32f4xx_hal.o(.data)
    uwTick                                   0x2000048c   Data           4  stm32f4xx_hal.o(.data)
    g_canard1                                0x200004bc   Data          36  uavcan.o(.bss)
    g_canard2                                0x200014e0   Data          36  uavcan.o(.bss)
    fw_update_stat                           0x20002d50   Data         228  read_write.o(.bss)
    dyn_arr_buf                              0x20002e88   Data         260  param.o(.bss)
    param                                    0x20002f90   Data          64  param.o(.bss)
    scope_value                              0x20002fd0   Data         144  param.o(.bss)
    pFlash                                   0x20003060   Data          32  stm32f4xx_hal_flash.o(.bss)
    __initial_sp                             0x20006080   Data           0  startup_stm32f405xx.o(STACK)



==============================================================================

Memory Map of the image

  Image Entry point : 0x08000189

  Load Region LR_IROM1 (Base: 0x08000000, Size: 0x00004cf8, Max: 0x00100000, ABSOLUTE, COMPRESSED[0x00004c80])

    Execution Region ER_IROM1 (Exec base: 0x08000000, Load base: 0x08000000, Size: 0x00004864, Max: 0x00100000, ABSOLUTE)

    Exec Addr    Load Addr    Size         Type   Attr      Idx    E Section Name        Object

    0x08000000   0x08000000   0x00000188   Data   RO         1396    RESET               startup_stm32f405xx.o
    0x08000188   0x08000188   0x00000000   Code   RO         3269  * .ARM.Collect$$$$00000000  mc_w.l(entry.o)
    0x08000188   0x08000188   0x00000004   Code   RO         3554    .ARM.Collect$$$$00000001  mc_w.l(entry2.o)
    0x0800018c   0x0800018c   0x00000004   Code   RO         3557    .ARM.Collect$$$$00000004  mc_w.l(entry5.o)
    0x08000190   0x08000190   0x00000000   Code   RO         3559    .ARM.Collect$$$$00000008  mc_w.l(entry7b.o)
    0x08000190   0x08000190   0x00000000   Code   RO         3561    .ARM.Collect$$$$0000000A  mc_w.l(entry8b.o)
    0x08000190   0x08000190   0x00000008   Code   RO         3562    .ARM.Collect$$$$0000000B  mc_w.l(entry9a.o)
    0x08000198   0x08000198   0x00000000   Code   RO         3564    .ARM.Collect$$$$0000000D  mc_w.l(entry10a.o)
    0x08000198   0x08000198   0x00000000   Code   RO         3566    .ARM.Collect$$$$0000000F  mc_w.l(entry11a.o)
    0x08000198   0x08000198   0x00000004   Code   RO         3555    .ARM.Collect$$$$00002712  mc_w.l(entry2.o)
    0x0800019c   0x0800019c   0x00000024   Code   RO         1397    .text               startup_stm32f405xx.o
    0x080001c0   0x080001c0   0x00000062   Code   RO         3272    .text               mc_w.l(uldiv.o)
    0x08000222   0x08000222   0x0000001e   Code   RO         3274    .text               mc_w.l(llshl.o)
    0x08000240   0x08000240   0x00000020   Code   RO         3276    .text               mc_w.l(llushr.o)
    0x08000260   0x08000260   0x00000024   Code   RO         3278    .text               mc_w.l(rand.o)
    0x08000284   0x08000284   0x00000024   Code   RO         3281    .text               mc_w.l(memcpya.o)
    0x080002a8   0x080002a8   0x00000024   Code   RO         3283    .text               mc_w.l(memseta.o)
    0x080002cc   0x080002cc   0x0000000e   Code   RO         3285    .text               mc_w.l(strlen.o)
    0x080002da   0x080002da   0x0000001a   Code   RO         3287    .text               mc_w.l(memcmp.o)
    0x080002f4   0x080002f4   0x0000001e   Code   RO         3289    .text               mc_w.l(strncmp.o)
    0x08000312   0x08000312   0x0000002c   Code   RO         3571    .text               mc_w.l(uidiv.o)
    0x0800033e   0x0800033e   0x00000002   PAD
    0x08000340   0x08000340   0x00000024   Code   RO         3584    .text               mc_w.l(init.o)
    0x08000364   0x08000364   0x0000003a   Code   RO         3600    .text               mc_w.l(__dczerorl.o)
    0x0800039e   0x0800039e   0x00000002   Code   RO            4    i.BusFault_Handler  stm32f4xx_it.o
    0x080003a0   0x080003a0   0x0000000e   Code   RO            5    i.CAN1_RX0_IRQHandler  stm32f4xx_it.o
    0x080003ae   0x080003ae   0x0000000e   Code   RO            6    i.CAN2_RX0_IRQHandler  stm32f4xx_it.o
    0x080003bc   0x080003bc   0x00000002   Code   RO            7    i.DebugMon_Handler  stm32f4xx_it.o
    0x080003be   0x080003be   0x00000002   Code   RO            8    i.Error_Handler     stm32f4xx_it.o
    0x080003c0   0x080003c0   0x00000050   Code   RO         2620    i.FLASH_Erase_Sector  stm32f4xx_hal_flash_ex.o
    0x08000410   0x08000410   0x00000054   Code   RO         2621    i.FLASH_FlushCaches  stm32f4xx_hal_flash_ex.o
    0x08000464   0x08000464   0x00000028   Code   RO         2622    i.FLASH_MassErase   stm32f4xx_hal_flash_ex.o
    0x0800048c   0x0800048c   0x00000020   Code   RO         2502    i.FLASH_Program_Byte  stm32f4xx_hal_flash.o
    0x080004ac   0x080004ac   0x0000002c   Code   RO         2503    i.FLASH_Program_DoubleWord  stm32f4xx_hal_flash.o
    0x080004d8   0x080004d8   0x00000024   Code   RO         2504    i.FLASH_Program_HalfWord  stm32f4xx_hal_flash.o
    0x080004fc   0x080004fc   0x00000024   Code   RO         2505    i.FLASH_Program_Word  stm32f4xx_hal_flash.o
    0x08000520   0x08000520   0x00000068   Code   RO         2506    i.FLASH_SetErrorCode  stm32f4xx_hal_flash.o
    0x08000588   0x08000588   0x00000050   Code   RO         2507    i.FLASH_WaitForLastOperation  stm32f4xx_hal_flash.o
    0x080005d8   0x080005d8   0x00000024   Code   RO         2269    i.HAL_CAN_ActivateNotification  stm32f4xx_hal_can.o
    0x080005fc   0x080005fc   0x000000c8   Code   RO         2270    i.HAL_CAN_AddTxMessage  stm32f4xx_hal_can.o
    0x080006c4   0x080006c4   0x0000010c   Code   RO         2271    i.HAL_CAN_ConfigFilter  stm32f4xx_hal_can.o
    0x080007d0   0x080007d0   0x00000002   Code   RO         2274    i.HAL_CAN_ErrorCallback  stm32f4xx_hal_can.o
    0x080007d2   0x080007d2   0x000000e8   Code   RO         2277    i.HAL_CAN_GetRxMessage  stm32f4xx_hal_can.o
    0x080008ba   0x080008ba   0x000001fc   Code   RO         2281    i.HAL_CAN_IRQHandler  stm32f4xx_hal_can.o
    0x08000ab6   0x08000ab6   0x0000011a   Code   RO         2282    i.HAL_CAN_Init      stm32f4xx_hal_can.o
    0x08000bd0   0x08000bd0   0x00000002   Code   RO         2286    i.HAL_CAN_MspInit   stm32f4xx_hal_can.o
    0x08000bd2   0x08000bd2   0x00000002   Code   RO         2289    i.HAL_CAN_RxFifo0FullCallback  stm32f4xx_hal_can.o
    0x08000bd4   0x08000bd4   0x00000058   Code   RO          375    i.HAL_CAN_RxFifo0MsgPendingCallback  uavcan.o
    0x08000c2c   0x08000c2c   0x00000002   Code   RO         2291    i.HAL_CAN_RxFifo1FullCallback  stm32f4xx_hal_can.o
    0x08000c2e   0x08000c2e   0x00000002   Code   RO         2292    i.HAL_CAN_RxFifo1MsgPendingCallback  stm32f4xx_hal_can.o
    0x08000c30   0x08000c30   0x00000002   Code   RO         2293    i.HAL_CAN_SleepCallback  stm32f4xx_hal_can.o
    0x08000c32   0x08000c32   0x00000002   PAD
    0x08000c34   0x08000c34   0x00000058   Code   RO         2294    i.HAL_CAN_Start     stm32f4xx_hal_can.o
    0x08000c8c   0x08000c8c   0x00000002   Code   RO         2296    i.HAL_CAN_TxMailbox0AbortCallback  stm32f4xx_hal_can.o
    0x08000c8e   0x08000c8e   0x00000002   Code   RO         2297    i.HAL_CAN_TxMailbox0CompleteCallback  stm32f4xx_hal_can.o
    0x08000c90   0x08000c90   0x00000002   Code   RO         2298    i.HAL_CAN_TxMailbox1AbortCallback  stm32f4xx_hal_can.o
    0x08000c92   0x08000c92   0x00000002   Code   RO         2299    i.HAL_CAN_TxMailbox1CompleteCallback  stm32f4xx_hal_can.o
    0x08000c94   0x08000c94   0x00000002   Code   RO         2300    i.HAL_CAN_TxMailbox2AbortCallback  stm32f4xx_hal_can.o
    0x08000c96   0x08000c96   0x00000002   Code   RO         2301    i.HAL_CAN_TxMailbox2CompleteCallback  stm32f4xx_hal_can.o
    0x08000c98   0x08000c98   0x00000002   Code   RO         2303    i.HAL_CAN_WakeUpFromRxMsgCallback  stm32f4xx_hal_can.o
    0x08000c9a   0x08000c9a   0x00000002   PAD
    0x08000c9c   0x08000c9c   0x00000034   Code   RO         1410    i.HAL_DeInit        stm32f4xx_hal.o
    0x08000cd0   0x08000cd0   0x00000024   Code   RO         1411    i.HAL_Delay         stm32f4xx_hal.o
    0x08000cf4   0x08000cf4   0x00000098   Code   RO         2623    i.HAL_FLASHEx_Erase  stm32f4xx_hal_flash_ex.o
    0x08000d8c   0x08000d8c   0x00000014   Code   RO         2511    i.HAL_FLASH_Lock    stm32f4xx_hal_flash.o
    0x08000da0   0x08000da0   0x0000007c   Code   RO         2516    i.HAL_FLASH_Program  stm32f4xx_hal_flash.o
    0x08000e1c   0x08000e1c   0x0000002c   Code   RO         2518    i.HAL_FLASH_Unlock  stm32f4xx_hal_flash.o
    0x08000e48   0x08000e48   0x000001b8   Code   RO         1593    i.HAL_GPIO_Init     stm32f4xx_hal_gpio.o
    0x08001000   0x08001000   0x0000000e   Code   RO         1596    i.HAL_GPIO_TogglePin  stm32f4xx_hal_gpio.o
    0x0800100e   0x0800100e   0x0000000a   Code   RO         1597    i.HAL_GPIO_WritePin  stm32f4xx_hal_gpio.o
    0x08001018   0x08001018   0x0000000c   Code   RO         1417    i.HAL_GetTick       stm32f4xx_hal.o
    0x08001024   0x08001024   0x0000000c   Code   RO         1420    i.HAL_GetUIDw0      stm32f4xx_hal.o
    0x08001030   0x08001030   0x0000000c   Code   RO         1421    i.HAL_GetUIDw1      stm32f4xx_hal.o
    0x0800103c   0x0800103c   0x0000000c   Code   RO         1422    i.HAL_GetUIDw2      stm32f4xx_hal.o
    0x08001048   0x08001048   0x00000010   Code   RO         1423    i.HAL_IncTick       stm32f4xx_hal.o
    0x08001058   0x08001058   0x00000034   Code   RO         1424    i.HAL_Init          stm32f4xx_hal.o
    0x0800108c   0x0800108c   0x00000040   Code   RO         1425    i.HAL_InitTick      stm32f4xx_hal.o
    0x080010cc   0x080010cc   0x00000002   Code   RO         1426    i.HAL_MspDeInit     stm32f4xx_hal.o
    0x080010ce   0x080010ce   0x00000002   Code   RO         1427    i.HAL_MspInit       stm32f4xx_hal.o
    0x080010d0   0x080010d0   0x0000001a   Code   RO         1964    i.HAL_NVIC_EnableIRQ  stm32f4xx_hal_cortex.o
    0x080010ea   0x080010ea   0x00000002   PAD
    0x080010ec   0x080010ec   0x00000040   Code   RO         1970    i.HAL_NVIC_SetPriority  stm32f4xx_hal_cortex.o
    0x0800112c   0x0800112c   0x00000024   Code   RO         1971    i.HAL_NVIC_SetPriorityGrouping  stm32f4xx_hal_cortex.o
    0x08001150   0x08001150   0x00000024   Code   RO         1972    i.HAL_NVIC_SystemReset  stm32f4xx_hal_cortex.o
    0x08001174   0x08001174   0x0000003c   Code   RO         2217    i.HAL_PWREx_EnableBkUpReg  stm32f4xx_hal_pwr_ex.o
    0x080011b0   0x080011b0   0x0000000c   Code   RO         2101    i.HAL_PWR_EnableBkUpAccess  stm32f4xx_hal_pwr.o
    0x080011bc   0x080011bc   0x00000134   Code   RO         1657    i.HAL_RCC_ClockConfig  stm32f4xx_hal_rcc.o
    0x080012f0   0x080012f0   0x00000134   Code   RO         1763    i.HAL_RCC_DeInit    stm32f4xx_hal_rcc_ex.o
    0x08001424   0x08001424   0x0000000c   Code   RO         1662    i.HAL_RCC_GetHCLKFreq  stm32f4xx_hal_rcc.o
    0x08001430   0x08001430   0x00000020   Code   RO         1664    i.HAL_RCC_GetPCLK1Freq  stm32f4xx_hal_rcc.o
    0x08001450   0x08001450   0x00000060   Code   RO         1666    i.HAL_RCC_GetSysClockFreq  stm32f4xx_hal_rcc.o
    0x080014b0   0x080014b0   0x0000035c   Code   RO         1669    i.HAL_RCC_OscConfig  stm32f4xx_hal_rcc.o
    0x0800180c   0x0800180c   0x0000000a   Code   RO         2699    i.HAL_RTCEx_BKUPRead  stm32f4xx_hal_rtc_ex.o
    0x08001816   0x08001816   0x0000000a   Code   RO         2700    i.HAL_RTCEx_BKUPWrite  stm32f4xx_hal_rtc_ex.o
    0x08001820   0x08001820   0x00000018   Code   RO         1973    i.HAL_SYSTICK_CLKSourceConfig  stm32f4xx_hal_cortex.o
    0x08001838   0x08001838   0x00000002   Code   RO         1974    i.HAL_SYSTICK_Callback  stm32f4xx_hal_cortex.o
    0x0800183a   0x0800183a   0x00000028   Code   RO         1975    i.HAL_SYSTICK_Config  stm32f4xx_hal_cortex.o
    0x08001862   0x08001862   0x00000008   Code   RO         1976    i.HAL_SYSTICK_IRQHandler  stm32f4xx_hal_cortex.o
    0x0800186a   0x0800186a   0x00000002   Code   RO            9    i.HardFault_Handler  stm32f4xx_it.o
    0x0800186c   0x0800186c   0x00000002   Code   RO           10    i.MemManage_Handler  stm32f4xx_it.o
    0x0800186e   0x0800186e   0x00000002   Code   RO           11    i.NMI_Handler       stm32f4xx_it.o
    0x08001870   0x08001870   0x00000002   Code   RO           12    i.PendSV_Handler    stm32f4xx_it.o
    0x08001872   0x08001872   0x00000002   Code   RO           13    i.SVC_Handler       stm32f4xx_it.o
    0x08001874   0x08001874   0x00000038   Code   RO         1038    i.SysTick_Handler   time.o
    0x080018ac   0x080018ac   0x0000001c   Code   RO         1360    i.SystemInit        system_stm32f4xx.o
    0x080018c8   0x080018c8   0x00000002   Code   RO           14    i.UsageFault_Handler  stm32f4xx_it.o
    0x080018ca   0x080018ca   0x00000002   PAD
    0x080018cc   0x080018cc   0x00000030   Code   RO         3449    i.__0snprintf$6     mc_w.l(printf6.o)
    0x080018fc   0x080018fc   0x00000020   Code   RO         1977    i.__NVIC_SetPriority  stm32f4xx_hal_cortex.o
    0x0800191c   0x0800191c   0x0000000e   Code   RO         3594    i.__scatterload_copy  mc_w.l(handlers.o)
    0x0800192a   0x0800192a   0x00000002   Code   RO         3595    i.__scatterload_null  mc_w.l(handlers.o)
    0x0800192c   0x0800192c   0x0000000e   Code   RO         3596    i.__scatterload_zeroinit  mc_w.l(handlers.o)
    0x0800193a   0x0800193a   0x00000002   PAD
    0x0800193c   0x0800193c   0x000002f0   Code   RO         3455    i._printf_core      mc_w.l(printf6.o)
    0x08001c2c   0x08001c2c   0x00000024   Code   RO         3456    i._printf_post_padding  mc_w.l(printf6.o)
    0x08001c50   0x08001c50   0x0000002e   Code   RO         3457    i._printf_pre_padding  mc_w.l(printf6.o)
    0x08001c7e   0x08001c7e   0x00000016   Code   RO         3458    i._snputc           mc_w.l(printf6.o)
    0x08001c94   0x08001c94   0x00000020   Code   RO         3060    i.allocateBlock     canard.o
    0x08001cb4   0x08001cb4   0x00000014   Code   RO          613    i.allocation_init   uavcan_allocatee_id.o
    0x08001cc8   0x08001cc8   0x00000018   Code   RO          614    i.allocation_is_running  uavcan_allocatee_id.o
    0x08001ce0   0x08001ce0   0x00000038   Code   RO          615    i.allocation_start_request_timer  uavcan_allocatee_id.o
    0x08001d18   0x08001d18   0x00000084   Code   RO          616    i.allocation_update  uavcan_allocatee_id.o
    0x08001d9c   0x08001d9c   0x0000001c   Code   RO          977    i.bl_check_app_exist  system.o
    0x08001db8   0x08001db8   0x00000030   Code   RO          279    i.bl_timeout        boot.o
    0x08001de8   0x08001de8   0x00000010   Code   RO          280    i.bl_timeout_reset  boot.o
    0x08001df8   0x08001df8   0x00000070   Code   RO          281    i.boot              boot.o
    0x08001e68   0x08001e68   0x00000054   Code   RO          282    i.boot_option       boot.o
    0x08001ebc   0x08001ebc   0x000000e6   Code   RO         3061    i.bufferBlockPushBytes  canard.o
    0x08001fa2   0x08001fa2   0x00000002   PAD
    0x08001fa4   0x08001fa4   0x00000100   Code   RO         1118    i.can_config        can_bus.o
    0x080020a4   0x080020a4   0x0000008c   Code   RO         1119    i.can_gpio_init     can_bus.o
    0x08002130   0x08002130   0x00000098   Code   RO         3062    i.canardBroadcast   canard.o
    0x080021c8   0x080021c8   0x0000006c   Code   RO         3063    i.canardCleanupStaleTransfers  canard.o
    0x08002234   0x08002234   0x0000014a   Code   RO         3066    i.canardDecodeScalar  canard.o
    0x0800237e   0x0800237e   0x00000098   Code   RO         3067    i.canardEncodeScalar  canard.o
    0x08002416   0x08002416   0x00000004   Code   RO         3068    i.canardGetLocalNodeID  canard.o
    0x0800241a   0x0800241a   0x00000002   PAD
    0x0800241c   0x0800241c   0x00000348   Code   RO         3071    i.canardHandleRxFrame  canard.o
    0x08002764   0x08002764   0x00000056   Code   RO         3072    i.canardInit        canard.o
    0x080027ba   0x080027ba   0x0000000a   Code   RO         3073    i.canardPeekTxQueue  canard.o
    0x080027c4   0x080027c4   0x0000000e   Code   RO         3074    i.canardPopTxQueue  canard.o
    0x080027d2   0x080027d2   0x00000024   Code   RO         3075    i.canardReleaseRxTransferPayload  canard.o
    0x080027f6   0x080027f6   0x00000078   Code   RO         3076    i.canardRequestOrRespond  canard.o
    0x0800286e   0x0800286e   0x00000012   Code   RO         3077    i.canardSetLocalNodeID  canard.o
    0x08002880   0x08002880   0x00000050   Code   RO          376    i.canard_handle_clean  uavcan.o
    0x080028d0   0x080028d0   0x000000bc   Code   RO          377    i.canard_handle_tx  uavcan.o
    0x0800298c   0x0800298c   0x00000032   Code   RO          283    i.check_update      boot.o
    0x080029be   0x080029be   0x00000002   PAD
    0x080029c0   0x080029c0   0x000000b4   Code   RO          978    i.clk_conf          system.o
    0x08002a74   0x08002a74   0x000000e4   Code   RO         1120    i.compute_can_timings  can_bus.o
    0x08002b58   0x08002b58   0x00000070   Code   RO         3078    i.copyBitArray      canard.o
    0x08002bc8   0x08002bc8   0x00000016   Code   RO         3079    i.crcAdd            canard.o
    0x08002bde   0x08002bde   0x00000024   Code   RO         3080    i.crcAddByte        canard.o
    0x08002c02   0x08002c02   0x0000002c   Code   RO         3081    i.crcAddSignature   canard.o
    0x08002c2e   0x08002c2e   0x00000010   Code   RO         3082    i.createBufferBlock  canard.o
    0x08002c3e   0x08002c3e   0x0000002e   Code   RO         3083    i.createRxState     canard.o
    0x08002c6c   0x08002c6c   0x00000018   Code   RO         3084    i.createTxItem      canard.o
    0x08002c84   0x08002c84   0x000000f6   Code   RO         3085    i.descatterTransferPayload  canard.o
    0x08002d7a   0x08002d7a   0x00000002   PAD
    0x08002d7c   0x08002d7c   0x000000ee   Code   RO         3086    i.enqueueTxFrames   canard.o
    0x08002e6a   0x08002e6a   0x00000016   Code   RO         3087    i.extractTransferType  canard.o
    0x08002e80   0x08002e80   0x000000f8   Code   RO          934    i.file_write_to_flash  read_write.o
    0x08002f78   0x08002f78   0x00000010   Code   RO         3088    i.findRxState       canard.o
    0x08002f88   0x08002f88   0x00000036   Code   RO         1191    i.flash_erase_page  flash.o
    0x08002fbe   0x08002fbe   0x0000003a   Code   RO         1193    i.flash_write       flash.o
    0x08002ff8   0x08002ff8   0x0000000e   Code   RO         3089    i.freeBlock         canard.o
    0x08003006   0x08003006   0x00000002   PAD
    0x08003008   0x08003008   0x00000054   Code   RO         1263    i.g_erase_param_flash  param.o
    0x0800305c   0x0800305c   0x00000088   Code   RO         1264    i.g_handle_param_execute  param.o
    0x080030e4   0x080030e4   0x00000128   Code   RO         1265    i.g_handle_param_get_set  param.o
    0x0800320c   0x0800320c   0x000000b0   Code   RO         1266    i.g_load_flash_param  param.o
    0x080032bc   0x080032bc   0x000001d4   Code   RO         1267    i.g_save_param_to_flash  param.o
    0x08003490   0x08003490   0x00000008   Code   RO         1121    i.get_can1_handle   can_bus.o
    0x08003498   0x08003498   0x00000008   Code   RO         1122    i.get_can2_handle   can_bus.o
    0x080034a0   0x080034a0   0x0000000c   Code   RO          242    i.get_can_node_id   info.o
    0x080034ac   0x080034ac   0x00000044   Code   RO          617    i.get_random_float  uavcan_allocatee_id.o
    0x080034f0   0x080034f0   0x000000c8   Code   RO         1194    i.get_sector        flash.o
    0x080035b8   0x080035b8   0x00000018   Code   RO          979    i.get_unique_id     system.o
    0x080035d0   0x080035d0   0x000000c0   Code   RO          618    i.handle_allocation_data_broadcast  uavcan_allocatee_id.o
    0x08003690   0x08003690   0x000000b8   Code   RO          665    i.handle_begin_firmware_update  uavcan_file_read.o
    0x08003748   0x08003748   0x0000007c   Code   RO          666    i.handle_file_read_response  uavcan_file_read.o
    0x080037c4   0x080037c4   0x00000012   Code   RO         3090    i.incrementTransferID  canard.o
    0x080037d6   0x080037d6   0x00000004   Code   RO          344    i.indicator         light.o
    0x080037da   0x080037da   0x00000002   PAD
    0x080037dc   0x080037dc   0x0000003c   Code   RO          345    i.indicator_task    light.o
    0x08003818   0x08003818   0x000000a8   Code   RO         1268    i.init_param        param.o
    0x080038c0   0x080038c0   0x0000000a   Code   RO         3091    i.isBigEndian       canard.o
    0x080038ca   0x080038ca   0x00000002   PAD
    0x080038cc   0x080038cc   0x00000030   Code   RO          980    i.jump_to_app       system.o
    0x080038fc   0x080038fc   0x00000080   Code   RO         1167    i.led_init          led.o
    0x0800397c   0x0800397c   0x0000006c   Code   RO          193    i.main              main.o
    0x080039e8   0x080039e8   0x00000060   Code   RO         1042    i.micros            time.o
    0x08003a48   0x08003a48   0x00000050   Code   RO         1043    i.micros_isr        time.o
    0x08003a98   0x08003a98   0x0000000c   Code   RO         1044    i.millis            time.o
    0x08003aa4   0x08003aa4   0x00000056   Code   RO          379    i.onTransferReceived  uavcan.o
    0x08003afa   0x08003afa   0x00000002   PAD
    0x08003afc   0x08003afc   0x0000001c   Code   RO         3092    i.prepareForNextTransfer  canard.o
    0x08003b18   0x08003b18   0x00000082   Code   RO         3093    i.pushTxQueue       canard.o
    0x08003b9a   0x08003b9a   0x00000002   PAD
    0x08003b9c   0x08003b9c   0x0000002c   Code   RO         3094    i.releaseStatePayload  canard.o
    0x08003bc8   0x08003bc8   0x0000000c   Code   RO          243    i.set_can_baudrate  info.o
    0x08003bd4   0x08003bd4   0x00000010   Code   RO          244    i.set_can_node_id   info.o
    0x08003be4   0x08003be4   0x00000050   Code   RO          667    i.set_flash_state   uavcan_file_read.o
    0x08003c34   0x08003c34   0x000000b8   Code   RO          380    i.shouldAcceptTransfer  uavcan.o
    0x08003cec   0x08003cec   0x0000002c   Code   RO          959    i.sw_crc32_calculate  sw_crc.o
    0x08003d18   0x08003d18   0x0000001a   Code   RO         3095    i.swapByteOrder     canard.o
    0x08003d32   0x08003d32   0x00000002   PAD
    0x08003d34   0x08003d34   0x00000034   Code   RO         1046    i.sys_boot_time     time.o
    0x08003d68   0x08003d68   0x00000030   Code   RO          981    i.sys_init          system.o
    0x08003d98   0x08003d98   0x00000004   Code   RO          982    i.system_reboot     system.o
    0x08003d9c   0x08003d9c   0x00000024   Code   RO         1047    i.time_init         time.o
    0x08003dc0   0x08003dc0   0x00000060   Code   RO          381    i.uavcan_frame_push  uavcan.o
    0x08003e20   0x08003e20   0x0000004c   Code   RO          382    i.uavcan_framne_pop  uavcan.o
    0x08003e6c   0x08003e6c   0x00000054   Code   RO          488    i.uavcan_get_node_info_respond  uavcan_get_node_info.o
    0x08003ec0   0x08003ec0   0x00000008   Code   RO          521    i.uavcan_get_node_status  uavcan_node_status.o
    0x08003ec8   0x08003ec8   0x00000054   Code   RO          586    i.uavcan_handle_node_restart  uavcan_reboot.o
    0x08003f1c   0x08003f1c   0x00000038   Code   RO          383    i.uavcan_handle_rx  uavcan.o
    0x08003f54   0x08003f54   0x0000009c   Code   RO          384    i.uavcan_init       uavcan.o
    0x08003ff0   0x08003ff0   0x00000002   Code   RO         1329    i.uavcan_log        log.o
    0x08003ff2   0x08003ff2   0x00000002   PAD
    0x08003ff4   0x08003ff4   0x0000007c   Code   RO          489    i.uavcan_node_info_init  uavcan_get_node_info.o
    0x08004070   0x08004070   0x0000001c   Code   RO          522    i.uavcan_node_status_init  uavcan_node_status.o
    0x0800408c   0x0800408c   0x0000009a   Code   RO          490    i.uavcan_protocol_GetNodeInfoResponse_encode  uavcan_get_node_info.o
    0x08004126   0x08004126   0x0000007e   Code   RO          491    i.uavcan_protocol_HardwareVersion_encode  uavcan_get_node_info.o
    0x080041a4   0x080041a4   0x0000005c   Code   RO          524    i.uavcan_protocol_NodeStatus_encode  uavcan_node_status.o
    0x08004200   0x08004200   0x00000004   Code   RO          881    i.uavcan_protocol_param_Empty_decode_internal  param_empty.o
    0x08004204   0x08004204   0x00000004   Code   RO          883    i.uavcan_protocol_param_Empty_encode_internal  param_empty.o
    0x08004208   0x08004208   0x0000003a   Code   RO          712    i.uavcan_protocol_param_ExecuteOpcodeRequest_decode  param_executeopcode.o
    0x08004242   0x08004242   0x0000003e   Code   RO          713    i.uavcan_protocol_param_ExecuteOpcodeRequest_decode_internal  param_executeopcode.o
    0x08004280   0x08004280   0x00000010   Code   RO          718    i.uavcan_protocol_param_ExecuteOpcodeResponse_encode  param_executeopcode.o
    0x08004290   0x08004290   0x00000070   Code   RO          719    i.uavcan_protocol_param_ExecuteOpcodeResponse_encode_internal  param_executeopcode.o
    0x08004300   0x08004300   0x0000003a   Code   RO          766    i.uavcan_protocol_param_GetSetRequest_decode  param_getset.o
    0x0800433a   0x0800433a   0x000000b0   Code   RO          767    i.uavcan_protocol_param_GetSetRequest_decode_internal  param_getset.o
    0x080043ea   0x080043ea   0x00000010   Code   RO          772    i.uavcan_protocol_param_GetSetResponse_encode  param_getset.o
    0x080043fa   0x080043fa   0x00000074   Code   RO          773    i.uavcan_protocol_param_GetSetResponse_encode_internal  param_getset.o
    0x0800446e   0x0800446e   0x00000058   Code   RO          823    i.uavcan_protocol_param_NumericValue_encode_internal  param_numericvalue.o
    0x080044c6   0x080044c6   0x00000104   Code   RO          851    i.uavcan_protocol_param_Value_decode_internal  param_value.o
    0x080045ca   0x080045ca   0x000000a6   Code   RO          853    i.uavcan_protocol_param_Value_encode_internal  param_value.o
    0x08004670   0x08004670   0x00000048   Code   RO          587    i.uavcan_reboot_respond  uavcan_reboot.o
    0x080046b8   0x080046b8   0x00000080   Code   RO          525    i.uavcan_send_heartbeat  uavcan_node_status.o
    0x08004738   0x08004738   0x00000036   Code   RO          385    i.uavcan_task       uavcan.o
    0x0800476e   0x0800476e   0x00000002   PAD
    0x08004770   0x08004770   0x000000b8   Code   RO          668    i.upgrade_read_request  uavcan_file_read.o
    0x08004828   0x08004828   0x00000004   Code   RO         1239    i.was_watchdag_reset  watchdog.o
    0x0800482c   0x0800482c   0x00000010   Data   RO         1361    .constdata          system_stm32f4xx.o
    0x0800483c   0x0800483c   0x00000008   Data   RO         1362    .constdata          system_stm32f4xx.o
    0x08004844   0x08004844   0x00000020   Data   RO         3592    Region$$Table       anon$$obj.o


    Execution Region RW_IRAM1 (Exec base: 0x20000000, Load base: 0x08004864, Size: 0x00006080, Max: 0x00020000, ABSOLUTE, COMPRESSED[0x0000041c])

    Exec Addr    Load Addr    Size         Type   Attr      Idx    E Section Name        Object

    0x20000000   COMPRESSED   0x00000008   Data   RW          245    .data               info.o
    0x20000008   COMPRESSED   0x00000008   Data   RW          285    .data               boot.o
    0x20000010   COMPRESSED   0x00000004   Data   RW          346    .data               light.o
    0x20000014   COMPRESSED   0x00000004   PAD
    0x20000018   COMPRESSED   0x00000010   Data   RW          387    .data               uavcan.o
    0x20000028   COMPRESSED   0x0000000c   Data   RW          529    .data               uavcan_node_status.o
    0x20000034   COMPRESSED   0x00000002   Data   RW          620    .data               uavcan_allocatee_id.o
    0x20000036   COMPRESSED   0x00000001   Data   RW          669    .data               uavcan_file_read.o
    0x20000037   COMPRESSED   0x00000001   PAD
    0x20000038   COMPRESSED   0x0000002c   Data   RW          936    .data               read_write.o
    0x20000064   COMPRESSED   0x00000400   Data   RW          960    .data               sw_crc.o
    0x20000464   COMPRESSED   0x00000004   PAD
    0x20000468   COMPRESSED   0x00000018   Data   RW         1049    .data               time.o
    0x20000480   COMPRESSED   0x00000004   Data   RW         1363    .data               system_stm32f4xx.o
    0x20000484   COMPRESSED   0x0000000c   Data   RW         1431    .data               stm32f4xx_hal.o
    0x20000490   COMPRESSED   0x00000004   Data   RW         3279    .data               mc_w.l(rand.o)
    0x20000494        -       0x00000028   Zero   RW          284    .bss                boot.o
    0x200004bc        -       0x00002820   Zero   RW          386    .bss                uavcan.o
    0x20002cdc   COMPRESSED   0x00000004   PAD
    0x20002ce0        -       0x00000048   Zero   RW          492    .bss                uavcan_get_node_info.o
    0x20002d28        -       0x0000000c   Zero   RW          528    .bss                uavcan_node_status.o
    0x20002d34        -       0x0000001c   Zero   RW          619    .bss                uavcan_allocatee_id.o
    0x20002d50        -       0x000000e4   Zero   RW          935    .bss                read_write.o
    0x20002e34        -       0x00000050   Zero   RW         1123    .bss                can_bus.o
    0x20002e84   COMPRESSED   0x00000004   PAD
    0x20002e88        -       0x000001d8   Zero   RW         1269    .bss                param.o
    0x20003060        -       0x00000020   Zero   RW         2519    .bss                stm32f4xx_hal_flash.o
    0x20003080        -       0x00003000   Zero   RW         1394    STACK               startup_stm32f405xx.o


==============================================================================

Image component sizes


      Code (inc. data)   RO Data    RW Data    ZI Data      Debug   Object Name

       310         22          0          8         40       4166   boot.o
       640         40          0          0         80       5009   can_bus.o
      3224         18          0          0          0      36948   canard.o
       312         46          0          0          0       3838   flash.o
        40         18          0          8          0       1951   info.o
       128         10          0          0          0       1059   led.o
        64          8          0          4          0       1125   light.o
         2          0          0          0          0        565   log.o
       108          4          0          0          0       6167   main.o
      1328        300          0          0        472       7093   param.o
         8          0          0          0          0       2000   param_empty.o
       248          4          0          0          0       4440   param_executeopcode.o
       366          0          0          0          0       4628   param_getset.o
        88          0          0          0          0       1465   param_numericvalue.o
       426          0          0          0          0       2912   param_value.o
       248         20          0         44        228       2356   read_write.o
        36          8        392          0      12288        880   startup_stm32f405xx.o
       272         50          0         12          0      13429   stm32f4xx_hal.o
      1640          6          0          0          0      16009   stm32f4xx_hal_can.o
       268         24          0          0          0      36828   stm32f4xx_hal_cortex.o
       520         66          0          0         32       7226   stm32f4xx_hal_flash.o
       356         24          0          0          0       4286   stm32f4xx_hal_flash_ex.o
       464         46          0          0          0       3249   stm32f4xx_hal_gpio.o
        12          4          0          0          0        603   stm32f4xx_hal_pwr.o
        60         10          0          0          0        774   stm32f4xx_hal_pwr_ex.o
      1308         66          0          0          0       5457   stm32f4xx_hal_rcc.o
       308         24          0          0          0        921   stm32f4xx_hal_rcc_ex.o
        20          0          0          0          0       1887   stm32f4xx_hal_rtc_ex.o
        46          0          0          0          0     633632   stm32f4xx_it.o
        44          6          0       1024          0       1421   sw_crc.o
       332         24          0          0          0       9786   system.o
        28          6         24          4          0       1323   system_stm32f4xx.o
       332         46          0         24          0       4472   time.o
      1064        134          0         16      10272      17585   uavcan.o
       492         60          0          2         28       5537   uavcan_allocatee_id.o
       572         62          0          1          0       5251   uavcan_file_read.o
       488         58          0          0         72       4433   uavcan_get_node_info.o
       256         32          0         12         12       3777   uavcan_node_status.o
       156         16          0          0          0       2209   uavcan_reboot.o
         4          0          0          0          0        569   watchdog.o

    ----------------------------------------------------------------------
     16650       1262        448       1168      23532     867266   Object Totals
         0          0         32          0          0          0   (incl. Generated)
        32          0          0          9          8          0   (incl. Padding)

    ----------------------------------------------------------------------

      Code (inc. data)   RO Data    RW Data    ZI Data      Debug   Library Member Name

        58          0          0          0          0          0   __dczerorl.o
         0          0          0          0          0          0   entry.o
         0          0          0          0          0          0   entry10a.o
         0          0          0          0          0          0   entry11a.o
         8          4          0          0          0          0   entry2.o
         4          0          0          0          0          0   entry5.o
         0          0          0          0          0          0   entry7b.o
         0          0          0          0          0          0   entry8b.o
         8          4          0          0          0          0   entry9a.o
        30          0          0          0          0          0   handlers.o
        36          8          0          0          0         68   init.o
        30          0          0          0          0         68   llshl.o
        32          0          0          0          0         68   llushr.o
        26          0          0          0          0         80   memcmp.o
        36          0          0          0          0         68   memcpya.o
        36          0          0          0          0        108   memseta.o
       904          8          0          0          0        420   printf6.o
        36         10          0          4          0        136   rand.o
        14          0          0          0          0         68   strlen.o
        30          0          0          0          0         80   strncmp.o
        44          0          0          0          0         80   uidiv.o
        98          0          0          0          0         92   uldiv.o

    ----------------------------------------------------------------------
      1434         34          0          4          0       1336   Library Totals
         4          0          0          0          0          0   (incl. Padding)

    ----------------------------------------------------------------------

      Code (inc. data)   RO Data    RW Data    ZI Data      Debug   Library Name

      1430         34          0          4          0       1336   mc_w.l

    ----------------------------------------------------------------------
      1434         34          0          4          0       1336   Library Totals

    ----------------------------------------------------------------------

==============================================================================


      Code (inc. data)   RO Data    RW Data    ZI Data      Debug   

     18084       1296        448       1172      23532     849462   Grand Totals
     18084       1296        448       1052      23532     849462   ELF Image Totals (compressed)
     18084       1296        448       1052          0          0   ROM Totals

==============================================================================

    Total RO  Size (Code + RO Data)                18532 (  18.10kB)
    Total RW  Size (RW Data + ZI Data)             24704 (  24.13kB)
    Total ROM Size (Code + RO Data + RW Data)      19584 (  19.13kB)

==============================================================================

