<html>
<body>
<pre>
<h1>礦ision Build Log</h1>
<h2>Tool Versions:</h2>
IDE-Version: μVision V5.28.0.0
Copyright (C) 2019 ARM Ltd and ARM Germany GmbH. All rights reserved.
License Information: 1 liwei, 1, LIC=CRMHL-0VQUV-8WL2D-8YRI1-XWRZY-FK2V7
 
Tool Versions:
Toolchain:       MDK-ARM Professional  Version: 5.28.0.0
Toolchain Path:  C:\Keil_v5\ARM\ARMCC\Bin
C Compiler:      Armcc.exe V5.06 update 6 (build 750)
Assembler:       Armasm.exe V5.06 update 6 (build 750)
Linker/Locator:  ArmLink.exe V5.06 update 6 (build 750)
Library Manager: ArmAr.exe V5.06 update 6 (build 750)
Hex Converter:   FromElf.exe V5.06 update 6 (build 750)
CPU DLL:         SARMCM3.DLL V5.28.0.0
Dialog DLL:      DCM.DLL V1.17.3.0
Target DLL:      Segger\JL2CM3.dll V2.99.36.0
Dialog DLL:      TCM.DLL V1.36.2.0
 
<h2>Project:</h2>
D:\6、RTK_STD\1、天空端RTK，兼容标准化和SK3\1、标准化SK_RTK\MMC_RTK_SKY_STD\bootloader\Project\UAVCAN_BL.uvprojx
Project File Date:  07/30/2020

<h2>Output:</h2>
*** Using Compiler 'V5.06 update 6 (build 750)', folder: 'C:\Keil_v5\ARM\ARMCC\Bin'
Rebuild target 'UAVCAN_BL'
compiling info.c...
compiling uavcan_get_node_info.c...
compiling uavcan_node_status.c...
compiling uavcan_allocatee_id.c...
compiling stm32f4xx_it.c...
compiling boot.c...
..\Source\boot\boot.c(90): warning:  #177-D: function "check_firmware_crc"  was declared but never referenced
  static uint32_t check_firmware_crc(void)
..\Source\boot\boot.c: 1 warning, 0 errors
compiling uavcan.c...
compiling main.c...
compiling uavcan_reboot.c...
compiling light.c...
compiling param_ExecuteOpcode.c...
compiling param_NumericValue.c...
compiling param_GetSet.c...
compiling param_Value.c...
compiling param_Empty.c...
compiling sw_crc.c...
compiling uavcan_file_read.c...
compiling read_write.c...
compiling hw_crc.c...
compiling system.c...
compiling time.c...
compiling can_bus.c...
assembling startup_stm32f405xx.s...
compiling led.c...
compiling flash.c...
compiling watchdog.c...
compiling param.c...
..\Source\drivers\param.c(36): warning:  #188-D: enumerated type mixed with another type
  	scope_value[0].max_value.union_tag = UAVCAN_PROTOCOL_PARAM_VALUE_INTEGER_VALUE;
..\Source\drivers\param.c(37): warning:  #188-D: enumerated type mixed with another type
  	scope_value[0].min_value.union_tag = UAVCAN_PROTOCOL_PARAM_VALUE_INTEGER_VALUE;
..\Source\drivers\param.c(51): warning:  #188-D: enumerated type mixed with another type
  	scope_value[1].max_value.union_tag = UAVCAN_PROTOCOL_PARAM_VALUE_REAL_VALUE;
..\Source\drivers\param.c(52): warning:  #188-D: enumerated type mixed with another type
  	scope_value[1].min_value.union_tag = UAVCAN_PROTOCOL_PARAM_VALUE_REAL_VALUE;
..\Source\drivers\param.c(108): warning:  #188-D: enumerated type mixed with another type
  		param_GetSetResponse.min_value.union_tag =
..\Source\drivers\param.c(110): warning:  #188-D: enumerated type mixed with another type
  		param_GetSetResponse.max_value.union_tag =
..\Source\drivers\param.c: 6 warnings, 0 errors
compiling system_stm32f4xx.c...
compiling stm32f4xx_hal.c...
compiling log.c...
compiling stm32f4xx_hal_gpio.c...
compiling stm32f4xx_hal_rcc.c...
compiling stm32f4xx_hal_rcc_ex.c...
compiling stm32f4xx_hal_dma.c...
compiling stm32f4xx_hal_cortex.c...
compiling stm32f4xx_hal_pwr.c...
compiling stm32f4xx_hal_dma_ex.c...
compiling stm32f4xx_hal_pwr_ex.c...
compiling canard.c...
compiling stm32f4xx_hal_can.c...
compiling stm32f4xx_hal_flash_ex.c...
compiling stm32f4xx_hal_flash_ramfunc.c...
compiling stm32f4xx_hal_flash.c...
compiling stm32f4xx_hal_rtc_ex.c...
compiling stm32f4xx_hal_rtc.c...
linking...
Program Size: Code=18084 RO-data=448 RW-data=1172 ZI-data=23532  
FromELF: creating hex file...
After Build - User command #1: fromelf.exe --bin -o "D:\6、RTK_STD\1、天空端RTK，兼容标准化和SK3\1、标准化SK_RTK\MMC_RTK_SKY_STD\bootloader\Project\Objects\UAVCAN_BL.bin" "D:\6、RTK_STD\1、天空端RTK，兼容标准化和SK3\1、标准化SK_RTK\MMC_RTK_SKY_STD\bootloader\Project\Objects\UAVCAN_BL.axf"
".\Objects\UAVCAN_BL.axf" - 0 Error(s), 7 Warning(s).

<h2>Software Packages used:</h2>

Package Vendor: ARM
                http://www.keil.com/pack/ARM.CMSIS.5.5.1.pack
                ARM.CMSIS.5.5.1
                CMSIS (Cortex Microcontroller Software Interface Standard)
   * Component: CORE Version: 5.2.0

Package Vendor: Keil
                http://www.keil.com/pack/Keil.STM32F4xx_DFP.2.14.0.pack
                Keil.STM32F4xx_DFP.2.14.0
                STMicroelectronics STM32F4 Series Device Support, Drivers and Examples

<h2>Collection of Component include folders:</h2>
  .\RTE\_UAVCAN_BL
  C:\Users\liwei\AppData\Local\Arm\Packs\ARM\CMSIS\5.5.1\CMSIS\Core\Include
  C:\Users\liwei\AppData\Local\Arm\Packs\Keil\STM32F4xx_DFP\2.14.0\Drivers\CMSIS\Device\ST\STM32F4xx\Include

<h2>Collection of Component Files used:</h2>

   * Component: ARM::CMSIS:CORE:5.2.0
Build Time Elapsed:  00:01:51
</pre>
</body>
</html>
